Archive member included to satisfy reference by file (symbol)

c:/program files (x86)/gnu tools arm embedded/5.3 2016q1/bin/../lib/gcc/arm-none-eabi/5.3.1/../../../../arm-none-eabi/lib/armv7e-m/fpu\libc_nano.a(lib_a-exit.o)
                              c:/program files (x86)/gnu tools arm embedded/5.3 2016q1/bin/../lib/gcc/arm-none-eabi/5.3.1/../../../../arm-none-eabi/lib/armv7e-m/fpu/crt0.o (exit)
c:/program files (x86)/gnu tools arm embedded/5.3 2016q1/bin/../lib/gcc/arm-none-eabi/5.3.1/../../../../arm-none-eabi/lib/armv7e-m/fpu\libc_nano.a(lib_a-impure.o)
                              c:/program files (x86)/gnu tools arm embedded/5.3 2016q1/bin/../lib/gcc/arm-none-eabi/5.3.1/../../../../arm-none-eabi/lib/armv7e-m/fpu\libc_nano.a(lib_a-exit.o) (_global_impure_ptr)
c:/program files (x86)/gnu tools arm embedded/5.3 2016q1/bin/../lib/gcc/arm-none-eabi/5.3.1/../../../../arm-none-eabi/lib/armv7e-m/fpu\libc_nano.a(lib_a-init.o)
                              c:/program files (x86)/gnu tools arm embedded/5.3 2016q1/bin/../lib/gcc/arm-none-eabi/5.3.1/../../../../arm-none-eabi/lib/armv7e-m/fpu/crt0.o (__libc_init_array)
c:/program files (x86)/gnu tools arm embedded/5.3 2016q1/bin/../lib/gcc/arm-none-eabi/5.3.1/../../../../arm-none-eabi/lib/armv7e-m/fpu\libc_nano.a(lib_a-memset.o)
                              c:/program files (x86)/gnu tools arm embedded/5.3 2016q1/bin/../lib/gcc/arm-none-eabi/5.3.1/../../../../arm-none-eabi/lib/armv7e-m/fpu/crt0.o (memset)
c:/program files (x86)/gnu tools arm embedded/5.3 2016q1/bin/../lib/gcc/arm-none-eabi/5.3.1/../../../../arm-none-eabi/lib/armv7e-m/fpu\libnosys.a(_exit.o)
                              c:/program files (x86)/gnu tools arm embedded/5.3 2016q1/bin/../lib/gcc/arm-none-eabi/5.3.1/../../../../arm-none-eabi/lib/armv7e-m/fpu\libc_nano.a(lib_a-exit.o) (_exit)
c:/program files (x86)/gnu tools arm embedded/5.3 2016q1/bin/../lib/gcc/arm-none-eabi/5.3.1/../../../../arm-none-eabi/lib/armv7e-m/fpu\libm.a(lib_a-w_pow.o)
                              _build/nrf52832_xxaa_bme280.c.o (pow)
c:/program files (x86)/gnu tools arm embedded/5.3 2016q1/bin/../lib/gcc/arm-none-eabi/5.3.1/../../../../arm-none-eabi/lib/armv7e-m/fpu\libm.a(lib_a-e_pow.o)
                              c:/program files (x86)/gnu tools arm embedded/5.3 2016q1/bin/../lib/gcc/arm-none-eabi/5.3.1/../../../../arm-none-eabi/lib/armv7e-m/fpu\libm.a(lib_a-w_pow.o) (__ieee754_pow)
c:/program files (x86)/gnu tools arm embedded/5.3 2016q1/bin/../lib/gcc/arm-none-eabi/5.3.1/../../../../arm-none-eabi/lib/armv7e-m/fpu\libm.a(lib_a-e_sqrt.o)
                              c:/program files (x86)/gnu tools arm embedded/5.3 2016q1/bin/../lib/gcc/arm-none-eabi/5.3.1/../../../../arm-none-eabi/lib/armv7e-m/fpu\libm.a(lib_a-e_pow.o) (__ieee754_sqrt)
c:/program files (x86)/gnu tools arm embedded/5.3 2016q1/bin/../lib/gcc/arm-none-eabi/5.3.1/../../../../arm-none-eabi/lib/armv7e-m/fpu\libm.a(lib_a-s_fabs.o)
                              c:/program files (x86)/gnu tools arm embedded/5.3 2016q1/bin/../lib/gcc/arm-none-eabi/5.3.1/../../../../arm-none-eabi/lib/armv7e-m/fpu\libm.a(lib_a-e_pow.o) (fabs)
c:/program files (x86)/gnu tools arm embedded/5.3 2016q1/bin/../lib/gcc/arm-none-eabi/5.3.1/../../../../arm-none-eabi/lib/armv7e-m/fpu\libm.a(lib_a-s_finite.o)
                              c:/program files (x86)/gnu tools arm embedded/5.3 2016q1/bin/../lib/gcc/arm-none-eabi/5.3.1/../../../../arm-none-eabi/lib/armv7e-m/fpu\libm.a(lib_a-w_pow.o) (finite)
c:/program files (x86)/gnu tools arm embedded/5.3 2016q1/bin/../lib/gcc/arm-none-eabi/5.3.1/../../../../arm-none-eabi/lib/armv7e-m/fpu\libm.a(lib_a-s_lib_ver.o)
                              c:/program files (x86)/gnu tools arm embedded/5.3 2016q1/bin/../lib/gcc/arm-none-eabi/5.3.1/../../../../arm-none-eabi/lib/armv7e-m/fpu\libm.a(lib_a-w_pow.o) (__fdlib_version)
c:/program files (x86)/gnu tools arm embedded/5.3 2016q1/bin/../lib/gcc/arm-none-eabi/5.3.1/../../../../arm-none-eabi/lib/armv7e-m/fpu\libm.a(lib_a-s_matherr.o)
                              c:/program files (x86)/gnu tools arm embedded/5.3 2016q1/bin/../lib/gcc/arm-none-eabi/5.3.1/../../../../arm-none-eabi/lib/armv7e-m/fpu\libm.a(lib_a-w_pow.o) (matherr)
c:/program files (x86)/gnu tools arm embedded/5.3 2016q1/bin/../lib/gcc/arm-none-eabi/5.3.1/../../../../arm-none-eabi/lib/armv7e-m/fpu\libm.a(lib_a-s_nan.o)
                              c:/program files (x86)/gnu tools arm embedded/5.3 2016q1/bin/../lib/gcc/arm-none-eabi/5.3.1/../../../../arm-none-eabi/lib/armv7e-m/fpu\libm.a(lib_a-e_pow.o) (nan)
c:/program files (x86)/gnu tools arm embedded/5.3 2016q1/bin/../lib/gcc/arm-none-eabi/5.3.1/../../../../arm-none-eabi/lib/armv7e-m/fpu\libm.a(lib_a-s_rint.o)
                              c:/program files (x86)/gnu tools arm embedded/5.3 2016q1/bin/../lib/gcc/arm-none-eabi/5.3.1/../../../../arm-none-eabi/lib/armv7e-m/fpu\libm.a(lib_a-w_pow.o) (rint)
[...]
Memory Configuration

Name             Origin             Length             Attributes
FLASH            0x0001f000         0x00061000         xr
RAM              0x20002128         0x0000ded8         xrw
*default*        0x00000000         0xffffffff

Linker script and memory map


.text           0x0001f000     0x8978
 *(.isr_vector)
 .isr_vector    0x0001f000      0x400 _build/nrf52832_xxaa_gcc_startup_nrf52.S.o
                0x0001f000                __isr_vector
 *(.text*)
 .text          0x0001f400       0x5c c:/program files (x86)/gnu tools arm embedded/5.3 2016q1/bin/../lib/gcc/arm-none-eabi/5.3.1/armv7e-m/fpu/crtbegin.o
 .text          0x0001f45c       0x74 c:/program files (x86)/gnu tools arm embedded/5.3 2016q1/bin/../lib/gcc/arm-none-eabi/5.3.1/../../../../arm-none-eabi/lib/armv7e-m/fpu/crt0.o
                0x0001f45c                _start
                0x0001f45c                _mainCRTStartup
 .text.exit     0x0001f4d0       0x28 c:/program files (x86)/gnu tools arm embedded/5.3 2016q1/bin/../lib/gcc/arm-none-eabi/5.3.1/../../../../arm-none-eabi/lib/armv7e-m/fpu\libc_nano.a(lib_a-exit.o)
                0x0001f4d0                exit
 .text.__libc_init_array
                0x0001f4f8       0x4c c:/program files (x86)/gnu tools arm embedded/5.3 2016q1/bin/../lib/gcc/arm-none-eabi/5.3.1/../../../../arm-none-eabi/lib/armv7e-m/fpu\libc_nano.a(lib_a-init.o)
                0x0001f4f8                __libc_init_array
 .text.memset   0x0001f544       0x10 c:/program files (x86)/gnu tools arm embedded/5.3 2016q1/bin/../lib/gcc/arm-none-eabi/5.3.1/../../../../arm-none-eabi/lib/armv7e-m/fpu\libc_nano.a(lib_a-memset.o)
                0x0001f544                memset
 .text._exit    0x0001f554        0x4 c:/program files (x86)/gnu tools arm embedded/5.3 2016q1/bin/../lib/gcc/arm-none-eabi/5.3.1/../../../../arm-none-eabi/lib/armv7e-m/fpu\libnosys.a(_exit.o)
                0x0001f554                _exit
 .text.nrf_log_backend_serial_std_handler
                0x0001f558      0x194 _build/nrf52832_xxaa_nrf_log_backend_serial.c.o
 .text.nrf_log_backend_serial_hexdump_handler
                0x0001f6ec      0x260 _build/nrf52832_xxaa_nrf_log_backend_serial.c.o
 .text.nrf_log_backend_init
                0x0001f94c       0x28 _build/nrf52832_xxaa_nrf_log_backend_serial.c.o
                0x0001f94c                nrf_log_backend_init
 .text.nrf_log_backend_std_handler_get
                0x0001f974        0x8 _build/nrf52832_xxaa_nrf_log_backend_serial.c.o
                0x0001f974                nrf_log_backend_std_handler_get
 .text.nrf_log_backend_hexdump_handler_get
                0x0001f97c        0x8 _build/nrf52832_xxaa_nrf_log_backend_serial.c.o
                0x0001f97c                nrf_log_backend_hexdump_handler_get
 .text.nrf_log_init
                0x0001f984       0x30 _build/nrf52832_xxaa_nrf_log_frontend.c.o
                0x0001f984                nrf_log_init
 .text.nrf_log_blocking_backend_set
                0x0001f9b4        0x8 _build/nrf52832_xxaa_nrf_log_frontend.c.o
                0x0001f9b4                nrf_log_blocking_backend_set
 .text.nrf_log_frontend_std_0
                0x0001f9bc       0xb0 _build/nrf52832_xxaa_nrf_log_frontend.c.o
                0x0001f9bc                nrf_log_frontend_std_0
 .text.nrf_log_frontend_std_1
                0x0001fa6c       0xbc _build/nrf52832_xxaa_nrf_log_frontend.c.o
                0x0001fa6c                nrf_log_frontend_std_1
 .text.nrf_log_frontend_std_3
                0x0001fb28       0xdc _build/nrf52832_xxaa_nrf_log_frontend.c.o
                0x0001fb28                nrf_log_frontend_std_3
 .text.nrf_log_frontend_dequeue
                0x0001fc04      0x13c _build/nrf52832_xxaa_nrf_log_frontend.c.o
                0x0001fc04                nrf_log_frontend_dequeue
 .text.detection_delay_timeout_handler
                0x0001fd40       0xa8 _build/nrf52832_xxaa_app_button.c.o
 .text.gpiote_event_handler
                0x0001fde8       0x5c _build/nrf52832_xxaa_app_button.c.o
 .text.app_button_init
                0x0001fe44       0xb0 _build/nrf52832_xxaa_app_button.c.o
                0x0001fe44                app_button_init
 .text.app_button_enable
                0x0001fef4       0x2c _build/nrf52832_xxaa_app_button.c.o
                0x0001fef4                app_button_enable
 .text.app_error_handler_bare
                0x0001ff20       0x20 _build/nrf52832_xxaa_app_error.c.o
                0x0001ff20                app_error_handler_bare
 .text.app_error_fault_handler
                0x0001ff40       0x4c _build/nrf52832_xxaa_app_error_weak.c.o
                0x0001ff40                app_error_fault_handler
 .text.app_fifo_init
                0x0001ff8c       0x20 _build/nrf52832_xxaa_app_fifo.c.o
                0x0001ff8c                app_fifo_init
 .text.app_fifo_put
                0x0001ffac       0x30 _build/nrf52832_xxaa_app_fifo.c.o
                0x0001ffac                app_fifo_put
 .text.app_fifo_get
                0x0001ffdc       0x2c _build/nrf52832_xxaa_app_fifo.c.o
                0x0001ffdc                app_fifo_get
 .text.RTC1_IRQHandler
                0x00020008       0xc4 _build/nrf52832_xxaa_app_timer.c.o
                0x00020008                RTC1_IRQHandler
 .text.SWI0_EGU0_IRQHandler
                0x000200cc      0x654 _build/nrf52832_xxaa_app_timer.c.o
                0x000200cc                SWI0_EGU0_IRQHandler
 .text.app_timer_init
                0x00020720      0x1c0 _build/nrf52832_xxaa_app_timer.c.o
                0x00020720                app_timer_init
 .text.app_timer_create
                0x000208e0       0x24 _build/nrf52832_xxaa_app_timer.c.o
                0x000208e0                app_timer_create
 .text.app_timer_start
                0x00020904       0xb0 _build/nrf52832_xxaa_app_timer.c.o
                0x00020904                app_timer_start
 .text.app_timer_stop
                0x000209b4       0x7c _build/nrf52832_xxaa_app_timer.c.o
                0x000209b4                app_timer_stop
 .text.uart_event_handler
                0x00020a30       0xcc _build/nrf52832_xxaa_app_uart_fifo.c.o
 .text.app_uart_init
                0x00020afc       0xe4 _build/nrf52832_xxaa_app_uart_fifo.c.o
                0x00020afc                app_uart_init
 .text.app_uart_get
                0x00020be0       0x40 _build/nrf52832_xxaa_app_uart_fifo.c.o
                0x00020be0                app_uart_get
 .text.app_uart_put
                0x00020c20       0x44 _build/nrf52832_xxaa_app_uart_fifo.c.o
                0x00020c20                app_uart_put
 .text.app_util_critical_region_enter
                0x00020c64       0x50 _build/nrf52832_xxaa_app_util_platform.c.o
                0x00020c64                app_util_critical_region_enter
 .text.app_util_critical_region_exit
                0x00020cb4       0x30 _build/nrf52832_xxaa_app_util_platform.c.o
                0x00020cb4                app_util_critical_region_exit
 .text.fs_queued_op_count_get
                0x00020ce4       0x14 _build/nrf52832_xxaa_fstorage.c.o
                0x00020ce4                fs_queued_op_count_get
 .text.bsp_board_led_state_get
                0x00020cf8       0x20 _build/nrf52832_xxaa_boards.c.o
                0x00020cf8                bsp_board_led_state_get
 .text.bsp_board_led_on
                0x00020d18       0x18 _build/nrf52832_xxaa_boards.c.o
                0x00020d18                bsp_board_led_on
 .text.bsp_board_led_off
                0x00020d30       0x18 _build/nrf52832_xxaa_boards.c.o
                0x00020d30                bsp_board_led_off
 .text.bsp_board_leds_off
                0x00020d48       0x2c _build/nrf52832_xxaa_boards.c.o
                0x00020d48                bsp_board_leds_off
 .text.bsp_board_leds_on
                0x00020d74       0x2c _build/nrf52832_xxaa_boards.c.o
                0x00020d74                bsp_board_leds_on
 .text.bsp_board_led_invert
                0x00020da0       0x28 _build/nrf52832_xxaa_boards.c.o
                0x00020da0                bsp_board_led_invert
 .text.bsp_board_leds_init
                0x00020dc8       0x3c _build/nrf52832_xxaa_boards.c.o
                0x00020dc8                bsp_board_leds_init
 .text.bsp_board_button_state_get
                0x00020e04       0x20 _build/nrf52832_xxaa_boards.c.o
                0x00020e04                bsp_board_button_state_get
 .text.bsp_board_pin_to_button_idx
                0x00020e24       0x24 _build/nrf52832_xxaa_boards.c.o
                0x00020e24                bsp_board_pin_to_button_idx
 .text.bsp_board_button_idx_to_pin
                0x00020e48        0xc _build/nrf52832_xxaa_boards.c.o
                0x00020e48                bsp_board_button_idx_to_pin
 .text.POWER_CLOCK_IRQHandler
                0x00020e54       0x78 _build/nrf52832_xxaa_nrf_drv_clock.c.o
                0x00020e54                POWER_CLOCK_IRQHandler
 .text.nrf_drv_clock_on_soc_event
                0x00020ecc       0x20 _build/nrf52832_xxaa_nrf_drv_clock.c.o
                0x00020ecc                nrf_drv_clock_on_soc_event
 .text.nrf_drv_clock_on_sd_enable
                0x00020eec       0x64 _build/nrf52832_xxaa_nrf_drv_clock.c.o
                0x00020eec                nrf_drv_clock_on_sd_enable
 .text.nrf_drv_common_irq_enable
                0x00020f50       0x50 _build/nrf52832_xxaa_nrf_drv_common.c.o
                0x00020f50                nrf_drv_common_irq_enable
 .text.nrf_drv_gpiote_init
                0x00020fa0       0x84 _build/nrf52832_xxaa_nrf_drv_gpiote.c.o
                0x00020fa0                nrf_drv_gpiote_init
 .text.nrf_drv_gpiote_is_init
                0x00021024       0x14 _build/nrf52832_xxaa_nrf_drv_gpiote.c.o
                0x00021024                nrf_drv_gpiote_is_init
 .text.nrf_drv_gpiote_in_init
                0x00021038      0x190 _build/nrf52832_xxaa_nrf_drv_gpiote.c.o
                0x00021038                nrf_drv_gpiote_in_init
 .text.nrf_drv_gpiote_in_event_enable
                0x000211c8       0xc4 _build/nrf52832_xxaa_nrf_drv_gpiote.c.o
                0x000211c8                nrf_drv_gpiote_in_event_enable
 .text.nrf_drv_gpiote_in_is_set
                0x0002128c       0x14 _build/nrf52832_xxaa_nrf_drv_gpiote.c.o
                0x0002128c                nrf_drv_gpiote_in_is_set
 .text.GPIOTE_IRQHandler
                0x000212a0      0x4f4 _build/nrf52832_xxaa_nrf_drv_gpiote.c.o
                0x000212a0                GPIOTE_IRQHandler
 .text.twi_rx_start_transfer
                0x00021794      0x1c0 _build/nrf52832_xxaa_nrf_drv_twi.c.o
 .text.twi_tx_start_transfer
                0x00021954      0x200 _build/nrf52832_xxaa_nrf_drv_twi.c.o
 .text.nrf_drv_twi_init
                0x00021b54      0x348 _build/nrf52832_xxaa_nrf_drv_twi.c.o
                0x00021b54                nrf_drv_twi_init
 .text.nrf_drv_twi_enable
                0x00021e9c       0x20 _build/nrf52832_xxaa_nrf_drv_twi.c.o
                0x00021e9c                nrf_drv_twi_enable
 .text.nrf_drv_twi_tx
                0x00021ebc       0xa8 _build/nrf52832_xxaa_nrf_drv_twi.c.o
                0x00021ebc                nrf_drv_twi_tx
 .text.nrf_drv_twi_rx
                0x00021f64       0x9c _build/nrf52832_xxaa_nrf_drv_twi.c.o
                0x00021f64                nrf_drv_twi_rx
 .text.SPIM0_SPIS0_TWIM0_TWIS0_SPI0_TWI0_IRQHandler
                0x00022000      0x1d4 _build/nrf52832_xxaa_nrf_drv_twi.c.o
                0x00022000                SPIM0_SPIS0_TWIM0_TWIS0_SPI0_TWI0_IRQHandler
 .text.SPIM1_SPIS1_TWIM1_TWIS1_SPI1_TWI1_IRQHandler
                0x000221d4      0x288 _build/nrf52832_xxaa_nrf_drv_twis.c.o
                0x000221d4                SPIM1_SPIS1_TWIM1_TWIS1_SPI1_TWI1_IRQHandler
 .text.nrf_drv_uart_init
                0x0002245c      0x1dc _build/nrf52832_xxaa_nrf_drv_uart.c.o
                0x0002245c                nrf_drv_uart_init
 .text.nrf_drv_uart_tx
                0x00022638      0x158 _build/nrf52832_xxaa_nrf_drv_uart.c.o
                0x00022638                nrf_drv_uart_tx
 .text.nrf_drv_uart_tx_in_progress
                0x00022790       0x18 _build/nrf52832_xxaa_nrf_drv_uart.c.o
                0x00022790                nrf_drv_uart_tx_in_progress
 .text.nrf_drv_uart_rx
                0x000227a8      0x23c _build/nrf52832_xxaa_nrf_drv_uart.c.o
                0x000227a8                nrf_drv_uart_rx
 .text.nrf_drv_uart_rx_enable
                0x000229e4       0x4c _build/nrf52832_xxaa_nrf_drv_uart.c.o
                0x000229e4                nrf_drv_uart_rx_enable
 .text.UARTE0_UART0_IRQHandler
                0x00022a30      0x2fc _build/nrf52832_xxaa_nrf_drv_uart.c.o
                0x00022a30                UARTE0_UART0_IRQHandler
 .text.alert_timer_handler
                0x00022d2c        0x8 _build/nrf52832_xxaa_bsp.c.o
 .text.bsp_button_event_handler
                0x00022d34       0xb0 _build/nrf52832_xxaa_bsp.c.o
 .text.leds_timer_handler
                0x00022de4      0x21c _build/nrf52832_xxaa_bsp.c.o
 .text.button_timer_handler
                0x00023000       0x30 _build/nrf52832_xxaa_bsp.c.o
 .text.bsp_button_is_pressed
                0x00023030        0x4 _build/nrf52832_xxaa_bsp.c.o
                0x00023030                bsp_button_is_pressed
 .text.bsp_indication_set
                0x00023034      0x278 _build/nrf52832_xxaa_bsp.c.o
                0x00023034                bsp_indication_set
 .text.bsp_init
                0x000232ac       0xb4 _build/nrf52832_xxaa_bsp.c.o
                0x000232ac                bsp_init
 .text.bsp_event_to_button_action_assign
                0x00023360       0x50 _build/nrf52832_xxaa_bsp.c.o
                0x00023360                bsp_event_to_button_action_assign
 .text.bsp_wakeup_button_enable
                0x000233b0       0x28 _build/nrf52832_xxaa_bsp.c.o
                0x000233b0                bsp_wakeup_button_enable
 .text.bsp_btn_ble_sleep_mode_prepare
                0x000233d8       0x24 _build/nrf52832_xxaa_bsp_btn_ble.c.o
                0x000233d8                bsp_btn_ble_sleep_mode_prepare
 .text.bsp_btn_ble_on_ble_evt
                0x000233fc       0xb0 _build/nrf52832_xxaa_bsp_btn_ble.c.o
                0x000233fc                bsp_btn_ble_on_ble_evt
 .text.bsp_btn_ble_init
                0x000234ac       0x70 _build/nrf52832_xxaa_bsp_btn_ble.c.o
                0x000234ac                bsp_btn_ble_init
 .text.sd_power_system_off
                0x0002351c        0x4 _build/nrf52832_xxaa_main.c.o
 .text.sd_app_evt_wait
                0x00023520        0x4 _build/nrf52832_xxaa_main.c.o
 .text.sd_ble_gap_disconnect
                0x00023524        0x4 _build/nrf52832_xxaa_main.c.o
 .text.sd_ble_gap_ppcp_set
                0x00023528        0x4 _build/nrf52832_xxaa_main.c.o
 .text.sd_ble_gap_device_name_set
                0x0002352c        0x4 _build/nrf52832_xxaa_main.c.o
 .text.sd_ble_gap_sec_params_reply
                0x00023530        0x4 _build/nrf52832_xxaa_main.c.o
 .text.sd_ble_gatts_rw_authorize_reply
                0x00023534        0x4 _build/nrf52832_xxaa_main.c.o
 .text.sd_ble_gatts_sys_attr_set
                0x00023538        0x4 _build/nrf52832_xxaa_main.c.o
 .text.sd_ble_gatts_exchange_mtu_reply
                0x0002353c        0x4 _build/nrf52832_xxaa_main.c.o
 .text.sd_ble_user_mem_reply
                0x00023540        0x4 _build/nrf52832_xxaa_main.c.o
 .text.conn_params_error_handler
                0x00023544        0x4 _build/nrf52832_xxaa_main.c.o
 .text.ble_evt_dispatch
                0x00023548      0x13c _build/nrf52832_xxaa_main.c.o
 .text.nus_data_handler
                0x00023684      0x160 _build/nrf52832_xxaa_main.c.o
 .text.on_conn_params_evt
                0x000237e4       0x24 _build/nrf52832_xxaa_main.c.o
 .text.bsp_event_handler
                0x00023808       0x68 _build/nrf52832_xxaa_main.c.o
                0x00023808                bsp_event_handler
 .text.uart_event_handle
                0x00023870       0x64 _build/nrf52832_xxaa_main.c.o
                0x00023870                uart_event_handle
 .text.on_adv_evt
                0x000238d4       0x3c _build/nrf52832_xxaa_main.c.o
 .text.run_si1153_local_ble
                0x00023910      0x18c _build/nrf52832_xxaa_main.c.o
                0x00023910                run_si1153_local_ble
 .text.sensor_loop_handler
                0x00023a9c       0x30 _build/nrf52832_xxaa_main.c.o
 .text.si1153_test
                0x00023acc      0x178 _build/nrf52832_xxaa_main.c.o
                0x00023acc                si1153_test
 .text.startup.main
                0x00023c44      0x2b8 _build/nrf52832_xxaa_main.c.o
                0x00023c44                main
 .text.SEGGER_RTT_WriteNoLock
                0x00023efc      0x17c _build/nrf52832_xxaa_SEGGER_RTT.c.o
                0x00023efc                SEGGER_RTT_WriteNoLock
 .text.SEGGER_RTT_Init
                0x00024078       0x60 _build/nrf52832_xxaa_SEGGER_RTT.c.o
                0x00024078                SEGGER_RTT_Init
 .text.sd_ble_gap_addr_get
                0x000240d8        0x4 _build/nrf52832_xxaa_ble_advdata.c.o
 .text.sd_ble_gap_adv_data_set
                0x000240dc        0x4 _build/nrf52832_xxaa_ble_advdata.c.o
 .text.sd_ble_gap_appearance_get
                0x000240e0        0x4 _build/nrf52832_xxaa_ble_advdata.c.o
 .text.sd_ble_gap_device_name_get
                0x000240e4        0x4 _build/nrf52832_xxaa_ble_advdata.c.o
 .text.sd_ble_uuid_encode
                0x000240e8        0x4 _build/nrf52832_xxaa_ble_advdata.c.o
 .text.uuid_list_sized_encode
                0x000240ec       0xb8 _build/nrf52832_xxaa_ble_advdata.c.o
 .text.adv_data_encode
                0x000241a4      0x3f8 _build/nrf52832_xxaa_ble_advdata.c.o
                0x000241a4                adv_data_encode
 .text.ble_advdata_set
                0x0002459c      0x4dc _build/nrf52832_xxaa_ble_advdata.c.o
                0x0002459c                ble_advdata_set
 .text.sd_ble_gap_adv_start
                0x00024a78        0x4 _build/nrf52832_xxaa_ble_advertising.c.o
 .text.sd_ble_gap_adv_stop
                0x00024a7c        0x4 _build/nrf52832_xxaa_ble_advertising.c.o
 .text.ble_advertising_start.part.1
                0x00024a80      0x23c _build/nrf52832_xxaa_ble_advertising.c.o
 .text.ble_advertising_init
                0x00024cbc      0x178 _build/nrf52832_xxaa_ble_advertising.c.o
                0x00024cbc                ble_advertising_init
 .text.ble_advertising_start
                0x00024e34       0x40 _build/nrf52832_xxaa_ble_advertising.c.o
                0x00024e34                ble_advertising_start
 .text.ble_advertising_on_ble_evt
                0x00024e74       0xc0 _build/nrf52832_xxaa_ble_advertising.c.o
                0x00024e74                ble_advertising_on_ble_evt
 .text.ble_advertising_restart_without_whitelist
                0x00024f34       0x80 _build/nrf52832_xxaa_ble_advertising.c.o
                0x00024f34                ble_advertising_restart_without_whitelist
 .text.sd_ble_gap_conn_param_update
                0x00024fb4        0x4 _build/nrf52832_xxaa_ble_conn_params.c.o
 .text.sd_ble_gap_disconnect
                0x00024fb8        0x4 _build/nrf52832_xxaa_ble_conn_params.c.o
 .text.sd_ble_gap_ppcp_set
                0x00024fbc        0x4 _build/nrf52832_xxaa_ble_conn_params.c.o
 .text.sd_ble_gap_ppcp_get
                0x00024fc0        0x4 _build/nrf52832_xxaa_ble_conn_params.c.o
 .text.update_timeout_handler
                0x00024fc4       0x74 _build/nrf52832_xxaa_ble_conn_params.c.o
 .text.conn_params_negotiation
                0x00025038       0x94 _build/nrf52832_xxaa_ble_conn_params.c.o
 .text.ble_conn_params_init
                0x000250cc       0x74 _build/nrf52832_xxaa_ble_conn_params.c.o
                0x000250cc                ble_conn_params_init
 .text.ble_conn_params_on_ble_evt
                0x00025140       0xb8 _build/nrf52832_xxaa_ble_conn_params.c.o
                0x00025140                ble_conn_params_on_ble_evt
 .text.ble_srv_is_notification_enabled
                0x000251f8        0x8 _build/nrf52832_xxaa_ble_srv_common.c.o
                0x000251f8                ble_srv_is_notification_enabled
 .text          0x00025200       0x3c _build/nrf52832_xxaa_gcc_startup_nrf52.S.o
                0x00025200                Reset_Handler
                0x00025228                NMI_Handler
                0x0002522a                HardFault_Handler
                0x0002522c                MemoryManagement_Handler
                0x0002522e                BusFault_Handler
                0x00025230                UsageFault_Handler
                0x00025232                SVC_Handler
                0x00025234                DebugMon_Handler
                0x00025236                PendSV_Handler
                0x00025238                SysTick_Handler
                0x0002523a                TEMP_IRQHandler
                0x0002523a                QDEC_IRQHandler
                0x0002523a                TIMER3_IRQHandler
                0x0002523a                FPU_IRQHandler
                0x0002523a                PDM_IRQHandler
                0x0002523a                TIMER4_IRQHandler
                0x0002523a                I2S_IRQHandler
                0x0002523a                SWI4_EGU4_IRQHandler
                0x0002523a                TIMER0_IRQHandler
                0x0002523a                RADIO_IRQHandler
                0x0002523a                RTC0_IRQHandler
                0x0002523a                PWM2_IRQHandler
                0x0002523a                ECB_IRQHandler
                0x0002523a                Default_Handler
                0x0002523a                SAADC_IRQHandler
                0x0002523a                CCM_AAR_IRQHandler
                0x0002523a                WDT_IRQHandler
                0x0002523a                PWM1_IRQHandler
                0x0002523a                SWI5_EGU5_IRQHandler
                0x0002523a                RNG_IRQHandler
                0x0002523a                RTC2_IRQHandler
                0x0002523a                PWM0_IRQHandler
                0x0002523a                SWI3_EGU3_IRQHandler
                0x0002523a                SWI1_EGU1_IRQHandler
                0x0002523a                SPIM2_SPIS2_SPI2_IRQHandler
                0x0002523a                NFCT_IRQHandler
                0x0002523a                TIMER1_IRQHandler
                0x0002523a                MWU_IRQHandler
                0x0002523a                TIMER2_IRQHandler
                0x0002523a                COMP_LPCOMP_IRQHandler
 .text.SystemInit
                0x0002523c      0x2f0 _build/nrf52832_xxaa_system_nrf52.c.o
                0x0002523c                SystemInit
 .text.sd_ble_gatts_service_add
                0x0002552c        0x4 _build/nrf52832_xxaa_ble_nus.c.o
 .text.sd_ble_gatts_characteristic_add
                0x00025530        0x4 _build/nrf52832_xxaa_ble_nus.c.o
 .text.sd_ble_gatts_hvx
                0x00025534        0x4 _build/nrf52832_xxaa_ble_nus.c.o
 .text.sd_ble_uuid_vs_add
                0x00025538        0x4 _build/nrf52832_xxaa_ble_nus.c.o
 .text.ble_nus_on_ble_evt
                0x0002553c       0x58 _build/nrf52832_xxaa_ble_nus.c.o
                0x0002553c                ble_nus_on_ble_evt
 .text.ble_nus_init
                0x00025594      0x1f0 _build/nrf52832_xxaa_ble_nus.c.o
                0x00025594                ble_nus_init
 .text.ble_nus_string_send
                0x00025784       0x60 _build/nrf52832_xxaa_ble_nus.c.o
                0x00025784                ble_nus_string_send
 .text.sd_evt_get
                0x000257e4        0x4 _build/nrf52832_xxaa_softdevice_handler.c.o
 .text.sd_softdevice_enable
                0x000257e8        0x4 _build/nrf52832_xxaa_softdevice_handler.c.o
 .text.sd_ble_enable
                0x000257ec        0x4 _build/nrf52832_xxaa_softdevice_handler.c.o
 .text.sd_ble_evt_get
                0x000257f0        0x4 _build/nrf52832_xxaa_softdevice_handler.c.o
 .text.softdevice_fault_handler
                0x000257f4        0x4 _build/nrf52832_xxaa_softdevice_handler.c.o
                0x000257f4                softdevice_fault_handler
 .text.intern_softdevice_events_execute.part.2
                0x000257f8       0xc0 _build/nrf52832_xxaa_softdevice_handler.c.o
 .text.softdevice_handler_is_enabled
                0x000258b8        0xc _build/nrf52832_xxaa_softdevice_handler.c.o
                0x000258b8                softdevice_handler_is_enabled
 .text.softdevice_handler_init
                0x000258c4       0x94 _build/nrf52832_xxaa_softdevice_handler.c.o
                0x000258c4                softdevice_handler_init
 .text.softdevice_ble_evt_handler_set
                0x00025958       0x14 _build/nrf52832_xxaa_softdevice_handler.c.o
                0x00025958                softdevice_ble_evt_handler_set
 .text.SWI2_EGU2_IRQHandler
                0x0002596c       0x30 _build/nrf52832_xxaa_softdevice_handler.c.o
                0x0002596c                SWI2_EGU2_IRQHandler
 .text.softdevice_enable_get_default_config
                0x0002599c       0x30 _build/nrf52832_xxaa_softdevice_handler.c.o
                0x0002599c                softdevice_enable_get_default_config
 .text.softdevice_enable
                0x000259cc       0x70 _build/nrf52832_xxaa_softdevice_handler.c.o
                0x000259cc                softdevice_enable
 .text.write_byte
                0x00025a3c       0x3c _build/nrf52832_xxaa_i2c_driver.c.o
                0x00025a3c                write_byte
 .text.write_2bytes
                0x00025a78       0x44 _build/nrf52832_xxaa_i2c_driver.c.o
                0x00025a78                write_2bytes
 .text.read_byte
                0x00025abc       0x64 _build/nrf52832_xxaa_i2c_driver.c.o
                0x00025abc                read_byte
 .text.Lis3mdl_begin
                0x00025b20       0xe0 _build/nrf52832_xxaa_lis3mdl.c.o
                0x00025b20                Lis3mdl_begin
 .text.lis3mdl_init
                0x00025c00       0x24 _build/nrf52832_xxaa_lis3mdl.c.o
                0x00025c00                lis3mdl_init
 .text.lis3mdl_powerdown
                0x00025c24       0x30 _build/nrf52832_xxaa_lis3mdl.c.o
                0x00025c24                lis3mdl_powerdown
 .text.Lis2de_begin
                0x00025c54      0x1c0 _build/nrf52832_xxaa_lis2de.c.o
                0x00025c54                Lis2de_begin
 .text.lis2de_init
                0x00025e14       0xac _build/nrf52832_xxaa_lis2de.c.o
                0x00025e14                lis2de_init
 .text.lis2de_powerdown
                0x00025ec0       0x3c _build/nrf52832_xxaa_lis2de.c.o
                0x00025ec0                lis2de_powerdown
 .text.param_set
                0x00025efc       0x3c _build/nrf52832_xxaa_si1153.c.o
                0x00025efc                param_set
 .text.send_command
                0x00025f38       0x38 _build/nrf52832_xxaa_si1153.c.o
                0x00025f38                send_command
 .text.si1153_get_channel_data
                0x00025f70       0x7c _build/nrf52832_xxaa_si1153.c.o
                0x00025f70                si1153_get_channel_data
 .text.si1153_init
                0x00025fec      0x324 _build/nrf52832_xxaa_si1153.c.o
                0x00025fec                si1153_init
 .text.veml6075_powerdown
                0x00026310       0x20 _build/nrf52832_xxaa_veml6075.c.o
                0x00026310                veml6075_powerdown
 .text.veml6075_init
                0x00026330       0xa8 _build/nrf52832_xxaa_veml6075.c.o
                0x00026330                veml6075_init
 .text.bme280_begin
                0x000263d8      0x2a8 _build/nrf52832_xxaa_bme280.c.o
                0x000263d8                bme280_begin
 .text.bme280_powerdown
                0x00026680       0x20 _build/nrf52832_xxaa_bme280.c.o
                0x00026680                bme280_powerdown
 .text.bme280_init
                0x000266a0       0x40 _build/nrf52832_xxaa_bme280.c.o
                0x000266a0                bme280_init
 .text.send_ble_data
                0x000266e0       0x20 _build/nrf52832_xxaa_ble_driver.c.o
                0x000266e0                send_ble_data
 .text.apds9250_init
                0x00026700       0xdc _build/nrf52832_xxaa_apds9250.c.o
                0x00026700                apds9250_init
 .text.apds9250_powerdown
                0x000267dc       0x20 _build/nrf52832_xxaa_apds9250.c.o
                0x000267dc                apds9250_powerdown
 .text.p1234701ct_init
                0x000267fc       0x30 _build/nrf52832_xxaa_p1234701ct.c.o
                0x000267fc                p1234701ct_init
 .text.p1234701ct_powerdown
                0x0002682c       0x20 _build/nrf52832_xxaa_p1234701ct.c.o
                0x0002682c                p1234701ct_powerdown
 .text.memcpy   0x0002684c       0x16 c:/program files (x86)/gnu tools arm embedded/5.3 2016q1/bin/../lib/gcc/arm-none-eabi/5.3.1/../../../../arm-none-eabi/lib/armv7e-m/fpu\libc_nano.a(lib_a-memcpy-stub.o)
                0x0002684c                memcpy
 *fill*         0x00026862        0x2 
 .text.snprintf
                0x00026864       0x64 c:/program files (x86)/gnu tools arm embedded/5.3 2016q1/bin/../lib/gcc/arm-none-eabi/5.3.1/../../../../arm-none-eabi/lib/armv7e-m/fpu\libc_nano.a(lib_a-snprintf.o)
                0x00026864                sniprintf
                0x00026864                snprintf
 .text.sprintf  0x000268c8       0x48 c:/program files (x86)/gnu tools arm embedded/5.3 2016q1/bin/../lib/gcc/arm-none-eabi/5.3.1/../../../../arm-none-eabi/lib/armv7e-m/fpu\libc_nano.a(lib_a-sprintf.o)
                0x000268c8                siprintf
                0x000268c8                sprintf
 .text.strcpy   0x00026910       0x10 c:/program files (x86)/gnu tools arm embedded/5.3 2016q1/bin/../lib/gcc/arm-none-eabi/5.3.1/../../../../arm-none-eabi/lib/armv7e-m/fpu\libc_nano.a(lib_a-strcpy.o)
                0x00026910                strcpy
 .text          0x00026920       0x10 c:/program files (x86)/gnu tools arm embedded/5.3 2016q1/bin/../lib/gcc/arm-none-eabi/5.3.1/../../../../arm-none-eabi/lib/armv7e-m/fpu\libc_nano.a(lib_a-strlen.o)
                0x00026920                strlen
 .text._malloc_r
                0x00026930       0xa8 c:/program files (x86)/gnu tools arm embedded/5.3 2016q1/bin/../lib/gcc/arm-none-eabi/5.3.1/../../../../arm-none-eabi/lib/armv7e-m/fpu\libc_nano.a(lib_a-nano-mallocr.o)
                0x00026930                _malloc_r
 .text.__ssputs_r
                0x000269d8       0xb2 c:/program files (x86)/gnu tools arm embedded/5.3 2016q1/bin/../lib/gcc/arm-none-eabi/5.3.1/../../../../arm-none-eabi/lib/armv7e-m/fpu\libc_nano.a(lib_a-nano-svfprintf.o)
                0x000269d8                __ssputs_r
 *fill*         0x00026a8a        0x2 
 .text._svfprintf_r
                0x00026a8c      0x1e8 c:/program files (x86)/gnu tools arm embedded/5.3 2016q1/bin/../lib/gcc/arm-none-eabi/5.3.1/../../../../arm-none-eabi/lib/armv7e-m/fpu\libc_nano.a(lib_a-nano-svfprintf.o)
                0x00026a8c                _svfiprintf_r
                0x00026a8c                _svfprintf_r
 .text._printf_common
                0x00026c74       0xec c:/program files (x86)/gnu tools arm embedded/5.3 2016q1/bin/../lib/gcc/arm-none-eabi/5.3.1/../../../../arm-none-eabi/lib/armv7e-m/fpu\libc_nano.a(lib_a-nano-vfprintf_i.o)
                0x00026c74                _printf_common
 .text._printf_i
                0x00026d60      0x24c c:/program files (x86)/gnu tools arm embedded/5.3 2016q1/bin/../lib/gcc/arm-none-eabi/5.3.1/../../../../arm-none-eabi/lib/armv7e-m/fpu\libc_nano.a(lib_a-nano-vfprintf_i.o)
                0x00026d60                _printf_i
 .text._sbrk_r  0x00026fac       0x20 c:/program files (x86)/gnu tools arm embedded/5.3 2016q1/bin/../lib/gcc/arm-none-eabi/5.3.1/../../../../arm-none-eabi/lib/armv7e-m/fpu\libc_nano.a(lib_a-sbrkr.o)
                0x00026fac                _sbrk_r
 *fill*         0x00026fcc        0x4 
 .text          0x00026fd0       0xa0 c:/program files (x86)/gnu tools arm embedded/5.3 2016q1/bin/../lib/gcc/arm-none-eabi/5.3.1/../../../../arm-none-eabi/lib/armv7e-m/fpu\libc_nano.a(lib_a-memchr.o)
                0x00026fd0                memchr
 .text.memmove  0x00027070       0x36 c:/program files (x86)/gnu tools arm embedded/5.3 2016q1/bin/../lib/gcc/arm-none-eabi/5.3.1/../../../../arm-none-eabi/lib/armv7e-m/fpu\libc_nano.a(lib_a-memmove.o)
                0x00027070                memmove
 *fill*         0x000270a6        0x2 
 .text._free_r  0x000270a8       0x8c c:/program files (x86)/gnu tools arm embedded/5.3 2016q1/bin/../lib/gcc/arm-none-eabi/5.3.1/../../../../arm-none-eabi/lib/armv7e-m/fpu\libc_nano.a(lib_a-nano-freer.o)
                0x000270a8                _free_r
 .text._realloc_r
                0x00027134       0x4c c:/program files (x86)/gnu tools arm embedded/5.3 2016q1/bin/../lib/gcc/arm-none-eabi/5.3.1/../../../../arm-none-eabi/lib/armv7e-m/fpu\libc_nano.a(lib_a-nano-reallocr.o)
                0x00027134                _realloc_r
 .text._malloc_usable_size_r
                0x00027180       0x14 c:/program files (x86)/gnu tools arm embedded/5.3 2016q1/bin/../lib/gcc/arm-none-eabi/5.3.1/../../../../arm-none-eabi/lib/armv7e-m/fpu\libc_nano.a(lib_a-nano-msizer.o)
                0x00027180                _malloc_usable_size_r
 .text._sbrk    0x00027194       0x1c c:/program files (x86)/gnu tools arm embedded/5.3 2016q1/bin/../lib/gcc/arm-none-eabi/5.3.1/../../../../arm-none-eabi/lib/armv7e-m/fpu\libnosys.a(sbrk.o)
                0x00027194                _sbrk
 *(.init)
 .init          0x000271b0        0x4 c:/program files (x86)/gnu tools arm embedded/5.3 2016q1/bin/../lib/gcc/arm-none-eabi/5.3.1/armv7e-m/fpu/crti.o
                0x000271b0                _init
 .init          0x000271b4        0x8 c:/program files (x86)/gnu tools arm embedded/5.3 2016q1/bin/../lib/gcc/arm-none-eabi/5.3.1/armv7e-m/fpu/crtn.o
 *(.fini)
 .fini          0x000271bc        0x4 c:/program files (x86)/gnu tools arm embedded/5.3 2016q1/bin/../lib/gcc/arm-none-eabi/5.3.1/armv7e-m/fpu/crti.o
                0x000271bc                _fini
 .fini          0x000271c0        0x8 c:/program files (x86)/gnu tools arm embedded/5.3 2016q1/bin/../lib/gcc/arm-none-eabi/5.3.1/armv7e-m/fpu/crtn.o
 *crtbegin.o(.ctors)
 *crtbegin?.o(.ctors)
 *(EXCLUDE_FILE(*crtend.o *crtend?.o) .ctors)
 *(SORT(.ctors.*))
 *(.ctors)
 *crtbegin.o(.dtors)
 *crtbegin?.o(.dtors)
 *(EXCLUDE_FILE(*crtend.o *crtend?.o) .dtors)
 *(SORT(.dtors.*))
 *(.dtors)
 *(.rodata*)
 .rodata.str1.1
                0x000271c8        0x2 c:/program files (x86)/gnu tools arm embedded/5.3 2016q1/bin/../lib/gcc/arm-none-eabi/5.3.1/../../../../arm-none-eabi/lib/armv7e-m/fpu\libc_nano.a(lib_a-impure.o)
 *fill*         0x000271ca        0x2 
 .rodata._global_impure_ptr
                0x000271cc        0x4 c:/program files (x86)/gnu tools arm embedded/5.3 2016q1/bin/../lib/gcc/arm-none-eabi/5.3.1/../../../../arm-none-eabi/lib/armv7e-m/fpu\libc_nano.a(lib_a-impure.o)
                0x000271cc                _global_impure_ptr
 .rodata.str1.4
                0x000271d0        0x7 _build/nrf52832_xxaa_nrf_log_backend_serial.c.o
 *fill*         0x000271d7        0x1 
 .rodata.str1.4
                0x000271d8        0xb _build/nrf52832_xxaa_nrf_log_frontend.c.o
 *fill*         0x000271e3        0x1 
 .rodata.m_detection_delay_timer_id
                0x000271e4        0x4 _build/nrf52832_xxaa_app_button.c.o
 .rodata.str1.4
                0x000271e8       0x18 _build/nrf52832_xxaa_app_error_weak.c.o
 .rodata        0x00027200       0x20 _build/nrf52832_xxaa_app_uart_fifo.c.o
 .rodata.m_board_btn_list
                0x00027220        0x4 _build/nrf52832_xxaa_boards.c.o
 .rodata.m_board_led_list
                0x00027224        0x4 _build/nrf52832_xxaa_boards.c.o
 .rodata.m_button_timer_id
                0x00027228        0x4 _build/nrf52832_xxaa_bsp.c.o
 .rodata.m_leds_timer_id
                0x0002722c        0x4 _build/nrf52832_xxaa_bsp.c.o
 .rodata.app_buttons
                0x00027230       0x20 _build/nrf52832_xxaa_bsp.c.o
 .rodata.m_alert_timer_id
                0x00027250        0x4 _build/nrf52832_xxaa_bsp.c.o
 .rodata        0x00027254       0x1c _build/nrf52832_xxaa_main.c.o
 .rodata.m_twi_master
                0x00027270        0x8 _build/nrf52832_xxaa_main.c.o
 .rodata.sensor_loop_timer_id
                0x00027278        0x4 _build/nrf52832_xxaa_main.c.o
 .rodata.str1.4
                0x0002727c       0xe9 _build/nrf52832_xxaa_main.c.o
 *fill*         0x00027365        0x3 
 .rodata.str1.4
                0x00027368       0x17 _build/nrf52832_xxaa_SEGGER_RTT.c.o
 *fill*         0x0002737f        0x1 
 .rodata.m_conn_params_timer_id
                0x00027380        0x4 _build/nrf52832_xxaa_ble_conn_params.c.o
 .rodata        0x00027384       0x10 _build/nrf52832_xxaa_ble_nus.c.o
 .rodata.str1.4
                0x00027394      0x112 _build/nrf52832_xxaa_softdevice_handler.c.o
 *fill*         0x000274a6        0x2 
 .rodata.str1.4
                0x000274a8      0x116 _build/nrf52832_xxaa_i2c_driver.c.o
 *fill*         0x000275be        0x2 
 .rodata.str1.4
                0x000275c0      0x142 _build/nrf52832_xxaa_lis2de.c.o
                                0x146 (size before relaxing)
 *fill*         0x00027702        0x2 
 .rodata.str1.4
                0x00027704       0xc4 _build/nrf52832_xxaa_veml6075.c.o
                                0x139 (size before relaxing)
 .rodata.CSWTCH.39
                0x000277c8        0x5 _build/nrf52832_xxaa_apds9250.c.o
 *fill*         0x000277cd        0x3 
 .rodata.CSWTCH.26
                0x000277d0        0x6 _build/nrf52832_xxaa_apds9250.c.o
 *fill*         0x000277d6        0x2 
 .rodata.CSWTCH.28
                0x000277d8        0x7 _build/nrf52832_xxaa_apds9250.c.o
 .rodata._ctype_
                0x000277df      0x101 c:/program files (x86)/gnu tools arm embedded/5.3 2016q1/bin/../lib/gcc/arm-none-eabi/5.3.1/../../../../arm-none-eabi/lib/armv7e-m/fpu\libc_nano.a(lib_a-ctype_.o)
                0x000277df                _ctype_
 .rodata.__sf_fake_stdin
                0x000278e0       0x20 c:/program files (x86)/gnu tools arm embedded/5.3 2016q1/bin/../lib/gcc/arm-none-eabi/5.3.1/../../../../arm-none-eabi/lib/armv7e-m/fpu\libc_nano.a(lib_a-findfp.o)
                0x000278e0                __sf_fake_stdin
 .rodata.__sf_fake_stdout
                0x00027900       0x20 c:/program files (x86)/gnu tools arm embedded/5.3 2016q1/bin/../lib/gcc/arm-none-eabi/5.3.1/../../../../arm-none-eabi/lib/armv7e-m/fpu\libc_nano.a(lib_a-findfp.o)
                0x00027900                __sf_fake_stdout
 .rodata.__sf_fake_stderr
                0x00027920       0x20 c:/program files (x86)/gnu tools arm embedded/5.3 2016q1/bin/../lib/gcc/arm-none-eabi/5.3.1/../../../../arm-none-eabi/lib/armv7e-m/fpu\libc_nano.a(lib_a-findfp.o)
                0x00027920                __sf_fake_stderr
 .rodata.str1.1
                0x00027940       0x11 c:/program files (x86)/gnu tools arm embedded/5.3 2016q1/bin/../lib/gcc/arm-none-eabi/5.3.1/../../../../arm-none-eabi/lib/armv7e-m/fpu\libc_nano.a(lib_a-nano-svfprintf.o)
 .rodata.str1.1
                0x00027951       0x22 c:/program files (x86)/gnu tools arm embedded/5.3 2016q1/bin/../lib/gcc/arm-none-eabi/5.3.1/../../../../arm-none-eabi/lib/armv7e-m/fpu\libc_nano.a(lib_a-nano-vfprintf_i.o)
 *(.eh_frame*)
 *fill*         0x00027973        0x1 
 .eh_frame      0x00027974        0x0 c:/program files (x86)/gnu tools arm embedded/5.3 2016q1/bin/../lib/gcc/arm-none-eabi/5.3.1/armv7e-m/fpu/crtbegin.o
 .eh_frame      0x00027974        0x4 c:/program files (x86)/gnu tools arm embedded/5.3 2016q1/bin/../lib/gcc/arm-none-eabi/5.3.1/armv7e-m/fpu/crtend.o

.glue_7         0x00027978        0x0
 .glue_7        0x00027978        0x0 linker stubs

.glue_7t        0x00027978        0x0
 .glue_7t       0x00027978        0x0 linker stubs

.vfp11_veneer   0x00027978        0x0
 .vfp11_veneer  0x00027978        0x0 linker stubs

.v4_bx          0x00027978        0x0
 .v4_bx         0x00027978        0x0 linker stubs

.iplt           0x00027978        0x0
 .iplt          0x00027978        0x0 c:/program files (x86)/gnu tools arm embedded/5.3 2016q1/bin/../lib/gcc/arm-none-eabi/5.3.1/armv7e-m/fpu/crtbegin.o

.ARM.extab
 *(.ARM.extab* .gnu.linkonce.armextab.*)
                0x00027978                __exidx_start = .

.ARM.exidx      0x00027978        0x8
 *(.ARM.exidx* .gnu.linkonce.armexidx.*)
 .ARM.exidx     0x00027978        0x8 c:/program files (x86)/gnu tools arm embedded/5.3 2016q1/bin/../lib/gcc/arm-none-eabi/5.3.1/../../../../arm-none-eabi/lib/armv7e-m/fpu/crt0.o
                0x00027980                __exidx_end = .
                0x00027980                __etext = .

.rel.dyn        0x00027980        0x0
 .rel.iplt      0x00027980        0x0 c:/program files (x86)/gnu tools arm embedded/5.3 2016q1/bin/../lib/gcc/arm-none-eabi/5.3.1/armv7e-m/fpu/crtbegin.o

.data           0x20002128       0x8c load address 0x00027980
                0x20002128                __data_start__ = .
 *(vtable)
 *(.data*)
 .data.impure_data
                0x20002128       0x60 c:/program files (x86)/gnu tools arm embedded/5.3 2016q1/bin/../lib/gcc/arm-none-eabi/5.3.1/../../../../arm-none-eabi/lib/armv7e-m/fpu\libc_nano.a(lib_a-impure.o)
 .data._impure_ptr
                0x20002188        0x4 c:/program files (x86)/gnu tools arm embedded/5.3 2016q1/bin/../lib/gcc/arm-none-eabi/5.3.1/../../../../arm-none-eabi/lib/armv7e-m/fpu\libc_nano.a(lib_a-impure.o)
                0x20002188                _impure_ptr
 .data.app_uart_inst
                0x2000218c        0x8 _build/nrf52832_xxaa_app_uart_fifo.c.o
 .data.m_adv_uuids
                0x20002194        0x4 _build/nrf52832_xxaa_main.c.o
 .data.m_conn_handle
                0x20002198        0x2 _build/nrf52832_xxaa_main.c.o
 *fill*         0x2000219a        0x2 
 .data.SystemCoreClock
                0x2000219c        0x4 _build/nrf52832_xxaa_system_nrf52.c.o
                0x2000219c                SystemCoreClock
 .data.defaut_lis2de_address
                0x200021a0        0x1 _build/nrf52832_xxaa_lis2de.c.o
                0x200021a0                defaut_lis2de_address
 *fill*         0x200021a1        0x3 
 .data.__ctype_ptr__
                0x200021a4        0x4 c:/program files (x86)/gnu tools arm embedded/5.3 2016q1/bin/../lib/gcc/arm-none-eabi/5.3.1/../../../../arm-none-eabi/lib/armv7e-m/fpu\libc_nano.a(lib_a-ctype_.o)
                0x200021a4                __ctype_ptr__
                0x200021a8                . = ALIGN (0x4)
                0x200021a8                PROVIDE (__preinit_array_start, .)
 *(.preinit_array)
                0x200021a8                PROVIDE (__preinit_array_end, .)
                0x200021a8                . = ALIGN (0x4)
                0x200021a8                PROVIDE (__init_array_start, .)
 *(SORT(.init_array.*))
 *(.init_array)
 .init_array    0x200021a8        0x4 c:/program files (x86)/gnu tools arm embedded/5.3 2016q1/bin/../lib/gcc/arm-none-eabi/5.3.1/armv7e-m/fpu/crtbegin.o
                0x200021ac                PROVIDE (__init_array_end, .)
                0x200021ac                . = ALIGN (0x4)
                [!provide]                PROVIDE (__fini_array_start, .)
 *(SORT(.fini_array.*))
 *(.fini_array)
 .fini_array    0x200021ac        0x4 c:/program files (x86)/gnu tools arm embedded/5.3 2016q1/bin/../lib/gcc/arm-none-eabi/5.3.1/armv7e-m/fpu/crtbegin.o
                [!provide]                PROVIDE (__fini_array_end, .)
 *(.jcr*)
 .jcr           0x200021b0        0x0 c:/program files (x86)/gnu tools arm embedded/5.3 2016q1/bin/../lib/gcc/arm-none-eabi/5.3.1/armv7e-m/fpu/crtbegin.o
 .jcr           0x200021b0        0x4 c:/program files (x86)/gnu tools arm embedded/5.3 2016q1/bin/../lib/gcc/arm-none-eabi/5.3.1/armv7e-m/fpu/crtend.o
                0x200021b4                . = ALIGN (0x4)
                0x200021b4                __data_end__ = .
LOAD c:/program files (x86)/gnu tools arm embedded/5.3 2016q1/bin/../lib/gcc/arm-none-eabi/5.3.1/armv7e-m/fpu/crti.o
LOAD c:/program files (x86)/gnu tools arm embedded/5.3 2016q1/bin/../lib/gcc/arm-none-eabi/5.3.1/armv7e-m/fpu/crtbegin.o
LOAD c:/program files (x86)/gnu tools arm embedded/5.3 2016q1/bin/../lib/gcc/arm-none-eabi/5.3.1/../../../../arm-none-eabi/lib/armv7e-m/fpu/crt0.o
LOAD c:/program files (x86)/gnu tools arm embedded/5.3 2016q1/bin/../lib/gcc/arm-none-eabi/5.3.1/../../../../arm-none-eabi/lib/armv7e-m/fpu\libc_nano.a
LOAD c:/program files (x86)/gnu tools arm embedded/5.3 2016q1/bin/../lib/gcc/arm-none-eabi/5.3.1/../../../../arm-none-eabi/lib/armv7e-m/fpu\libnosys.a
LOAD _build/nrf52832_xxaa_nrf_log_backend_serial.c.o
LOAD _build/nrf52832_xxaa_nrf_log_frontend.c.o
LOAD _build/nrf52832_xxaa_app_button.c.o
LOAD _build/nrf52832_xxaa_app_error.c.o
LOAD _build/nrf52832_xxaa_app_error_weak.c.o
LOAD _build/nrf52832_xxaa_app_fifo.c.o
LOAD _build/nrf52832_xxaa_app_timer.c.o
LOAD _build/nrf52832_xxaa_app_uart_fifo.c.o
LOAD _build/nrf52832_xxaa_app_util_platform.c.o
LOAD _build/nrf52832_xxaa_fstorage.c.o
LOAD _build/nrf52832_xxaa_hardfault_implementation.c.o
LOAD _build/nrf52832_xxaa_nrf_assert.c.o
LOAD _build/nrf52832_xxaa_retarget.c.o
LOAD _build/nrf52832_xxaa_sdk_errors.c.o
LOAD _build/nrf52832_xxaa_boards.c.o
LOAD _build/nrf52832_xxaa_nrf_drv_clock.c.o
LOAD _build/nrf52832_xxaa_nrf_drv_common.c.o
LOAD _build/nrf52832_xxaa_nrf_drv_gpiote.c.o
LOAD _build/nrf52832_xxaa_nrf_drv_twi.c.o
LOAD _build/nrf52832_xxaa_nrf_drv_twis.c.o
LOAD _build/nrf52832_xxaa_nrf_drv_uart.c.o
LOAD _build/nrf52832_xxaa_bsp.c.o
LOAD _build/nrf52832_xxaa_bsp_btn_ble.c.o
LOAD _build/nrf52832_xxaa_bsp_nfc.c.o
LOAD _build/nrf52832_xxaa_main.c.o
LOAD _build/nrf52832_xxaa_RTT_Syscalls_GCC.c.o
LOAD _build/nrf52832_xxaa_SEGGER_RTT.c.o
LOAD _build/nrf52832_xxaa_SEGGER_RTT_printf.c.o
LOAD _build/nrf52832_xxaa_ble_advdata.c.o
LOAD _build/nrf52832_xxaa_ble_advertising.c.o
LOAD _build/nrf52832_xxaa_ble_conn_params.c.o
LOAD _build/nrf52832_xxaa_ble_srv_common.c.o
LOAD _build/nrf52832_xxaa_gcc_startup_nrf52.S.o
LOAD _build/nrf52832_xxaa_system_nrf52.c.o
LOAD _build/nrf52832_xxaa_ble_nus.c.o
LOAD _build/nrf52832_xxaa_softdevice_handler.c.o
LOAD _build/nrf52832_xxaa_i2c_driver.c.o
LOAD _build/nrf52832_xxaa_lis3mdl.c.o
LOAD _build/nrf52832_xxaa_lis2de.c.o
LOAD _build/nrf52832_xxaa_vl53l0.c.o
LOAD _build/nrf52832_xxaa_si1153.c.o
LOAD _build/nrf52832_xxaa_veml6075.c.o
LOAD _build/nrf52832_xxaa_bme280.c.o
LOAD _build/nrf52832_xxaa_ble_driver.c.o
LOAD _build/nrf52832_xxaa_supersensor.c.o
LOAD _build/nrf52832_xxaa_apds9250.c.o
LOAD _build/nrf52832_xxaa_p1234701ct.c.o
LOAD c:/program files (x86)/gnu tools arm embedded/5.3 2016q1/bin/../lib/gcc/arm-none-eabi/5.3.1/../../../../arm-none-eabi/lib/armv7e-m/fpu\libm.a
START GROUP
LOAD c:/program files (x86)/gnu tools arm embedded/5.3 2016q1/bin/../lib/gcc/arm-none-eabi/5.3.1/armv7e-m/fpu\libgcc.a
LOAD c:/program files (x86)/gnu tools arm embedded/5.3 2016q1/bin/../lib/gcc/arm-none-eabi/5.3.1/../../../../arm-none-eabi/lib/armv7e-m/fpu\libc_nano.a
END GROUP
START GROUP
LOAD c:/program files (x86)/gnu tools arm embedded/5.3 2016q1/bin/../lib/gcc/arm-none-eabi/5.3.1/armv7e-m/fpu\libgcc.a
LOAD c:/program files (x86)/gnu tools arm embedded/5.3 2016q1/bin/../lib/gcc/arm-none-eabi/5.3.1/../../../../arm-none-eabi/lib/armv7e-m/fpu\libc_nano.a
END GROUP
LOAD c:/program files (x86)/gnu tools arm embedded/5.3 2016q1/bin/../lib/gcc/arm-none-eabi/5.3.1/armv7e-m/fpu/crtend.o
LOAD c:/program files (x86)/gnu tools arm embedded/5.3 2016q1/bin/../lib/gcc/arm-none-eabi/5.3.1/armv7e-m/fpu/crtn.o
START GROUP
LOAD c:/program files (x86)/gnu tools arm embedded/5.3 2016q1/bin/../lib/gcc/arm-none-eabi/5.3.1/armv7e-m/fpu\libgcc.a
LOAD c:/program files (x86)/gnu tools arm embedded/5.3 2016q1/bin/../lib/gcc/arm-none-eabi/5.3.1/../../../../arm-none-eabi/lib/armv7e-m/fpu\libc.a
LOAD c:/program files (x86)/gnu tools arm embedded/5.3 2016q1/bin/../lib/gcc/arm-none-eabi/5.3.1/../../../../arm-none-eabi/lib/armv7e-m/fpu\libnosys.a
END GROUP

.igot.plt       0x200021b4        0x0 load address 0x00027a0c
 .igot.plt      0x200021b4        0x0 c:/program files (x86)/gnu tools arm embedded/5.3 2016q1/bin/../lib/gcc/arm-none-eabi/5.3.1/armv7e-m/fpu/crtbegin.o

.fs_data        0x200021b4        0x0
                0x200021b4                PROVIDE (__start_fs_data, .)
 *(.fs_data)
                0x200021b4                PROVIDE (__stop_fs_data, .)

.pwr_mgmt_data  0x200021b4        0x0
                [!provide]                PROVIDE (__start_pwr_mgmt_data, .)
 *(.pwr_mgmt_data)
                [!provide]                PROVIDE (__stop_pwr_mgmt_data, .)

.bss            0x200021b4      0xe10 load address 0x00027a0c
                0x200021b4                . = ALIGN (0x4)
                0x200021b4                __bss_start__ = .
 *(.bss*)
 .bss           0x200021b4       0x1c c:/program files (x86)/gnu tools arm embedded/5.3 2016q1/bin/../lib/gcc/arm-none-eabi/5.3.1/armv7e-m/fpu/crtbegin.o
 .bss.m_blocking_mode
                0x200021d0        0x1 _build/nrf52832_xxaa_nrf_log_backend_serial.c.o
 .bss.m_initialized
                0x200021d1        0x1 _build/nrf52832_xxaa_nrf_log_backend_serial.c.o
 *fill*         0x200021d2        0x2 
 .bss.m_log_data
                0x200021d4      0x418 _build/nrf52832_xxaa_nrf_log_frontend.c.o
 .bss.m_detection_delay
                0x200025ec        0x4 _build/nrf52832_xxaa_app_button.c.o
 .bss.mp_buttons
                0x200025f0        0x4 _build/nrf52832_xxaa_app_button.c.o
 .bss.m_button_count
                0x200025f4        0x1 _build/nrf52832_xxaa_app_button.c.o
 *fill*         0x200025f5        0x3 
 .bss.m_detection_delay_timer_id_data
                0x200025f8       0x20 _build/nrf52832_xxaa_app_button.c.o
 .bss.m_pin_state
                0x20002618        0x4 _build/nrf52832_xxaa_app_button.c.o
 .bss.m_pin_transition
                0x2000261c        0x4 _build/nrf52832_xxaa_app_button.c.o
 .bss.m_ticks_latest
                0x20002620        0x4 _build/nrf52832_xxaa_app_timer.c.o
 .bss.mp_timer_id_head
                0x20002624        0x4 _build/nrf52832_xxaa_app_timer.c.o
 .bss.m_evt_schedule_func
                0x20002628        0x4 _build/nrf52832_xxaa_app_timer.c.o
 .bss.m_ticks_elapsed_q_read_ind
                0x2000262c        0x1 _build/nrf52832_xxaa_app_timer.c.o
 .bss.m_ticks_elapsed_q_write_ind
                0x2000262d        0x1 _build/nrf52832_xxaa_app_timer.c.o
 .bss.m_rtc1_reset
                0x2000262e        0x1 _build/nrf52832_xxaa_app_timer.c.o
 *fill*         0x2000262f        0x1 
 .bss.m_op_queue
                0x20002630        0x8 _build/nrf52832_xxaa_app_timer.c.o
 .bss.m_ticks_elapsed
                0x20002638        0x8 _build/nrf52832_xxaa_app_timer.c.o
 .bss.m_rtc1_running
                0x20002640        0x1 _build/nrf52832_xxaa_app_timer.c.o
 *fill*         0x20002641        0x3 
 .bss.tx_buffer
                0x20002644        0x1 _build/nrf52832_xxaa_app_uart_fifo.c.o
 *fill*         0x20002645        0x3 
 .bss.m_event_handler
                0x20002648        0x4 _build/nrf52832_xxaa_app_uart_fifo.c.o
 .bss.rx_buffer
                0x2000264c        0x1 _build/nrf52832_xxaa_app_uart_fifo.c.o
 *fill*         0x2000264d        0x3 
 .bss.m_tx_fifo
                0x20002650       0x10 _build/nrf52832_xxaa_app_uart_fifo.c.o
 .bss.m_rx_ovf  0x20002660        0x1 _build/nrf52832_xxaa_app_uart_fifo.c.o
 *fill*         0x20002661        0x3 
 .bss.m_rx_fifo
                0x20002664       0x10 _build/nrf52832_xxaa_app_uart_fifo.c.o
 .bss.m_queue   0x20002674       0x68 _build/nrf52832_xxaa_fstorage.c.o
 .bss.m_clock_cb
                0x200026dc       0x14 _build/nrf52832_xxaa_nrf_drv_clock.c.o
 .bss.m_cb      0x200026f0       0x58 _build/nrf52832_xxaa_nrf_drv_gpiote.c.o
 .bss.m_cb      0x20002748       0x28 _build/nrf52832_xxaa_nrf_drv_twi.c.o
 .bss.m_sm_semaphore
                0x20002770        0x1 _build/nrf52832_xxaa_nrf_drv_twis.c.o
 *fill*         0x20002771        0x3 
 .bss.m_var_inst
                0x20002774        0xc _build/nrf52832_xxaa_nrf_drv_twis.c.o
 .bss.m_cb      0x20002780       0x20 _build/nrf52832_xxaa_nrf_drv_uart.c.o
 .bss.m_leds_timer_id_data
                0x200027a0       0x20 _build/nrf52832_xxaa_bsp.c.o
 .bss.current_long_push_pin_no.7308
                0x200027c0        0x1 _build/nrf52832_xxaa_bsp.c.o
 *fill*         0x200027c1        0x3 
 .bss.m_indication_type
                0x200027c4        0x4 _build/nrf52832_xxaa_bsp.c.o
 .bss.release_event_at_push.7309
                0x200027c8        0x4 _build/nrf52832_xxaa_bsp.c.o
 .bss.m_leds_clear
                0x200027cc        0x1 _build/nrf52832_xxaa_bsp.c.o
 *fill*         0x200027cd        0x3 
 .bss.m_app_ticks_per_100ms
                0x200027d0        0x4 _build/nrf52832_xxaa_bsp.c.o
 .bss.m_registered_callback
                0x200027d4        0x4 _build/nrf52832_xxaa_bsp.c.o
 .bss.m_button_timer_id_data
                0x200027d8       0x20 _build/nrf52832_xxaa_bsp.c.o
 .bss.m_stable_state
                0x200027f8        0x1 _build/nrf52832_xxaa_bsp.c.o
 *fill*         0x200027f9        0x3 
 .bss.m_alert_timer_id_data
                0x200027fc       0x20 _build/nrf52832_xxaa_bsp.c.o
 .bss.m_events_list
                0x2000281c        0xc _build/nrf52832_xxaa_bsp.c.o
 .bss.m_error_handler
                0x20002828        0x4 _build/nrf52832_xxaa_bsp_btn_ble.c.o
 .bss.m_num_connections
                0x2000282c        0x4 _build/nrf52832_xxaa_bsp_btn_ble.c.o
 .bss.BLE_EVT_BUFFER.10661
                0x20002830       0x50 _build/nrf52832_xxaa_main.c.o
 .bss.tx_buf.10698
                0x20002880      0x100 _build/nrf52832_xxaa_main.c.o
 .bss.data_array.10682
                0x20002980       0x14 _build/nrf52832_xxaa_main.c.o
 .bss.p1234701ct_on
                0x20002994        0x1 _build/nrf52832_xxaa_main.c.o
                0x20002994                p1234701ct_on
 *fill*         0x20002995        0x3 
 .bss.APP_TIMER_BUF.10775
                0x20002998       0x78 _build/nrf52832_xxaa_main.c.o
 .bss.si1153_on
                0x20002a10        0x1 _build/nrf52832_xxaa_main.c.o
                0x20002a10                si1153_on
 .bss.lis3mdl_on
                0x20002a11        0x1 _build/nrf52832_xxaa_main.c.o
                0x20002a11                lis3mdl_on
 .bss.index.10683
                0x20002a12        0x1 _build/nrf52832_xxaa_main.c.o
 .bss.bme280_on
                0x20002a13        0x1 _build/nrf52832_xxaa_main.c.o
                0x20002a13                bme280_on
 .bss.sensor_loop_timer_id_data
                0x20002a14       0x20 _build/nrf52832_xxaa_main.c.o
 .bss.lis2de_on
                0x20002a34        0x1 _build/nrf52832_xxaa_main.c.o
                0x20002a34                lis2de_on
 .bss.apds9250_on
                0x20002a35        0x1 _build/nrf52832_xxaa_main.c.o
                0x20002a35                apds9250_on
 *fill*         0x20002a36        0x2 
 .bss.rx_buf.10697
                0x20002a38      0x100 _build/nrf52832_xxaa_main.c.o
 .bss.m_nus     0x20002b38       0x1c _build/nrf52832_xxaa_main.c.o
 .bss.veml6075_on
                0x20002b54        0x1 _build/nrf52832_xxaa_main.c.o
                0x20002b54                veml6075_on
 *fill*         0x20002b55        0x3 
 .bss._acDownBuffer
                0x20002b58       0x10 _build/nrf52832_xxaa_SEGGER_RTT.c.o
 .bss._acUpBuffer
                0x20002b68      0x200 _build/nrf52832_xxaa_SEGGER_RTT.c.o
 .bss.m_advdata
                0x20002d68       0x3c _build/nrf52832_xxaa_ble_advertising.c.o
 .bss.m_whitelist_in_use
                0x20002da4        0x1 _build/nrf52832_xxaa_ble_advertising.c.o
 *fill*         0x20002da5        0x3 
 .bss.m_manuf_specific_data
                0x20002da8        0xc _build/nrf52832_xxaa_ble_advertising.c.o
 .bss.m_evt_handler
                0x20002db4        0x4 _build/nrf52832_xxaa_ble_advertising.c.o
 .bss.m_advertising_start_pending
                0x20002db8        0x1 _build/nrf52832_xxaa_ble_advertising.c.o
 *fill*         0x20002db9        0x3 
 .bss.m_manuf_data_array
                0x20002dbc       0x1f _build/nrf52832_xxaa_ble_advertising.c.o
 .bss.m_whitelist_temporarily_disabled
                0x20002ddb        0x1 _build/nrf52832_xxaa_ble_advertising.c.o
 .bss.m_error_handler
                0x20002ddc        0x4 _build/nrf52832_xxaa_ble_advertising.c.o
 .bss.m_peer_address
                0x20002de0        0x7 _build/nrf52832_xxaa_ble_advertising.c.o
 *fill*         0x20002de7        0x1 
 .bss.m_adv_modes_config
                0x20002de8       0x20 _build/nrf52832_xxaa_ble_advertising.c.o
 .bss.m_slave_conn_int
                0x20002e08        0x4 _build/nrf52832_xxaa_ble_advertising.c.o
 .bss.m_service_data_array
                0x20002e0c       0x1f _build/nrf52832_xxaa_ble_advertising.c.o
 .bss.m_whitelist_reply_expected
                0x20002e2b        0x1 _build/nrf52832_xxaa_ble_advertising.c.o
 .bss.m_current_slave_link_conn_handle
                0x20002e2c        0x2 _build/nrf52832_xxaa_ble_advertising.c.o
 .bss.m_adv_mode_current
                0x20002e2e        0x1 _build/nrf52832_xxaa_ble_advertising.c.o
 .bss.m_peer_addr_reply_expected
                0x20002e2f        0x1 _build/nrf52832_xxaa_ble_advertising.c.o
 .bss.m_initialized
                0x20002e30        0x1 _build/nrf52832_xxaa_ble_advertising.c.o
 *fill*         0x20002e31        0x3 
 .bss.m_service_data
                0x20002e34        0xc _build/nrf52832_xxaa_ble_advertising.c.o
 .bss.m_adv_evt
                0x20002e40        0x1 _build/nrf52832_xxaa_ble_advertising.c.o
 .bss.m_change_param
                0x20002e41        0x1 _build/nrf52832_xxaa_ble_conn_params.c.o
 *fill*         0x20002e42        0x2 
 .bss.m_current_conn_params
                0x20002e44        0x8 _build/nrf52832_xxaa_ble_conn_params.c.o
 .bss.m_update_count
                0x20002e4c        0x1 _build/nrf52832_xxaa_ble_conn_params.c.o
 *fill*         0x20002e4d        0x3 
 .bss.m_conn_params_config
                0x20002e50       0x1c _build/nrf52832_xxaa_ble_conn_params.c.o
 .bss.m_conn_params_timer_id_data
                0x20002e6c       0x20 _build/nrf52832_xxaa_ble_conn_params.c.o
 .bss.m_conn_handle
                0x20002e8c        0x2 _build/nrf52832_xxaa_ble_conn_params.c.o
 *fill*         0x20002e8e        0x2 
 .bss.m_preferred_conn_params
                0x20002e90        0x8 _build/nrf52832_xxaa_ble_conn_params.c.o
 .bss.m_suspended
                0x20002e98        0x1 _build/nrf52832_xxaa_softdevice_handler.c.o
 .bss.m_softdevice_enabled
                0x20002e99        0x1 _build/nrf52832_xxaa_softdevice_handler.c.o
 .bss.m_ble_evt_buffer_size
                0x20002e9a        0x2 _build/nrf52832_xxaa_softdevice_handler.c.o
 .bss.mp_ble_evt_buffer
                0x20002e9c        0x4 _build/nrf52832_xxaa_softdevice_handler.c.o
 .bss.m_sys_evt_handler
                0x20002ea0        0x4 _build/nrf52832_xxaa_softdevice_handler.c.o
 .bss.m_ble_evt_handler
                0x20002ea4        0x4 _build/nrf52832_xxaa_softdevice_handler.c.o
 .bss.m_evt_schedule_func
                0x20002ea8        0x4 _build/nrf52832_xxaa_softdevice_handler.c.o
 .bss.__malloc_sbrk_start
                0x20002eac        0x4 c:/program files (x86)/gnu tools arm embedded/5.3 2016q1/bin/../lib/gcc/arm-none-eabi/5.3.1/../../../../arm-none-eabi/lib/armv7e-m/fpu\libc_nano.a(lib_a-nano-mallocr.o)
                0x20002eac                __malloc_sbrk_start
 .bss.__malloc_free_list
                0x20002eb0        0x4 c:/program files (x86)/gnu tools arm embedded/5.3 2016q1/bin/../lib/gcc/arm-none-eabi/5.3.1/../../../../arm-none-eabi/lib/armv7e-m/fpu\libc_nano.a(lib_a-nano-mallocr.o)
                0x20002eb0                __malloc_free_list
 .bss.heap_end.4169
                0x20002eb4        0x4 c:/program files (x86)/gnu tools arm embedded/5.3 2016q1/bin/../lib/gcc/arm-none-eabi/5.3.1/../../../../arm-none-eabi/lib/armv7e-m/fpu\libnosys.a(sbrk.o)
 *(COMMON)
 COMMON         0x20002eb8        0xc _build/nrf52832_xxaa_app_util_platform.c.o
                0x20002eb8                nrf_nvic_state
 COMMON         0x20002ec4       0x84 _build/nrf52832_xxaa_main.c.o
                0x20002ec4                Veml6075_settings
                0x20002ecc                Lis2de_settings
                0x20002ef0                Lis3mdl_settings
                0x20002f00                calibration
                0x20002f24                APDS9250_settings
                0x20002f3c                BME280_settings
                0x20002f44                t_fine
 COMMON         0x20002f48       0x78 _build/nrf52832_xxaa_SEGGER_RTT.c.o
                0x20002f48                _SEGGER_RTT
 COMMON         0x20002fc0        0x4 c:/program files (x86)/gnu tools arm embedded/5.3 2016q1/bin/../lib/gcc/arm-none-eabi/5.3.1/../../../../arm-none-eabi/lib/armv7e-m/fpu\libc_nano.a(lib_a-reent.o)
                0x20002fc0                errno
                0x20002fc4                . = ALIGN (0x4)
                0x20002fc4                __bss_end__ = .

.heap           0x20002fc8     0x2000
                0x20002fc8                __HeapBase = .
                0x20002fc8                __end__ = .
                0x20002fc8                PROVIDE (end, .)
 *(.heap*)
 .heap          0x20002fc8     0x2000 _build/nrf52832_xxaa_gcc_startup_nrf52.S.o
                0x20004fc8                __HeapLimit = .

.stack_dummy    0x20002fc8     0x2000
 *(.stack*)
 .stack         0x20002fc8     0x2000 _build/nrf52832_xxaa_gcc_startup_nrf52.S.o
                0x20010000                __StackTop = (ORIGIN (RAM) + LENGTH (RAM))
                0x2000e000                __StackLimit = (__StackTop - SIZEOF (.stack_dummy))
                0x20010000                PROVIDE (__stack, __StackTop)
                0x00000001                ASSERT ((__StackLimit >= __HeapLimit), region RAM overflowed with stack)
OUTPUT(_build/nrf52832_xxaa.out elf32-littlearm)

.ARM.attributes
                0x00000000       0x30
 .ARM.attributes
                0x00000000       0x22 c:/program files (x86)/gnu tools arm embedded/5.3 2016q1/bin/../lib/gcc/arm-none-eabi/5.3.1/armv7e-m/fpu/crti.o
 .ARM.attributes
                0x00000022       0x34 c:/program files (x86)/gnu tools arm embedded/5.3 2016q1/bin/../lib/gcc/arm-none-eabi/5.3.1/armv7e-m/fpu/crtbegin.o
 .ARM.attributes
                0x00000056       0x20 c:/program files (x86)/gnu tools arm embedded/5.3 2016q1/bin/../lib/gcc/arm-none-eabi/5.3.1/../../../../arm-none-eabi/lib/armv7e-m/fpu/crt0.o
 .ARM.attributes
                0x00000076       0x34 c:/program files (x86)/gnu tools arm embedded/5.3 2016q1/bin/../lib/gcc/arm-none-eabi/5.3.1/../../../../arm-none-eabi/lib/armv7e-m/fpu\libc_nano.a(lib_a-exit.o)
 .ARM.attributes
                0x000000aa       0x34 c:/program files (x86)/gnu tools arm embedded/5.3 2016q1/bin/../lib/gcc/arm-none-eabi/5.3.1/../../../../arm-none-eabi/lib/armv7e-m/fpu\libc_nano.a(lib_a-impure.o)
 .ARM.attributes
                0x000000de       0x34 c:/program files (x86)/gnu tools arm embedded/5.3 2016q1/bin/../lib/gcc/arm-none-eabi/5.3.1/../../../../arm-none-eabi/lib/armv7e-m/fpu\libc_nano.a(lib_a-init.o)
 .ARM.attributes
                0x00000112       0x34 c:/program files (x86)/gnu tools arm embedded/5.3 2016q1/bin/../lib/gcc/arm-none-eabi/5.3.1/../../../../arm-none-eabi/lib/armv7e-m/fpu\libc_nano.a(lib_a-memset.o)
 .ARM.attributes
                0x00000146       0x34 c:/program files (x86)/gnu tools arm embedded/5.3 2016q1/bin/../lib/gcc/arm-none-eabi/5.3.1/../../../../arm-none-eabi/lib/armv7e-m/fpu\libnosys.a(_exit.o)
 .ARM.attributes
                0x0000017a       0x39 _build/nrf52832_xxaa_nrf_log_backend_serial.c.o
 .ARM.attributes
                0x000001b3       0x39 _build/nrf52832_xxaa_nrf_log_frontend.c.o
 .ARM.attributes
                0x000001ec       0x39 _build/nrf52832_xxaa_app_button.c.o
 .ARM.attributes
                0x00000225       0x39 _build/nrf52832_xxaa_app_error.c.o
 .ARM.attributes
                0x0000025e       0x39 _build/nrf52832_xxaa_app_error_weak.c.o
 .ARM.attributes
                0x00000297       0x39 _build/nrf52832_xxaa_app_fifo.c.o
 .ARM.attributes
                0x000002d0       0x39 _build/nrf52832_xxaa_app_timer.c.o
 .ARM.attributes
                0x00000309       0x39 _build/nrf52832_xxaa_app_uart_fifo.c.o
 .ARM.attributes
                0x00000342       0x39 _build/nrf52832_xxaa_app_util_platform.c.o
 .ARM.attributes
                0x0000037b       0x39 _build/nrf52832_xxaa_fstorage.c.o
 .ARM.attributes
                0x000003b4       0x39 _build/nrf52832_xxaa_boards.c.o
 .ARM.attributes
                0x000003ed       0x39 _build/nrf52832_xxaa_nrf_drv_clock.c.o
 .ARM.attributes
                0x00000426       0x39 _build/nrf52832_xxaa_nrf_drv_common.c.o
 .ARM.attributes
                0x0000045f       0x39 _build/nrf52832_xxaa_nrf_drv_gpiote.c.o
 .ARM.attributes
                0x00000498       0x39 _build/nrf52832_xxaa_nrf_drv_twi.c.o
 .ARM.attributes
                0x000004d1       0x39 _build/nrf52832_xxaa_nrf_drv_twis.c.o
 .ARM.attributes
                0x0000050a       0x39 _build/nrf52832_xxaa_nrf_drv_uart.c.o
 .ARM.attributes
                0x00000543       0x39 _build/nrf52832_xxaa_bsp.c.o
 .ARM.attributes
                0x0000057c       0x39 _build/nrf52832_xxaa_bsp_btn_ble.c.o
 .ARM.attributes
                0x000005b5       0x39 _build/nrf52832_xxaa_main.c.o
 .ARM.attributes
                0x000005ee       0x39 _build/nrf52832_xxaa_SEGGER_RTT.c.o
 .ARM.attributes
                0x00000627       0x39 _build/nrf52832_xxaa_ble_advdata.c.o
 .ARM.attributes
                0x00000660       0x39 _build/nrf52832_xxaa_ble_advertising.c.o
 .ARM.attributes
                0x00000699       0x39 _build/nrf52832_xxaa_ble_conn_params.c.o
 .ARM.attributes
                0x000006d2       0x39 _build/nrf52832_xxaa_ble_srv_common.c.o
 .ARM.attributes
                0x0000070b       0x1c _build/nrf52832_xxaa_gcc_startup_nrf52.S.o
 .ARM.attributes
                0x00000727       0x39 _build/nrf52832_xxaa_system_nrf52.c.o
 .ARM.attributes
                0x00000760       0x39 _build/nrf52832_xxaa_ble_nus.c.o
 .ARM.attributes
                0x00000799       0x39 _build/nrf52832_xxaa_softdevice_handler.c.o
 .ARM.attributes
                0x000007d2       0x39 _build/nrf52832_xxaa_i2c_driver.c.o
 .ARM.attributes
                0x0000080b       0x39 _build/nrf52832_xxaa_lis3mdl.c.o
 .ARM.attributes
                0x00000844       0x39 _build/nrf52832_xxaa_lis2de.c.o
 .ARM.attributes
                0x0000087d       0x39 _build/nrf52832_xxaa_si1153.c.o
 .ARM.attributes
                0x000008b6       0x39 _build/nrf52832_xxaa_veml6075.c.o
 .ARM.attributes
                0x000008ef       0x39 _build/nrf52832_xxaa_bme280.c.o
 .ARM.attributes
                0x00000928       0x39 _build/nrf52832_xxaa_ble_driver.c.o
 .ARM.attributes
                0x00000961       0x39 _build/nrf52832_xxaa_apds9250.c.o
 .ARM.attributes
                0x0000099a       0x39 _build/nrf52832_xxaa_p1234701ct.c.o
 .ARM.attributes
                0x000009d3       0x34 c:/program files (x86)/gnu tools arm embedded/5.3 2016q1/bin/../lib/gcc/arm-none-eabi/5.3.1/../../../../arm-none-eabi/lib/armv7e-m/fpu\libc_nano.a(lib_a-ctype_.o)
 .ARM.attributes
                0x00000a07       0x34 c:/program files (x86)/gnu tools arm embedded/5.3 2016q1/bin/../lib/gcc/arm-none-eabi/5.3.1/../../../../arm-none-eabi/lib/armv7e-m/fpu\libc_nano.a(lib_a-memcpy-stub.o)
 .ARM.attributes
                0x00000a3b       0x34 c:/program files (x86)/gnu tools arm embedded/5.3 2016q1/bin/../lib/gcc/arm-none-eabi/5.3.1/../../../../arm-none-eabi/lib/armv7e-m/fpu\libc_nano.a(lib_a-snprintf.o)
 .ARM.attributes
                0x00000a6f       0x34 c:/program files (x86)/gnu tools arm embedded/5.3 2016q1/bin/../lib/gcc/arm-none-eabi/5.3.1/../../../../arm-none-eabi/lib/armv7e-m/fpu\libc_nano.a(lib_a-sprintf.o)
 .ARM.attributes
                0x00000aa3       0x34 c:/program files (x86)/gnu tools arm embedded/5.3 2016q1/bin/../lib/gcc/arm-none-eabi/5.3.1/../../../../arm-none-eabi/lib/armv7e-m/fpu\libc_nano.a(lib_a-strcpy.o)
 .ARM.attributes
                0x00000ad7       0x1b c:/program files (x86)/gnu tools arm embedded/5.3 2016q1/bin/../lib/gcc/arm-none-eabi/5.3.1/../../../../arm-none-eabi/lib/armv7e-m/fpu\libc_nano.a(lib_a-strlen.o)
 .ARM.attributes
                0x00000af2       0x34 c:/program files (x86)/gnu tools arm embedded/5.3 2016q1/bin/../lib/gcc/arm-none-eabi/5.3.1/../../../../arm-none-eabi/lib/armv7e-m/fpu\libc_nano.a(lib_a-findfp.o)
 .ARM.attributes
                0x00000b26       0x34 c:/program files (x86)/gnu tools arm embedded/5.3 2016q1/bin/../lib/gcc/arm-none-eabi/5.3.1/../../../../arm-none-eabi/lib/armv7e-m/fpu\libc_nano.a(lib_a-nano-mallocr.o)
 .ARM.attributes
                0x00000b5a       0x34 c:/program files (x86)/gnu tools arm embedded/5.3 2016q1/bin/../lib/gcc/arm-none-eabi/5.3.1/../../../../arm-none-eabi/lib/armv7e-m/fpu\libc_nano.a(lib_a-nano-svfprintf.o)
 .ARM.attributes
                0x00000b8e       0x34 c:/program files (x86)/gnu tools arm embedded/5.3 2016q1/bin/../lib/gcc/arm-none-eabi/5.3.1/../../../../arm-none-eabi/lib/armv7e-m/fpu\libc_nano.a(lib_a-nano-vfprintf_i.o)
 .ARM.attributes
                0x00000bc2       0x34 c:/program files (x86)/gnu tools arm embedded/5.3 2016q1/bin/../lib/gcc/arm-none-eabi/5.3.1/../../../../arm-none-eabi/lib/armv7e-m/fpu\libc_nano.a(lib_a-sbrkr.o)
 .ARM.attributes
                0x00000bf6       0x20 c:/program files (x86)/gnu tools arm embedded/5.3 2016q1/bin/../lib/gcc/arm-none-eabi/5.3.1/../../../../arm-none-eabi/lib/armv7e-m/fpu\libc_nano.a(lib_a-memchr.o)
 .ARM.attributes
                0x00000c16       0x34 c:/program files (x86)/gnu tools arm embedded/5.3 2016q1/bin/../lib/gcc/arm-none-eabi/5.3.1/../../../../arm-none-eabi/lib/armv7e-m/fpu\libc_nano.a(lib_a-memmove.o)
 .ARM.attributes
                0x00000c4a       0x34 c:/program files (x86)/gnu tools arm embedded/5.3 2016q1/bin/../lib/gcc/arm-none-eabi/5.3.1/../../../../arm-none-eabi/lib/armv7e-m/fpu\libc_nano.a(lib_a-nano-freer.o)
 .ARM.attributes
                0x00000c7e       0x34 c:/program files (x86)/gnu tools arm embedded/5.3 2016q1/bin/../lib/gcc/arm-none-eabi/5.3.1/../../../../arm-none-eabi/lib/armv7e-m/fpu\libc_nano.a(lib_a-nano-reallocr.o)
 .ARM.attributes
                0x00000cb2       0x34 c:/program files (x86)/gnu tools arm embedded/5.3 2016q1/bin/../lib/gcc/arm-none-eabi/5.3.1/../../../../arm-none-eabi/lib/armv7e-m/fpu\libc_nano.a(lib_a-reent.o)
 .ARM.attributes
                0x00000ce6       0x34 c:/program files (x86)/gnu tools arm embedded/5.3 2016q1/bin/../lib/gcc/arm-none-eabi/5.3.1/../../../../arm-none-eabi/lib/armv7e-m/fpu\libc_nano.a(lib_a-nano-msizer.o)
 .ARM.attributes
                0x00000d1a       0x34 c:/program files (x86)/gnu tools arm embedded/5.3 2016q1/bin/../lib/gcc/arm-none-eabi/5.3.1/armv7e-m/fpu/crtend.o
 .ARM.attributes
                0x00000d4e       0x22 c:/program files (x86)/gnu tools arm embedded/5.3 2016q1/bin/../lib/gcc/arm-none-eabi/5.3.1/armv7e-m/fpu/crtn.o
 .ARM.attributes
                0x00000d70       0x34 c:/program files (x86)/gnu tools arm embedded/5.3 2016q1/bin/../lib/gcc/arm-none-eabi/5.3.1/../../../../arm-none-eabi/lib/armv7e-m/fpu\libnosys.a(sbrk.o)

.comment        0x00000000       0x6e
 .comment       0x00000000       0x6e _build/nrf52832_xxaa_nrf_log_backend_serial.c.o
                                 0x6f (size before relaxing)
 .comment       0x0000006e       0x6f _build/nrf52832_xxaa_nrf_log_frontend.c.o
 .comment       0x0000006e       0x6f _build/nrf52832_xxaa_app_button.c.o
 .comment       0x0000006e       0x6f _build/nrf52832_xxaa_app_error.c.o
 .comment       0x0000006e       0x6f _build/nrf52832_xxaa_app_error_weak.c.o
 .comment       0x0000006e       0x6f _build/nrf52832_xxaa_app_fifo.c.o
 .comment       0x0000006e       0x6f _build/nrf52832_xxaa_app_timer.c.o
 .comment       0x0000006e       0x6f _build/nrf52832_xxaa_app_uart_fifo.c.o
 .comment       0x0000006e       0x6f _build/nrf52832_xxaa_app_util_platform.c.o
 .comment       0x0000006e       0x6f _build/nrf52832_xxaa_fstorage.c.o
 .comment       0x0000006e       0x6f _build/nrf52832_xxaa_boards.c.o
 .comment       0x0000006e       0x6f _build/nrf52832_xxaa_nrf_drv_clock.c.o
 .comment       0x0000006e       0x6f _build/nrf52832_xxaa_nrf_drv_common.c.o
 .comment       0x0000006e       0x6f _build/nrf52832_xxaa_nrf_drv_gpiote.c.o
 .comment       0x0000006e       0x6f _build/nrf52832_xxaa_nrf_drv_twi.c.o
 .comment       0x0000006e       0x6f _build/nrf52832_xxaa_nrf_drv_twis.c.o
 .comment       0x0000006e       0x6f _build/nrf52832_xxaa_nrf_drv_uart.c.o
 .comment       0x0000006e       0x6f _build/nrf52832_xxaa_bsp.c.o
 .comment       0x0000006e       0x6f _build/nrf52832_xxaa_bsp_btn_ble.c.o
 .comment       0x0000006e       0x6f _build/nrf52832_xxaa_main.c.o
 .comment       0x0000006e       0x6f _build/nrf52832_xxaa_SEGGER_RTT.c.o
 .comment       0x0000006e       0x6f _build/nrf52832_xxaa_ble_advdata.c.o
 .comment       0x0000006e       0x6f _build/nrf52832_xxaa_ble_advertising.c.o
 .comment       0x0000006e       0x6f _build/nrf52832_xxaa_ble_conn_params.c.o
 .comment       0x0000006e       0x6f _build/nrf52832_xxaa_ble_srv_common.c.o
 .comment       0x0000006e       0x6f _build/nrf52832_xxaa_system_nrf52.c.o
 .comment       0x0000006e       0x6f _build/nrf52832_xxaa_ble_nus.c.o
 .comment       0x0000006e       0x6f _build/nrf52832_xxaa_softdevice_handler.c.o
 .comment       0x0000006e       0x6f _build/nrf52832_xxaa_i2c_driver.c.o
 .comment       0x0000006e       0x6f _build/nrf52832_xxaa_lis3mdl.c.o
 .comment       0x0000006e       0x6f _build/nrf52832_xxaa_lis2de.c.o
 .comment       0x0000006e       0x6f _build/nrf52832_xxaa_si1153.c.o
 .comment       0x0000006e       0x6f _build/nrf52832_xxaa_veml6075.c.o
 .comment       0x0000006e       0x6f _build/nrf52832_xxaa_bme280.c.o
 .comment       0x0000006e       0x6f _build/nrf52832_xxaa_ble_driver.c.o
 .comment       0x0000006e       0x6f _build/nrf52832_xxaa_apds9250.c.o
 .comment       0x0000006e       0x6f _build/nrf52832_xxaa_p1234701ct.c.o

.debug_frame    0x00000000     0x391c
 .debug_frame   0x00000000       0x28 c:/program files (x86)/gnu tools arm embedded/5.3 2016q1/bin/../lib/gcc/arm-none-eabi/5.3.1/../../../../arm-none-eabi/lib/armv7e-m/fpu\libc_nano.a(lib_a-exit.o)
 .debug_frame   0x00000028       0x2c c:/program files (x86)/gnu tools arm embedded/5.3 2016q1/bin/../lib/gcc/arm-none-eabi/5.3.1/../../../../arm-none-eabi/lib/armv7e-m/fpu\libc_nano.a(lib_a-init.o)
 .debug_frame   0x00000054       0x20 c:/program files (x86)/gnu tools arm embedded/5.3 2016q1/bin/../lib/gcc/arm-none-eabi/5.3.1/../../../../arm-none-eabi/lib/armv7e-m/fpu\libc_nano.a(lib_a-memset.o)
 .debug_frame   0x00000074       0x20 c:/program files (x86)/gnu tools arm embedded/5.3 2016q1/bin/../lib/gcc/arm-none-eabi/5.3.1/../../../../arm-none-eabi/lib/armv7e-m/fpu\libnosys.a(_exit.o)
 .debug_frame   0x00000094       0xc4 _build/nrf52832_xxaa_nrf_log_backend_serial.c.o
 .debug_frame   0x00000158      0x294 _build/nrf52832_xxaa_nrf_log_frontend.c.o
 .debug_frame   0x000003ec       0xe0 _build/nrf52832_xxaa_app_button.c.o
 .debug_frame   0x000004cc       0x70 _build/nrf52832_xxaa_app_error.c.o
 .debug_frame   0x0000053c       0x28 _build/nrf52832_xxaa_app_error_weak.c.o
 .debug_frame   0x00000564      0x100 _build/nrf52832_xxaa_app_fifo.c.o
 .debug_frame   0x00000664      0x144 _build/nrf52832_xxaa_app_timer.c.o
 .debug_frame   0x000007a8       0xe0 _build/nrf52832_xxaa_app_uart_fifo.c.o
 .debug_frame   0x00000888       0x74 _build/nrf52832_xxaa_app_util_platform.c.o
 .debug_frame   0x000008fc      0x17c _build/nrf52832_xxaa_fstorage.c.o
 .debug_frame   0x00000a78      0x104 _build/nrf52832_xxaa_boards.c.o
 .debug_frame   0x00000b7c      0x1f8 _build/nrf52832_xxaa_nrf_drv_clock.c.o
 .debug_frame   0x00000d74       0x3c _build/nrf52832_xxaa_nrf_drv_common.c.o
 .debug_frame   0x00000db0      0x25c _build/nrf52832_xxaa_nrf_drv_gpiote.c.o
 .debug_frame   0x0000100c      0x1e4 _build/nrf52832_xxaa_nrf_drv_twi.c.o
 .debug_frame   0x000011f0      0x1f8 _build/nrf52832_xxaa_nrf_drv_twis.c.o
 .debug_frame   0x000013e8      0x1b0 _build/nrf52832_xxaa_nrf_drv_uart.c.o
 .debug_frame   0x00001598      0x1ec _build/nrf52832_xxaa_bsp.c.o
 .debug_frame   0x00001784       0x60 _build/nrf52832_xxaa_bsp_btn_ble.c.o
 .debug_frame   0x000017e4      0x284 _build/nrf52832_xxaa_main.c.o
 .debug_frame   0x00001a68      0x2d8 _build/nrf52832_xxaa_SEGGER_RTT.c.o
 .debug_frame   0x00001d40      0x100 _build/nrf52832_xxaa_ble_advdata.c.o
 .debug_frame   0x00001e40      0x164 _build/nrf52832_xxaa_ble_advertising.c.o
 .debug_frame   0x00001fa4      0x138 _build/nrf52832_xxaa_ble_conn_params.c.o
 .debug_frame   0x000020dc       0xcc _build/nrf52832_xxaa_ble_srv_common.c.o
 .debug_frame   0x000021a8       0x48 _build/nrf52832_xxaa_system_nrf52.c.o
 .debug_frame   0x000021f0       0xcc _build/nrf52832_xxaa_ble_nus.c.o
 .debug_frame   0x000022bc      0x1d4 _build/nrf52832_xxaa_softdevice_handler.c.o
 .debug_frame   0x00002490       0xf0 _build/nrf52832_xxaa_i2c_driver.c.o
 .debug_frame   0x00002580      0x208 _build/nrf52832_xxaa_lis3mdl.c.o
 .debug_frame   0x00002788      0x1ec _build/nrf52832_xxaa_lis2de.c.o
 .debug_frame   0x00002974      0x1f0 _build/nrf52832_xxaa_si1153.c.o
 .debug_frame   0x00002b64      0x1e0 _build/nrf52832_xxaa_veml6075.c.o
 .debug_frame   0x00002d44      0x234 _build/nrf52832_xxaa_bme280.c.o
 .debug_frame   0x00002f78       0x34 _build/nrf52832_xxaa_ble_driver.c.o
 .debug_frame   0x00002fac      0x3a8 _build/nrf52832_xxaa_apds9250.c.o
 .debug_frame   0x00003354      0x10c _build/nrf52832_xxaa_p1234701ct.c.o
 .debug_frame   0x00003460       0x28 c:/program files (x86)/gnu tools arm embedded/5.3 2016q1/bin/../lib/gcc/arm-none-eabi/5.3.1/../../../../arm-none-eabi/lib/armv7e-m/fpu\libc_nano.a(lib_a-memcpy-stub.o)
 .debug_frame   0x00003488       0x74 c:/program files (x86)/gnu tools arm embedded/5.3 2016q1/bin/../lib/gcc/arm-none-eabi/5.3.1/../../../../arm-none-eabi/lib/armv7e-m/fpu\libc_nano.a(lib_a-snprintf.o)
 .debug_frame   0x000034fc       0x70 c:/program files (x86)/gnu tools arm embedded/5.3 2016q1/bin/../lib/gcc/arm-none-eabi/5.3.1/../../../../arm-none-eabi/lib/armv7e-m/fpu\libc_nano.a(lib_a-sprintf.o)
 .debug_frame   0x0000356c       0x20 c:/program files (x86)/gnu tools arm embedded/5.3 2016q1/bin/../lib/gcc/arm-none-eabi/5.3.1/../../../../arm-none-eabi/lib/armv7e-m/fpu\libc_nano.a(lib_a-strcpy.o)
 .debug_frame   0x0000358c      0x11c c:/program files (x86)/gnu tools arm embedded/5.3 2016q1/bin/../lib/gcc/arm-none-eabi/5.3.1/../../../../arm-none-eabi/lib/armv7e-m/fpu\libc_nano.a(lib_a-findfp.o)
 .debug_frame   0x000036a8       0x2c c:/program files (x86)/gnu tools arm embedded/5.3 2016q1/bin/../lib/gcc/arm-none-eabi/5.3.1/../../../../arm-none-eabi/lib/armv7e-m/fpu\libc_nano.a(lib_a-nano-mallocr.o)
 .debug_frame   0x000036d4       0x90 c:/program files (x86)/gnu tools arm embedded/5.3 2016q1/bin/../lib/gcc/arm-none-eabi/5.3.1/../../../../arm-none-eabi/lib/armv7e-m/fpu\libc_nano.a(lib_a-nano-svfprintf.o)
 .debug_frame   0x00003764       0x60 c:/program files (x86)/gnu tools arm embedded/5.3 2016q1/bin/../lib/gcc/arm-none-eabi/5.3.1/../../../../arm-none-eabi/lib/armv7e-m/fpu\libc_nano.a(lib_a-nano-vfprintf_i.o)
 .debug_frame   0x000037c4       0x2c c:/program files (x86)/gnu tools arm embedded/5.3 2016q1/bin/../lib/gcc/arm-none-eabi/5.3.1/../../../../arm-none-eabi/lib/armv7e-m/fpu\libc_nano.a(lib_a-sbrkr.o)
 .debug_frame   0x000037f0       0x28 c:/program files (x86)/gnu tools arm embedded/5.3 2016q1/bin/../lib/gcc/arm-none-eabi/5.3.1/../../../../arm-none-eabi/lib/armv7e-m/fpu\libc_nano.a(lib_a-memmove.o)
 .debug_frame   0x00003818       0x2c c:/program files (x86)/gnu tools arm embedded/5.3 2016q1/bin/../lib/gcc/arm-none-eabi/5.3.1/../../../../arm-none-eabi/lib/armv7e-m/fpu\libc_nano.a(lib_a-nano-freer.o)
 .debug_frame   0x00003844       0x3c c:/program files (x86)/gnu tools arm embedded/5.3 2016q1/bin/../lib/gcc/arm-none-eabi/5.3.1/../../../../arm-none-eabi/lib/armv7e-m/fpu\libc_nano.a(lib_a-nano-reallocr.o)
 .debug_frame   0x00003880       0x5c c:/program files (x86)/gnu tools arm embedded/5.3 2016q1/bin/../lib/gcc/arm-none-eabi/5.3.1/../../../../arm-none-eabi/lib/armv7e-m/fpu\libc_nano.a(lib_a-reent.o)
 .debug_frame   0x000038dc       0x20 c:/program files (x86)/gnu tools arm embedded/5.3 2016q1/bin/../lib/gcc/arm-none-eabi/5.3.1/../../../../arm-none-eabi/lib/armv7e-m/fpu\libc_nano.a(lib_a-nano-msizer.o)
 .debug_frame   0x000038fc       0x20 c:/program files (x86)/gnu tools arm embedded/5.3 2016q1/bin/../lib/gcc/arm-none-eabi/5.3.1/../../../../arm-none-eabi/lib/armv7e-m/fpu\libnosys.a(sbrk.o)

.debug_info     0x00000000    0x376b8
 .debug_info    0x00000000      0xada _build/nrf52832_xxaa_nrf_log_backend_serial.c.o
 .debug_info    0x00000ada     0x1560 _build/nrf52832_xxaa_nrf_log_frontend.c.o
 .debug_info    0x0000203a      0x623 _build/nrf52832_xxaa_app_button.c.o
 .debug_info    0x0000265d      0x3a0 _build/nrf52832_xxaa_app_error.c.o
 .debug_info    0x000029fd      0x41c _build/nrf52832_xxaa_app_error_weak.c.o
 .debug_info    0x00002e19      0x609 _build/nrf52832_xxaa_app_fifo.c.o
 .debug_info    0x00003422     0x1bc2 _build/nrf52832_xxaa_app_timer.c.o
 .debug_info    0x00004fe4     0x1296 _build/nrf52832_xxaa_app_uart_fifo.c.o
 .debug_info    0x0000627a      0x644 _build/nrf52832_xxaa_app_util_platform.c.o
 .debug_info    0x000068be     0x129c _build/nrf52832_xxaa_fstorage.c.o
 .debug_info    0x00007b5a      0xbf8 _build/nrf52832_xxaa_boards.c.o
 .debug_info    0x00008752     0x1735 _build/nrf52832_xxaa_nrf_drv_clock.c.o
 .debug_info    0x00009e87      0x6c4 _build/nrf52832_xxaa_nrf_drv_common.c.o
 .debug_info    0x0000a54b     0x27a3 _build/nrf52832_xxaa_nrf_drv_gpiote.c.o
 .debug_info    0x0000ccee     0x334c _build/nrf52832_xxaa_nrf_drv_twi.c.o
 .debug_info    0x0001003a     0x30b1 _build/nrf52832_xxaa_nrf_drv_twis.c.o
 .debug_info    0x000130eb     0x4344 _build/nrf52832_xxaa_nrf_drv_uart.c.o
 .debug_info    0x0001742f     0x129d _build/nrf52832_xxaa_bsp.c.o
 .debug_info    0x000186cc     0x176d _build/nrf52832_xxaa_bsp_btn_ble.c.o
 .debug_info    0x00019e39     0x501f _build/nrf52832_xxaa_main.c.o
 .debug_info    0x0001ee58     0x240b _build/nrf52832_xxaa_SEGGER_RTT.c.o
 .debug_info    0x00021263     0x1b1c _build/nrf52832_xxaa_ble_advdata.c.o
 .debug_info    0x00022d7f     0x2453 _build/nrf52832_xxaa_ble_advertising.c.o
 .debug_info    0x000251d2     0x1c52 _build/nrf52832_xxaa_ble_conn_params.c.o
 .debug_info    0x00026e24      0xc8f _build/nrf52832_xxaa_ble_srv_common.c.o
 .debug_info    0x00027ab3      0xe06 _build/nrf52832_xxaa_system_nrf52.c.o
 .debug_info    0x000288b9     0x1e56 _build/nrf52832_xxaa_ble_nus.c.o
 .debug_info    0x0002a70f     0x2a1c _build/nrf52832_xxaa_softdevice_handler.c.o
 .debug_info    0x0002d12b      0x96e _build/nrf52832_xxaa_i2c_driver.c.o
 .debug_info    0x0002da99     0x10cf _build/nrf52832_xxaa_lis3mdl.c.o
 .debug_info    0x0002eb68     0x1315 _build/nrf52832_xxaa_lis2de.c.o
 .debug_info    0x0002fe7d     0x1c53 _build/nrf52832_xxaa_si1153.c.o
 .debug_info    0x00031ad0     0x165d _build/nrf52832_xxaa_veml6075.c.o
 .debug_info    0x0003312d     0x1839 _build/nrf52832_xxaa_bme280.c.o
 .debug_info    0x00034966      0x24c _build/nrf52832_xxaa_ble_driver.c.o
 .debug_info    0x00034bb2     0x1dca _build/nrf52832_xxaa_apds9250.c.o
 .debug_info    0x0003697c      0xd3c _build/nrf52832_xxaa_p1234701ct.c.o

.debug_abbrev   0x00000000     0x723b
 .debug_abbrev  0x00000000      0x310 _build/nrf52832_xxaa_nrf_log_backend_serial.c.o
 .debug_abbrev  0x00000310      0x38e _build/nrf52832_xxaa_nrf_log_frontend.c.o
 .debug_abbrev  0x0000069e      0x1e1 _build/nrf52832_xxaa_app_button.c.o
 .debug_abbrev  0x0000087f      0x14c _build/nrf52832_xxaa_app_error.c.o
 .debug_abbrev  0x000009cb      0x17e _build/nrf52832_xxaa_app_error_weak.c.o
 .debug_abbrev  0x00000b49      0x193 _build/nrf52832_xxaa_app_fifo.c.o
 .debug_abbrev  0x00000cdc      0x405 _build/nrf52832_xxaa_app_timer.c.o
 .debug_abbrev  0x000010e1      0x281 _build/nrf52832_xxaa_app_uart_fifo.c.o
 .debug_abbrev  0x00001362      0x232 _build/nrf52832_xxaa_app_util_platform.c.o
 .debug_abbrev  0x00001594      0x402 _build/nrf52832_xxaa_fstorage.c.o
 .debug_abbrev  0x00001996      0x269 _build/nrf52832_xxaa_boards.c.o
 .debug_abbrev  0x00001bff      0x471 _build/nrf52832_xxaa_nrf_drv_clock.c.o
 .debug_abbrev  0x00002070      0x1d6 _build/nrf52832_xxaa_nrf_drv_common.c.o
 .debug_abbrev  0x00002246      0x44a _build/nrf52832_xxaa_nrf_drv_gpiote.c.o
 .debug_abbrev  0x00002690      0x465 _build/nrf52832_xxaa_nrf_drv_twi.c.o
 .debug_abbrev  0x00002af5      0x3fe _build/nrf52832_xxaa_nrf_drv_twis.c.o
 .debug_abbrev  0x00002ef3      0x408 _build/nrf52832_xxaa_nrf_drv_uart.c.o
 .debug_abbrev  0x000032fb      0x38e _build/nrf52832_xxaa_bsp.c.o
 .debug_abbrev  0x00003689      0x2d9 _build/nrf52832_xxaa_bsp_btn_ble.c.o
 .debug_abbrev  0x00003962      0x50b _build/nrf52832_xxaa_main.c.o
 .debug_abbrev  0x00003e6d      0x2f2 _build/nrf52832_xxaa_SEGGER_RTT.c.o
 .debug_abbrev  0x0000415f      0x369 _build/nrf52832_xxaa_ble_advdata.c.o
 .debug_abbrev  0x000044c8      0x46c _build/nrf52832_xxaa_ble_advertising.c.o
 .debug_abbrev  0x00004934      0x409 _build/nrf52832_xxaa_ble_conn_params.c.o
 .debug_abbrev  0x00004d3d      0x24f _build/nrf52832_xxaa_ble_srv_common.c.o
 .debug_abbrev  0x00004f8c      0x1e7 _build/nrf52832_xxaa_system_nrf52.c.o
 .debug_abbrev  0x00005173      0x36b _build/nrf52832_xxaa_ble_nus.c.o
 .debug_abbrev  0x000054de      0x548 _build/nrf52832_xxaa_softdevice_handler.c.o
 .debug_abbrev  0x00005a26      0x1e5 _build/nrf52832_xxaa_i2c_driver.c.o
 .debug_abbrev  0x00005c0b      0x2ac _build/nrf52832_xxaa_lis3mdl.c.o
 .debug_abbrev  0x00005eb7      0x367 _build/nrf52832_xxaa_lis2de.c.o
 .debug_abbrev  0x0000621e      0x2ec _build/nrf52832_xxaa_si1153.c.o
 .debug_abbrev  0x0000650a      0x2d4 _build/nrf52832_xxaa_veml6075.c.o
 .debug_abbrev  0x000067de      0x35b _build/nrf52832_xxaa_bme280.c.o
 .debug_abbrev  0x00006b39       0xf8 _build/nrf52832_xxaa_ble_driver.c.o
 .debug_abbrev  0x00006c31      0x331 _build/nrf52832_xxaa_apds9250.c.o
 .debug_abbrev  0x00006f62      0x2d9 _build/nrf52832_xxaa_p1234701ct.c.o

.debug_loc      0x00000000    0x1adcd
 .debug_loc     0x00000000     0x10d7 _build/nrf52832_xxaa_nrf_log_backend_serial.c.o
 .debug_loc     0x000010d7     0x1dc6 _build/nrf52832_xxaa_nrf_log_frontend.c.o
 .debug_loc     0x00002e9d      0x37f _build/nrf52832_xxaa_app_button.c.o
 .debug_loc     0x0000321c      0x145 _build/nrf52832_xxaa_app_error.c.o
 .debug_loc     0x00003361       0x63 _build/nrf52832_xxaa_app_error_weak.c.o
 .debug_loc     0x000033c4      0x698 _build/nrf52832_xxaa_app_fifo.c.o
 .debug_loc     0x00003a5c      0xd2a _build/nrf52832_xxaa_app_timer.c.o
 .debug_loc     0x00004786      0x38c _build/nrf52832_xxaa_app_uart_fifo.c.o
 .debug_loc     0x00004b12       0x44 _build/nrf52832_xxaa_app_util_platform.c.o
 .debug_loc     0x00004b56      0x9bd _build/nrf52832_xxaa_fstorage.c.o
 .debug_loc     0x00005513      0x885 _build/nrf52832_xxaa_boards.c.o
 .debug_loc     0x00005d98      0x511 _build/nrf52832_xxaa_nrf_drv_clock.c.o
 .debug_loc     0x000062a9       0xea _build/nrf52832_xxaa_nrf_drv_common.c.o
 .debug_loc     0x00006393     0x23f5 _build/nrf52832_xxaa_nrf_drv_gpiote.c.o
 .debug_loc     0x00008788     0x2813 _build/nrf52832_xxaa_nrf_drv_twi.c.o
 .debug_loc     0x0000af9b     0x1d10 _build/nrf52832_xxaa_nrf_drv_twis.c.o
 .debug_loc     0x0000ccab     0x26cf _build/nrf52832_xxaa_nrf_drv_uart.c.o
 .debug_loc     0x0000f37a      0xa06 _build/nrf52832_xxaa_bsp.c.o
 .debug_loc     0x0000fd80      0x1de _build/nrf52832_xxaa_bsp_btn_ble.c.o
 .debug_loc     0x0000ff5e      0xa16 _build/nrf52832_xxaa_main.c.o
 .debug_loc     0x00010974     0x39d6 _build/nrf52832_xxaa_SEGGER_RTT.c.o
 .debug_loc     0x0001434a     0x1acf _build/nrf52832_xxaa_ble_advdata.c.o
 .debug_loc     0x00015e19      0x5ed _build/nrf52832_xxaa_ble_advertising.c.o
 .debug_loc     0x00016406      0x3ba _build/nrf52832_xxaa_ble_conn_params.c.o
 .debug_loc     0x000167c0      0x56c _build/nrf52832_xxaa_ble_srv_common.c.o
 .debug_loc     0x00016d2c      0x404 _build/nrf52832_xxaa_ble_nus.c.o
 .debug_loc     0x00017130      0x5d5 _build/nrf52832_xxaa_softdevice_handler.c.o
 .debug_loc     0x00017705      0x36b _build/nrf52832_xxaa_i2c_driver.c.o
 .debug_loc     0x00017a70      0x352 _build/nrf52832_xxaa_lis3mdl.c.o
 .debug_loc     0x00017dc2      0x73a _build/nrf52832_xxaa_lis2de.c.o
 .debug_loc     0x000184fc      0xb55 _build/nrf52832_xxaa_si1153.c.o
 .debug_loc     0x00019051      0x95f _build/nrf52832_xxaa_veml6075.c.o
 .debug_loc     0x000199b0      0xbea _build/nrf52832_xxaa_bme280.c.o
 .debug_loc     0x0001a59a      0x5f6 _build/nrf52832_xxaa_apds9250.c.o
 .debug_loc     0x0001ab90      0x23d _build/nrf52832_xxaa_p1234701ct.c.o

.debug_aranges  0x00000000     0x1020
 .debug_aranges
                0x00000000       0x48 _build/nrf52832_xxaa_nrf_log_backend_serial.c.o
 .debug_aranges
                0x00000048       0x98 _build/nrf52832_xxaa_nrf_log_frontend.c.o
 .debug_aranges
                0x000000e0       0x48 _build/nrf52832_xxaa_app_button.c.o
 .debug_aranges
                0x00000128       0x30 _build/nrf52832_xxaa_app_error.c.o
 .debug_aranges
                0x00000158       0x20 _build/nrf52832_xxaa_app_error_weak.c.o
 .debug_aranges
                0x00000178       0x50 _build/nrf52832_xxaa_app_fifo.c.o
 .debug_aranges
                0x000001c8       0x60 _build/nrf52832_xxaa_app_timer.c.o
 .debug_aranges
                0x00000228       0x48 _build/nrf52832_xxaa_app_uart_fifo.c.o
 .debug_aranges
                0x00000270       0x38 _build/nrf52832_xxaa_app_util_platform.c.o
 .debug_aranges
                0x000002a8       0x78 _build/nrf52832_xxaa_fstorage.c.o
 .debug_aranges
                0x00000320       0x80 _build/nrf52832_xxaa_boards.c.o
 .debug_aranges
                0x000003a0       0xb0 _build/nrf52832_xxaa_nrf_drv_clock.c.o
 .debug_aranges
                0x00000450       0x28 _build/nrf52832_xxaa_nrf_drv_common.c.o
 .debug_aranges
                0x00000478       0xd8 _build/nrf52832_xxaa_nrf_drv_gpiote.c.o
 .debug_aranges
                0x00000550       0x80 _build/nrf52832_xxaa_nrf_drv_twi.c.o
 .debug_aranges
                0x000005d0       0x98 _build/nrf52832_xxaa_nrf_drv_twis.c.o
 .debug_aranges
                0x00000668       0x70 _build/nrf52832_xxaa_nrf_drv_uart.c.o
 .debug_aranges
                0x000006d8       0x78 _build/nrf52832_xxaa_bsp.c.o
 .debug_aranges
                0x00000750       0x30 _build/nrf52832_xxaa_bsp_btn_ble.c.o
 .debug_aranges
                0x00000780       0xd8 _build/nrf52832_xxaa_main.c.o
 .debug_aranges
                0x00000858       0xa0 _build/nrf52832_xxaa_SEGGER_RTT.c.o
 .debug_aranges
                0x000008f8       0x58 _build/nrf52832_xxaa_ble_advdata.c.o
 .debug_aranges
                0x00000950       0x68 _build/nrf52832_xxaa_ble_advertising.c.o
 .debug_aranges
                0x000009b8       0x68 _build/nrf52832_xxaa_ble_conn_params.c.o
 .debug_aranges
                0x00000a20       0x58 _build/nrf52832_xxaa_ble_srv_common.c.o
 .debug_aranges
                0x00000a78       0x28 _build/nrf52832_xxaa_system_nrf52.c.o
 .debug_aranges
                0x00000aa0       0x50 _build/nrf52832_xxaa_ble_nus.c.o
 .debug_aranges
                0x00000af0       0xb8 _build/nrf52832_xxaa_softdevice_handler.c.o
 .debug_aranges
                0x00000ba8       0x40 _build/nrf52832_xxaa_i2c_driver.c.o
 .debug_aranges
                0x00000be8       0x98 _build/nrf52832_xxaa_lis3mdl.c.o
 .debug_aranges
                0x00000c80       0x98 _build/nrf52832_xxaa_lis2de.c.o
 .debug_aranges
                0x00000d18       0x78 _build/nrf52832_xxaa_si1153.c.o
 .debug_aranges
                0x00000d90       0x70 _build/nrf52832_xxaa_veml6075.c.o
 .debug_aranges
                0x00000e00       0x90 _build/nrf52832_xxaa_bme280.c.o
 .debug_aranges
                0x00000e90       0x20 _build/nrf52832_xxaa_ble_driver.c.o
 .debug_aranges
                0x00000eb0      0x120 _build/nrf52832_xxaa_apds9250.c.o
 .debug_aranges
                0x00000fd0       0x50 _build/nrf52832_xxaa_p1234701ct.c.o

.debug_ranges   0x00000000     0x5738
 .debug_ranges  0x00000000      0x110 _build/nrf52832_xxaa_nrf_log_backend_serial.c.o
 .debug_ranges  0x00000110      0x2f8 _build/nrf52832_xxaa_nrf_log_frontend.c.o
 .debug_ranges  0x00000408       0xa0 _build/nrf52832_xxaa_app_button.c.o
 .debug_ranges  0x000004a8       0x20 _build/nrf52832_xxaa_app_error.c.o
 .debug_ranges  0x000004c8       0x10 _build/nrf52832_xxaa_app_error_weak.c.o
 .debug_ranges  0x000004d8      0x108 _build/nrf52832_xxaa_app_fifo.c.o
 .debug_ranges  0x000005e0      0x4d8 _build/nrf52832_xxaa_app_timer.c.o
 .debug_ranges  0x00000ab8       0x38 _build/nrf52832_xxaa_app_uart_fifo.c.o
 .debug_ranges  0x00000af0       0x58 _build/nrf52832_xxaa_app_util_platform.c.o
 .debug_ranges  0x00000b48      0x240 _build/nrf52832_xxaa_fstorage.c.o
 .debug_ranges  0x00000d88      0x130 _build/nrf52832_xxaa_boards.c.o
 .debug_ranges  0x00000eb8      0x3d0 _build/nrf52832_xxaa_nrf_drv_clock.c.o
 .debug_ranges  0x00001288       0x38 _build/nrf52832_xxaa_nrf_drv_common.c.o
 .debug_ranges  0x000012c0      0xa18 _build/nrf52832_xxaa_nrf_drv_gpiote.c.o
 .debug_ranges  0x00001cd8      0x6c8 _build/nrf52832_xxaa_nrf_drv_twi.c.o
 .debug_ranges  0x000023a0      0xae0 _build/nrf52832_xxaa_nrf_drv_twis.c.o
 .debug_ranges  0x00002e80      0x7b8 _build/nrf52832_xxaa_nrf_drv_uart.c.o
 .debug_ranges  0x00003638      0x1c8 _build/nrf52832_xxaa_bsp.c.o
 .debug_ranges  0x00003800       0xa8 _build/nrf52832_xxaa_bsp_btn_ble.c.o
 .debug_ranges  0x000038a8      0x2b8 _build/nrf52832_xxaa_main.c.o
 .debug_ranges  0x00003b60      0x6b0 _build/nrf52832_xxaa_SEGGER_RTT.c.o
 .debug_ranges  0x00004210      0x310 _build/nrf52832_xxaa_ble_advdata.c.o
 .debug_ranges  0x00004520      0x1e8 _build/nrf52832_xxaa_ble_advertising.c.o