Archive member included to satisfy reference by file (symbol)

c:/program files (x86)/gnu tools arm embedded/5.4 2016q3/bin/../lib/gcc/arm-none-eabi/5.4.1/../../../../arm-none-eabi/lib/armv7e-m/fpu\libc_nano.a(lib_a-exit.o)
                              c:/program files (x86)/gnu tools arm embedded/5.4 2016q3/bin/../lib/gcc/arm-none-eabi/5.4.1/../../../../arm-none-eabi/lib/armv7e-m/fpu/crt0.o (exit)
c:/program files (x86)/gnu tools arm embedded/5.4 2016q3/bin/../lib/gcc/arm-none-eabi/5.4.1/../../../../arm-none-eabi/lib/armv7e-m/fpu\libc_nano.a(lib_a-impure.o)
                              c:/program files (x86)/gnu tools arm embedded/5.4 2016q3/bin/../lib/gcc/arm-none-eabi/5.4.1/../../../../arm-none-eabi/lib/armv7e-m/fpu\libc_nano.a(lib_a-exit.o) (_global_impure_ptr)
c:/program files (x86)/gnu tools arm embedded/5.4 2016q3/bin/../lib/gcc/arm-none-eabi/5.4.1/../../../../arm-none-eabi/lib/armv7e-m/fpu\libc_nano.a(lib_a-init.o)
                              c:/program files (x86)/gnu tools arm embedded/5.4 2016q3/bin/../lib/gcc/arm-none-eabi/5.4.1/../../../../arm-none-eabi/lib/armv7e-m/fpu/crt0.o (__libc_init_array)
c:/program files (x86)/gnu tools arm embedded/5.4 2016q3/bin/../lib/gcc/arm-none-eabi/5.4.1/../../../../arm-none-eabi/lib/armv7e-m/fpu\libc_nano.a(lib_a-memset.o)
                              c:/program files (x86)/gnu tools arm embedded/5.4 2016q3/bin/../lib/gcc/arm-none-eabi/5.4.1/../../../../arm-none-eabi/lib/armv7e-m/fpu/crt0.o (memset)
c:/program files (x86)/gnu tools arm embedded/5.4 2016q3/bin/../lib/gcc/arm-none-eabi/5.4.1/../../../../arm-none-eabi/lib/armv7e-m/fpu\libnosys.a(_exit.o)
                              c:/program files (x86)/gnu tools arm embedded/5.4 2016q3/bin/../lib/gcc/arm-none-eabi/5.4.1/../../../../arm-none-eabi/lib/armv7e-m/fpu\libc_nano.a(lib_a-exit.o) (_exit)
c:/program files (x86)/gnu tools arm embedded/5.4 2016q3/bin/../lib/gcc/arm-none-eabi/5.4.1/../../../../arm-none-eabi/lib/armv7e-m/fpu\libc_nano.a(lib_a-locale.o)
                              _build/nrf52832_xxaa_nrf_log_backend_serial.c.o (__locale_ctype_ptr)
c:/program files (x86)/gnu tools arm embedded/5.4 2016q3/bin/../lib/gcc/arm-none-eabi/5.4.1/../../../../arm-none-eabi/lib/armv7e-m/fpu\libc_nano.a(lib_a-mbtowc_r.o)
                              c:/program files (x86)/gnu tools arm embedded/5.4 2016q3/bin/../lib/gcc/arm-none-eabi/5.4.1/../../../../arm-none-eabi/lib/armv7e-m/fpu\libc_nano.a(lib_a-locale.o) (__ascii_mbtowc)
c:/program files (x86)/gnu tools arm embedded/5.4 2016q3/bin/../lib/gcc/arm-none-eabi/5.4.1/../../../../arm-none-eabi/lib/armv7e-m/fpu\libc_nano.a(lib_a-memcpy-stub.o)
                              _build/nrf52832_xxaa_nrf_log_backend_serial.c.o (memcpy)
c:/program files (x86)/gnu tools arm embedded/5.4 2016q3/bin/../lib/gcc/arm-none-eabi/5.4.1/../../../../arm-none-eabi/lib/armv7e-m/fpu\libc_nano.a(lib_a-snprintf.o)
                              _build/nrf52832_xxaa_nrf_log_backend_serial.c.o (snprintf)
c:/program files (x86)/gnu tools arm embedded/5.4 2016q3/bin/../lib/gcc/arm-none-eabi/5.4.1/../../../../arm-none-eabi/lib/armv7e-m/fpu\libc_nano.a(lib_a-strcmp.o)
                              c:/program files (x86)/gnu tools arm embedded/5.4 2016q3/bin/../lib/gcc/arm-none-eabi/5.4.1/../../../../arm-none-eabi/lib/armv7e-m/fpu\libc_nano.a(lib_a-locale.o) (strcmp)
c:/program files (x86)/gnu tools arm embedded/5.4 2016q3/bin/../lib/gcc/arm-none-eabi/5.4.1/../../../../arm-none-eabi/lib/armv7e-m/fpu\libc_nano.a(lib_a-strcpy.o)
                              _build/nrf52832_xxaa_SEGGER_RTT.c.o (strcpy)
c:/program files (x86)/gnu tools arm embedded/5.4 2016q3/bin/../lib/gcc/arm-none-eabi/5.4.1/../../../../arm-none-eabi/lib/armv7e-m/fpu\libc_nano.a(lib_a-strlen.o)
                              _build/nrf52832_xxaa_nrf_log_backend_serial.c.o (strlen)
c:/program files (x86)/gnu tools arm embedded/5.4 2016q3/bin/../lib/gcc/arm-none-eabi/5.4.1/../../../../arm-none-eabi/lib/armv7e-m/fpu\libc_nano.a(lib_a-wctomb_r.o)
                              c:/program files (x86)/gnu tools arm embedded/5.4 2016q3/bin/../lib/gcc/arm-none-eabi/5.4.1/../../../../arm-none-eabi/lib/armv7e-m/fpu\libc_nano.a(lib_a-locale.o) (__ascii_wctomb)
c:/program files (x86)/gnu tools arm embedded/5.4 2016q3/bin/../lib/gcc/arm-none-eabi/5.4.1/../../../../arm-none-eabi/lib/armv7e-m/fpu\libc_nano.a(lib_a-ctype_.o)
                              c:/program files (x86)/gnu tools arm embedded/5.4 2016q3/bin/../lib/gcc/arm-none-eabi/5.4.1/../../../../arm-none-eabi/lib/armv7e-m/fpu\libc_nano.a(lib_a-locale.o) (_ctype_)
c:/program files (x86)/gnu tools arm embedded/5.4 2016q3/bin/../lib/gcc/arm-none-eabi/5.4.1/../../../../arm-none-eabi/lib/armv7e-m/fpu\libc_nano.a(lib_a-nano-svfprintf.o)
                              c:/program files (x86)/gnu tools arm embedded/5.4 2016q3/bin/../lib/gcc/arm-none-eabi/5.4.1/../../../../arm-none-eabi/lib/armv7e-m/fpu\libc_nano.a(lib_a-snprintf.o) (_svfprintf_r)
[...]
Memory Configuration

Name             Origin             Length             Attributes
FLASH            0x00000000         0x00080000         xr
RAM              0x20000000         0x00010000         xrw
*default*        0x00000000         0xffffffff

Linker script and memory map


.text           0x00000000     0x49a8
 *(.isr_vector)
 .isr_vector    0x00000000      0x400 _build/nrf52832_xxaa_gcc_startup_nrf52.S.o
                0x00000000                __isr_vector
 *(.text*)
 .text          0x00000400       0x5c c:/program files (x86)/gnu tools arm embedded/5.4 2016q3/bin/../lib/gcc/arm-none-eabi/5.4.1/armv7e-m/fpu/crtbegin.o
 .text          0x0000045c       0x74 c:/program files (x86)/gnu tools arm embedded/5.4 2016q3/bin/../lib/gcc/arm-none-eabi/5.4.1/../../../../arm-none-eabi/lib/armv7e-m/fpu/crt0.o
                0x0000045c                _start
                0x0000045c                _mainCRTStartup
 .text.exit     0x000004d0       0x28 c:/program files (x86)/gnu tools arm embedded/5.4 2016q3/bin/../lib/gcc/arm-none-eabi/5.4.1/../../../../arm-none-eabi/lib/armv7e-m/fpu\libc_nano.a(lib_a-exit.o)
                0x000004d0                exit
 .text.__libc_init_array
                0x000004f8       0x4c c:/program files (x86)/gnu tools arm embedded/5.4 2016q3/bin/../lib/gcc/arm-none-eabi/5.4.1/../../../../arm-none-eabi/lib/armv7e-m/fpu\libc_nano.a(lib_a-init.o)
                0x000004f8                __libc_init_array
 .text.memset   0x00000544       0x10 c:/program files (x86)/gnu tools arm embedded/5.4 2016q3/bin/../lib/gcc/arm-none-eabi/5.4.1/../../../../arm-none-eabi/lib/armv7e-m/fpu\libc_nano.a(lib_a-memset.o)
                0x00000544                memset
 .text._exit    0x00000554        0x4 c:/program files (x86)/gnu tools arm embedded/5.4 2016q3/bin/../lib/gcc/arm-none-eabi/5.4.1/../../../../arm-none-eabi/lib/armv7e-m/fpu\libnosys.a(_exit.o)
                0x00000554                _exit
 .text.uart_event_handler
                0x00000558       0x10 _build/nrf52832_xxaa_nrf_log_backend_serial.c.o
 .text.nrf_log_backend_serial_hexdump_handler
                0x00000568      0x260 _build/nrf52832_xxaa_nrf_log_backend_serial.c.o
 .text.nrf_log_backend_serial_std_handler
                0x000007c8      0x1c0 _build/nrf52832_xxaa_nrf_log_backend_serial.c.o
 .text.nrf_log_backend_init
                0x00000988       0x80 _build/nrf52832_xxaa_nrf_log_backend_serial.c.o
                0x00000988                nrf_log_backend_init
 .text.nrf_log_backend_std_handler_get
                0x00000a08        0x8 _build/nrf52832_xxaa_nrf_log_backend_serial.c.o
                0x00000a08                nrf_log_backend_std_handler_get
 .text.nrf_log_backend_hexdump_handler_get
                0x00000a10        0x8 _build/nrf52832_xxaa_nrf_log_backend_serial.c.o
                0x00000a10                nrf_log_backend_hexdump_handler_get
 .text.nrf_log_init
                0x00000a18       0x30 _build/nrf52832_xxaa_nrf_log_frontend.c.o
                0x00000a18                nrf_log_init
 .text.nrf_log_blocking_backend_set
                0x00000a48        0x8 _build/nrf52832_xxaa_nrf_log_frontend.c.o
                0x00000a48                nrf_log_blocking_backend_set
 .text.nrf_log_frontend_std_0
                0x00000a50       0x98 _build/nrf52832_xxaa_nrf_log_frontend.c.o
                0x00000a50                nrf_log_frontend_std_0
 .text.nrf_log_frontend_std_1
                0x00000ae8       0xa8 _build/nrf52832_xxaa_nrf_log_frontend.c.o
                0x00000ae8                nrf_log_frontend_std_1
 .text.nrf_log_frontend_dequeue
                0x00000b90      0x13c _build/nrf52832_xxaa_nrf_log_frontend.c.o
                0x00000b90                nrf_log_frontend_dequeue
 .text.app_error_handler_bare
                0x00000ccc       0x20 _build/nrf52832_xxaa_app_error.c.o
                0x00000ccc                app_error_handler_bare
 .text.app_error_fault_handler
                0x00000cec       0x3c _build/nrf52832_xxaa_app_error_weak.c.o
                0x00000cec                app_error_fault_handler
 .text.RTC1_IRQHandler
                0x00000d28       0xc4 _build/nrf52832_xxaa_app_timer.c.o
                0x00000d28                RTC1_IRQHandler
 .text.SWI0_EGU0_IRQHandler
                0x00000dec      0x654 _build/nrf52832_xxaa_app_timer.c.o
                0x00000dec                SWI0_EGU0_IRQHandler
 .text.app_util_critical_region_enter
                0x00001440       0x34 _build/nrf52832_xxaa_app_util_platform.c.o
                0x00001440                app_util_critical_region_enter
 .text.app_util_critical_region_exit
                0x00001474       0x34 _build/nrf52832_xxaa_app_util_platform.c.o
                0x00001474                app_util_critical_region_exit
 .text.assert_nrf_callback
                0x000014a8       0x1c _build/nrf52832_xxaa_nrf_assert.c.o
                0x000014a8                assert_nrf_callback
 .text.bsp_board_led_on
                0x000014c4       0x3c _build/nrf52832_xxaa_boards.c.o
                0x000014c4                bsp_board_led_on
 .text.bsp_board_led_off
                0x00001500       0x40 _build/nrf52832_xxaa_boards.c.o
                0x00001500                bsp_board_led_off
 .text.bsp_board_led_invert
                0x00001540       0x4c _build/nrf52832_xxaa_boards.c.o
                0x00001540                bsp_board_led_invert
 .text.bsp_board_leds_init
                0x0000158c       0x3c _build/nrf52832_xxaa_boards.c.o
                0x0000158c                bsp_board_leds_init
 .text.nrf_drv_common_irq_enable
                0x000015c8       0x64 _build/nrf52832_xxaa_nrf_drv_common.c.o
                0x000015c8                nrf_drv_common_irq_enable
 .text.GPIOTE_IRQHandler
                0x0000162c      0x5d4 _build/nrf52832_xxaa_nrf_drv_gpiote.c.o
                0x0000162c                GPIOTE_IRQHandler
 .text.twi_rx_start_transfer
                0x00001c00      0x1c0 _build/nrf52832_xxaa_nrf_drv_twi.c.o
 .text.twi_tx_start_transfer
                0x00001dc0      0x200 _build/nrf52832_xxaa_nrf_drv_twi.c.o
 .text.nrf_drv_twi_init
                0x00001fc0      0x448 _build/nrf52832_xxaa_nrf_drv_twi.c.o
                0x00001fc0                nrf_drv_twi_init
 .text.nrf_drv_twi_enable
                0x00002408       0x40 _build/nrf52832_xxaa_nrf_drv_twi.c.o
                0x00002408                nrf_drv_twi_enable
 .text.nrf_drv_twi_tx
                0x00002448       0xa8 _build/nrf52832_xxaa_nrf_drv_twi.c.o
                0x00002448                nrf_drv_twi_tx
 .text.nrf_drv_twi_rx
                0x000024f0       0x98 _build/nrf52832_xxaa_nrf_drv_twi.c.o
                0x000024f0                nrf_drv_twi_rx
 .text.SPIM0_SPIS0_TWIM0_TWIS0_SPI0_TWI0_IRQHandler
                0x00002588      0x1f8 _build/nrf52832_xxaa_nrf_drv_twi.c.o
                0x00002588                SPIM0_SPIS0_TWIM0_TWIS0_SPI0_TWI0_IRQHandler
 .text.SPIM1_SPIS1_TWIM1_TWIS1_SPI1_TWI1_IRQHandler
                0x00002780      0x288 _build/nrf52832_xxaa_nrf_drv_twis.c.o
                0x00002780                SPIM1_SPIS1_TWIM1_TWIS1_SPI1_TWI1_IRQHandler
 .text.nrf_drv_uart_init
                0x00002a08      0x290 _build/nrf52832_xxaa_nrf_drv_uart.c.o
                0x00002a08                nrf_drv_uart_init
 .text.nrf_drv_uart_uninit
                0x00002c98      0x16c _build/nrf52832_xxaa_nrf_drv_uart.c.o
                0x00002c98                nrf_drv_uart_uninit
 .text.nrf_drv_uart_tx
                0x00002e04      0x1ac _build/nrf52832_xxaa_nrf_drv_uart.c.o
                0x00002e04                nrf_drv_uart_tx
 .text.nrf_drv_uart_tx_in_progress
                0x00002fb0       0x18 _build/nrf52832_xxaa_nrf_drv_uart.c.o
                0x00002fb0                nrf_drv_uart_tx_in_progress
 .text.UARTE0_UART0_IRQHandler
                0x00002fc8      0x2fc _build/nrf52832_xxaa_nrf_drv_uart.c.o
                0x00002fc8                UARTE0_UART0_IRQHandler
 .text.write_byte.constprop.2
                0x000032c4       0x38 _build/nrf52832_xxaa_main.c.o
 .text.startup.main
                0x000032fc      0x45c _build/nrf52832_xxaa_main.c.o
                0x000032fc                main
 .text          0x00003758       0x3c _build/nrf52832_xxaa_gcc_startup_nrf52.S.o
                0x00003758                Reset_Handler
                0x00003780                NMI_Handler
                0x00003782                HardFault_Handler
                0x00003784                MemoryManagement_Handler
                0x00003786                BusFault_Handler
                0x00003788                UsageFault_Handler
                0x0000378a                SVC_Handler
                0x0000378c                DebugMon_Handler
                0x0000378e                PendSV_Handler
                0x00003790                SysTick_Handler
                0x00003792                RADIO_IRQHandler
                0x00003792                PDM_IRQHandler
                0x00003792                TEMP_IRQHandler
                0x00003792                QDEC_IRQHandler
                0x00003792                RTC0_IRQHandler
                0x00003792                FPU_IRQHandler
                0x00003792                PWM1_IRQHandler
                0x00003792                POWER_CLOCK_IRQHandler
                0x00003792                I2S_IRQHandler
                0x00003792                SWI4_EGU4_IRQHandler
                0x00003792                TIMER3_IRQHandler
                0x00003792                TIMER2_IRQHandler
                0x00003792                TIMER1_IRQHandler
                0x00003792                PWM2_IRQHandler
                0x00003792                ECB_IRQHandler
                0x00003792                Default_Handler
                0x00003792                SAADC_IRQHandler
                0x00003792                CCM_AAR_IRQHandler
                0x00003792                WDT_IRQHandler
                0x00003792                TIMER4_IRQHandler
                0x00003792                SWI5_EGU5_IRQHandler
                0x00003792                RNG_IRQHandler
                0x00003792                RTC2_IRQHandler
                0x00003792                PWM0_IRQHandler
                0x00003792                SWI3_EGU3_IRQHandler
                0x00003792                SWI1_EGU1_IRQHandler
                0x00003792                SPIM2_SPIS2_SPI2_IRQHandler
                0x00003792                NFCT_IRQHandler
                0x00003792                SWI2_EGU2_IRQHandler
                0x00003792                MWU_IRQHandler
                0x00003792                TIMER0_IRQHandler
                0x00003792                COMP_LPCOMP_IRQHandler
 .text.SystemInit
                0x00003794      0x2f0 _build/nrf52832_xxaa_system_nrf52.c.o
                0x00003794                SystemInit
 .text.__get_current_locale
                0x00003a84       0x18 c:/program files (x86)/gnu tools arm embedded/5.4 2016q3/bin/../lib/gcc/arm-none-eabi/5.4.1/../../../../arm-none-eabi/lib/armv7e-m/fpu\libc_nano.a(lib_a-locale.o)
 .text.__locale_ctype_ptr
                0x00003a9c       0x14 c:/program files (x86)/gnu tools arm embedded/5.4 2016q3/bin/../lib/gcc/arm-none-eabi/5.4.1/../../../../arm-none-eabi/lib/armv7e-m/fpu\libc_nano.a(lib_a-locale.o)
                0x00003a9c                __locale_ctype_ptr
 .text.__ascii_mbtowc
                0x00003ab0       0x24 c:/program files (x86)/gnu tools arm embedded/5.4 2016q3/bin/../lib/gcc/arm-none-eabi/5.4.1/../../../../arm-none-eabi/lib/armv7e-m/fpu\libc_nano.a(lib_a-mbtowc_r.o)
                0x00003ab0                __ascii_mbtowc
 .text.memcpy   0x00003ad4       0x16 c:/program files (x86)/gnu tools arm embedded/5.4 2016q3/bin/../lib/gcc/arm-none-eabi/5.4.1/../../../../arm-none-eabi/lib/armv7e-m/fpu\libc_nano.a(lib_a-memcpy-stub.o)
                0x00003ad4                memcpy
 *fill*         0x00003aea        0x2 
 .text.snprintf
                0x00003aec       0x64 c:/program files (x86)/gnu tools arm embedded/5.4 2016q3/bin/../lib/gcc/arm-none-eabi/5.4.1/../../../../arm-none-eabi/lib/armv7e-m/fpu\libc_nano.a(lib_a-snprintf.o)
                0x00003aec                sniprintf
                0x00003aec                snprintf
 .text          0x00003b50       0x10 c:/program files (x86)/gnu tools arm embedded/5.4 2016q3/bin/../lib/gcc/arm-none-eabi/5.4.1/../../../../arm-none-eabi/lib/armv7e-m/fpu\libc_nano.a(lib_a-strlen.o)
                0x00003b50                strlen
 .text.__ascii_wctomb
                0x00003b60       0x1a c:/program files (x86)/gnu tools arm embedded/5.4 2016q3/bin/../lib/gcc/arm-none-eabi/5.4.1/../../../../arm-none-eabi/lib/armv7e-m/fpu\libc_nano.a(lib_a-wctomb_r.o)
                0x00003b60                __ascii_wctomb
 .text.__ssputs_r
                0x00003b7a       0xb2 c:/program files (x86)/gnu tools arm embedded/5.4 2016q3/bin/../lib/gcc/arm-none-eabi/5.4.1/../../../../arm-none-eabi/lib/armv7e-m/fpu\libc_nano.a(lib_a-nano-svfprintf.o)
                0x00003b7a                __ssputs_r
 .text._svfprintf_r
                0x00003c2c      0x1e8 c:/program files (x86)/gnu tools arm embedded/5.4 2016q3/bin/../lib/gcc/arm-none-eabi/5.4.1/../../../../arm-none-eabi/lib/armv7e-m/fpu\libc_nano.a(lib_a-nano-svfprintf.o)
                0x00003c2c                _svfiprintf_r
                0x00003c2c                _svfprintf_r
 .text._printf_common
                0x00003e14       0xec c:/program files (x86)/gnu tools arm embedded/5.4 2016q3/bin/../lib/gcc/arm-none-eabi/5.4.1/../../../../arm-none-eabi/lib/armv7e-m/fpu\libc_nano.a(lib_a-nano-vfprintf_i.o)
                0x00003e14                _printf_common
 .text._printf_i
                0x00003f00      0x24c c:/program files (x86)/gnu tools arm embedded/5.4 2016q3/bin/../lib/gcc/arm-none-eabi/5.4.1/../../../../arm-none-eabi/lib/armv7e-m/fpu\libc_nano.a(lib_a-nano-vfprintf_i.o)
                0x00003f00                _printf_i
 *fill*         0x0000414c        0x4 
 .text          0x00004150       0xa0 c:/program files (x86)/gnu tools arm embedded/5.4 2016q3/bin/../lib/gcc/arm-none-eabi/5.4.1/../../../../arm-none-eabi/lib/armv7e-m/fpu\libc_nano.a(lib_a-memchr.o)
                0x00004150                memchr
 .text.memmove  0x000041f0       0x36 c:/program files (x86)/gnu tools arm embedded/5.4 2016q3/bin/../lib/gcc/arm-none-eabi/5.4.1/../../../../arm-none-eabi/lib/armv7e-m/fpu\libc_nano.a(lib_a-memmove.o)
                0x000041f0                memmove
 *fill*         0x00004226        0x2 
 .text._free_r  0x00004228       0x9c c:/program files (x86)/gnu tools arm embedded/5.4 2016q3/bin/../lib/gcc/arm-none-eabi/5.4.1/../../../../arm-none-eabi/lib/armv7e-m/fpu\libc_nano.a(lib_a-nano-freer.o)
                0x00004228                _free_r
 .text._malloc_r
                0x000042c4       0xbc c:/program files (x86)/gnu tools arm embedded/5.4 2016q3/bin/../lib/gcc/arm-none-eabi/5.4.1/../../../../arm-none-eabi/lib/armv7e-m/fpu\libc_nano.a(lib_a-nano-mallocr.o)
                0x000042c4                _malloc_r
 .text._realloc_r
                0x00004380       0x4c c:/program files (x86)/gnu tools arm embedded/5.4 2016q3/bin/../lib/gcc/arm-none-eabi/5.4.1/../../../../arm-none-eabi/lib/armv7e-m/fpu\libc_nano.a(lib_a-nano-reallocr.o)
                0x00004380                _realloc_r
 .text._sbrk_r  0x000043cc       0x20 c:/program files (x86)/gnu tools arm embedded/5.4 2016q3/bin/../lib/gcc/arm-none-eabi/5.4.1/../../../../arm-none-eabi/lib/armv7e-m/fpu\libc_nano.a(lib_a-sbrkr.o)
                0x000043cc                _sbrk_r
 .text.__malloc_lock
                0x000043ec        0x2 c:/program files (x86)/gnu tools arm embedded/5.4 2016q3/bin/../lib/gcc/arm-none-eabi/5.4.1/../../../../arm-none-eabi/lib/armv7e-m/fpu\libc_nano.a(lib_a-mlock.o)
                0x000043ec                __malloc_lock
 .text.__malloc_unlock
                0x000043ee        0x2 c:/program files (x86)/gnu tools arm embedded/5.4 2016q3/bin/../lib/gcc/arm-none-eabi/5.4.1/../../../../arm-none-eabi/lib/armv7e-m/fpu\libc_nano.a(lib_a-mlock.o)
                0x000043ee                __malloc_unlock
 .text._malloc_usable_size_r
                0x000043f0       0x14 c:/program files (x86)/gnu tools arm embedded/5.4 2016q3/bin/../lib/gcc/arm-none-eabi/5.4.1/../../../../arm-none-eabi/lib/armv7e-m/fpu\libc_nano.a(lib_a-nano-msizer.o)
                0x000043f0                _malloc_usable_size_r
 .text._sbrk    0x00004404       0x1c c:/program files (x86)/gnu tools arm embedded/5.4 2016q3/bin/../lib/gcc/arm-none-eabi/5.4.1/../../../../arm-none-eabi/lib/armv7e-m/fpu\libnosys.a(sbrk.o)
                0x00004404                _sbrk
 *(.init)
 .init          0x00004420        0x4 c:/program files (x86)/gnu tools arm embedded/5.4 2016q3/bin/../lib/gcc/arm-none-eabi/5.4.1/armv7e-m/fpu/crti.o
                0x00004420                _init
 .init          0x00004424        0x8 c:/program files (x86)/gnu tools arm embedded/5.4 2016q3/bin/../lib/gcc/arm-none-eabi/5.4.1/armv7e-m/fpu/crtn.o
 *(.fini)
 .fini          0x0000442c        0x4 c:/program files (x86)/gnu tools arm embedded/5.4 2016q3/bin/../lib/gcc/arm-none-eabi/5.4.1/armv7e-m/fpu/crti.o
                0x0000442c                _fini
 .fini          0x00004430        0x8 c:/program files (x86)/gnu tools arm embedded/5.4 2016q3/bin/../lib/gcc/arm-none-eabi/5.4.1/armv7e-m/fpu/crtn.o
 *crtbegin.o(.ctors)
 *crtbegin?.o(.ctors)
 *(EXCLUDE_FILE(*crtend.o *crtend?.o) .ctors)
 *(SORT(.ctors.*))
 *(.ctors)
 *crtbegin.o(.dtors)
 *crtbegin?.o(.dtors)
 *(EXCLUDE_FILE(*crtend.o *crtend?.o) .dtors)
 *(SORT(.dtors.*))
 *(.dtors)
 *(.rodata*)
 .rodata._global_impure_ptr
                0x00004438        0x4 c:/program files (x86)/gnu tools arm embedded/5.4 2016q3/bin/../lib/gcc/arm-none-eabi/5.4.1/../../../../arm-none-eabi/lib/armv7e-m/fpu\libc_nano.a(lib_a-impure.o)
                0x00004438                _global_impure_ptr
 .rodata        0x0000443c       0x20 _build/nrf52832_xxaa_nrf_log_backend_serial.c.o
 .rodata.str1.4
                0x0000445c        0x7 _build/nrf52832_xxaa_nrf_log_backend_serial.c.o
 *fill*         0x00004463        0x1 
 .rodata.str1.4
                0x00004464        0xb _build/nrf52832_xxaa_nrf_log_frontend.c.o
 *fill*         0x0000446f        0x1 
 .rodata.str1.4
                0x00004470       0x18 _build/nrf52832_xxaa_app_error_weak.c.o
 .rodata.str1.4
                0x00004488       0x55 _build/nrf52832_xxaa_app_util_platform.c.o
 *fill*         0x000044dd        0x3 
 .rodata.str1.4
                0x000044e0       0x91 _build/nrf52832_xxaa_boards.c.o
 *fill*         0x00004571        0x3 
 .rodata.m_board_led_list
                0x00004574        0x4 _build/nrf52832_xxaa_boards.c.o
 .rodata.str1.4
                0x00004578       0x56 _build/nrf52832_xxaa_nrf_drv_common.c.o
 *fill*         0x000045ce        0x2 
 .rodata.str1.4
                0x000045d0       0x56 _build/nrf52832_xxaa_nrf_drv_gpiote.c.o
                                 0xa5 (size before relaxing)
 *fill*         0x00004626        0x2 
 .rodata.str1.4
                0x00004628       0x57 _build/nrf52832_xxaa_nrf_drv_twi.c.o
                                 0xa5 (size before relaxing)
 *fill*         0x0000467f        0x1 
 .rodata.str1.4
                0x00004680       0x52 _build/nrf52832_xxaa_nrf_drv_uart.c.o
                                 0xa1 (size before relaxing)
 *fill*         0x000046d2        0x2 
 .rodata.m_twi_master
                0x000046d4        0x8 _build/nrf52832_xxaa_main.c.o
 .rodata.str1.4
                0x000046dc      0x188 _build/nrf52832_xxaa_main.c.o
                                0x186 (size before relaxing)
 .rodata.str1.1
                0x00004864        0xa c:/program files (x86)/gnu tools arm embedded/5.4 2016q3/bin/../lib/gcc/arm-none-eabi/5.4.1/../../../../arm-none-eabi/lib/armv7e-m/fpu\libc_nano.a(lib_a-locale.o)
                                  0xb (size before relaxing)
 .rodata._ctype_
                0x0000486e      0x101 c:/program files (x86)/gnu tools arm embedded/5.4 2016q3/bin/../lib/gcc/arm-none-eabi/5.4.1/../../../../arm-none-eabi/lib/armv7e-m/fpu\libc_nano.a(lib_a-ctype_.o)
                0x0000486e                _ctype_
 .rodata.str1.1
                0x0000496f       0x11 c:/program files (x86)/gnu tools arm embedded/5.4 2016q3/bin/../lib/gcc/arm-none-eabi/5.4.1/../../../../arm-none-eabi/lib/armv7e-m/fpu\libc_nano.a(lib_a-nano-svfprintf.o)
 .rodata.str1.1
                0x00004980       0x22 c:/program files (x86)/gnu tools arm embedded/5.4 2016q3/bin/../lib/gcc/arm-none-eabi/5.4.1/../../../../arm-none-eabi/lib/armv7e-m/fpu\libc_nano.a(lib_a-nano-vfprintf_i.o)
 *(.eh_frame*)
 *fill*         0x000049a2        0x2 
 .eh_frame      0x000049a4        0x0 c:/program files (x86)/gnu tools arm embedded/5.4 2016q3/bin/../lib/gcc/arm-none-eabi/5.4.1/armv7e-m/fpu/crtbegin.o
 .eh_frame      0x000049a4        0x4 c:/program files (x86)/gnu tools arm embedded/5.4 2016q3/bin/../lib/gcc/arm-none-eabi/5.4.1/armv7e-m/fpu/crtend.o

.glue_7         0x000049a8        0x0
 .glue_7        0x000049a8        0x0 linker stubs

.glue_7t        0x000049a8        0x0
 .glue_7t       0x000049a8        0x0 linker stubs

.vfp11_veneer   0x000049a8        0x0
 .vfp11_veneer  0x000049a8        0x0 linker stubs

.v4_bx          0x000049a8        0x0
 .v4_bx         0x000049a8        0x0 linker stubs

.iplt           0x000049a8        0x0
 .iplt          0x000049a8        0x0 c:/program files (x86)/gnu tools arm embedded/5.4 2016q3/bin/../lib/gcc/arm-none-eabi/5.4.1/armv7e-m/fpu/crtbegin.o

.ARM.extab
 *(.ARM.extab* .gnu.linkonce.armextab.*)
                0x000049a8                __exidx_start = .

.ARM.exidx      0x000049a8        0x8
 *(.ARM.exidx* .gnu.linkonce.armexidx.*)
 .ARM.exidx     0x000049a8        0x8 c:/program files (x86)/gnu tools arm embedded/5.4 2016q3/bin/../lib/gcc/arm-none-eabi/5.4.1/../../../../arm-none-eabi/lib/armv7e-m/fpu/crt0.o
                0x000049b0                __exidx_end = .
                0x000049b0                __etext = .

.rel.dyn        0x000049b0        0x0
 .rel.iplt      0x000049b0        0x0 c:/program files (x86)/gnu tools arm embedded/5.4 2016q3/bin/../lib/gcc/arm-none-eabi/5.4.1/armv7e-m/fpu/crtbegin.o

.data           0x20000000      0x1e8 load address 0x000049b0
                0x20000000                __data_start__ = .
 *(vtable)
 *(.data*)
 .data.impure_data
                0x20000000       0x60 c:/program files (x86)/gnu tools arm embedded/5.4 2016q3/bin/../lib/gcc/arm-none-eabi/5.4.1/../../../../arm-none-eabi/lib/armv7e-m/fpu\libc_nano.a(lib_a-impure.o)
 .data._impure_ptr
                0x20000060        0x4 c:/program files (x86)/gnu tools arm embedded/5.4 2016q3/bin/../lib/gcc/arm-none-eabi/5.4.1/../../../../arm-none-eabi/lib/armv7e-m/fpu\libc_nano.a(lib_a-impure.o)
                0x20000060                _impure_ptr
 .data.m_uart   0x20000064        0x8 _build/nrf52832_xxaa_nrf_log_backend_serial.c.o
 .data.SystemCoreClock
                0x2000006c        0x4 _build/nrf52832_xxaa_system_nrf52.c.o
                0x2000006c                SystemCoreClock
 .data.__global_locale
                0x20000070      0x16c c:/program files (x86)/gnu tools arm embedded/5.4 2016q3/bin/../lib/gcc/arm-none-eabi/5.4.1/../../../../arm-none-eabi/lib/armv7e-m/fpu\libc_nano.a(lib_a-locale.o)
                0x20000070                __global_locale
                0x200001dc                . = ALIGN (0x4)
                0x200001dc                PROVIDE (__preinit_array_start, .)
 *(.preinit_array)
                0x200001dc                PROVIDE (__preinit_array_end, .)
                0x200001dc                . = ALIGN (0x4)
                0x200001dc                PROVIDE (__init_array_start, .)
 *(SORT(.init_array.*))
 *(.init_array)
 .init_array    0x200001dc        0x4 c:/program files (x86)/gnu tools arm embedded/5.4 2016q3/bin/../lib/gcc/arm-none-eabi/5.4.1/armv7e-m/fpu/crtbegin.o
                0x200001e0                PROVIDE (__init_array_end, .)
                0x200001e0                . = ALIGN (0x4)
                [!provide]                PROVIDE (__fini_array_start, .)
 *(SORT(.fini_array.*))
 *(.fini_array)
 .fini_array    0x200001e0        0x4 c:/program files (x86)/gnu tools arm embedded/5.4 2016q3/bin/../lib/gcc/arm-none-eabi/5.4.1/armv7e-m/fpu/crtbegin.o
                [!provide]                PROVIDE (__fini_array_end, .)
 *(.jcr*)
 .jcr           0x200001e4        0x0 c:/program files (x86)/gnu tools arm embedded/5.4 2016q3/bin/../lib/gcc/arm-none-eabi/5.4.1/armv7e-m/fpu/crtbegin.o
 .jcr           0x200001e4        0x4 c:/program files (x86)/gnu tools arm embedded/5.4 2016q3/bin/../lib/gcc/arm-none-eabi/5.4.1/armv7e-m/fpu/crtend.o
                0x200001e8                . = ALIGN (0x4)
                0x200001e8                __data_end__ = .
LOAD c:/program files (x86)/gnu tools arm embedded/5.4 2016q3/bin/../lib/gcc/arm-none-eabi/5.4.1/armv7e-m/fpu/crti.o
LOAD c:/program files (x86)/gnu tools arm embedded/5.4 2016q3/bin/../lib/gcc/arm-none-eabi/5.4.1/armv7e-m/fpu/crtbegin.o
LOAD c:/program files (x86)/gnu tools arm embedded/5.4 2016q3/bin/../lib/gcc/arm-none-eabi/5.4.1/../../../../arm-none-eabi/lib/armv7e-m/fpu/crt0.o
LOAD c:/program files (x86)/gnu tools arm embedded/5.4 2016q3/bin/../lib/gcc/arm-none-eabi/5.4.1/../../../../arm-none-eabi/lib/armv7e-m/fpu\libc_nano.a
LOAD c:/program files (x86)/gnu tools arm embedded/5.4 2016q3/bin/../lib/gcc/arm-none-eabi/5.4.1/../../../../arm-none-eabi/lib/armv7e-m/fpu\libnosys.a
LOAD _build/nrf52832_xxaa_nrf_log_backend_serial.c.o
LOAD _build/nrf52832_xxaa_nrf_log_frontend.c.o
LOAD _build/nrf52832_xxaa_app_button.c.o
LOAD _build/nrf52832_xxaa_app_error.c.o
LOAD _build/nrf52832_xxaa_app_error_weak.c.o
LOAD _build/nrf52832_xxaa_app_fifo.c.o
LOAD _build/nrf52832_xxaa_app_timer.c.o
LOAD _build/nrf52832_xxaa_app_uart_fifo.c.o
LOAD _build/nrf52832_xxaa_app_util_platform.c.o
LOAD _build/nrf52832_xxaa_nrf_assert.c.o
LOAD _build/nrf52832_xxaa_retarget.c.o
LOAD _build/nrf52832_xxaa_sdk_errors.c.o
LOAD _build/nrf52832_xxaa_boards.c.o
LOAD _build/nrf52832_xxaa_nrf_drv_common.c.o
LOAD _build/nrf52832_xxaa_nrf_drv_gpiote.c.o
LOAD _build/nrf52832_xxaa_nrf_drv_twi.c.o
LOAD _build/nrf52832_xxaa_nrf_drv_twis.c.o
LOAD _build/nrf52832_xxaa_nrf_drv_uart.c.o
LOAD _build/nrf52832_xxaa_bsp.c.o
LOAD _build/nrf52832_xxaa_bsp_nfc.c.o
LOAD _build/nrf52832_xxaa_main.c.o
LOAD _build/nrf52832_xxaa_RTT_Syscalls_GCC.c.o
LOAD _build/nrf52832_xxaa_SEGGER_RTT.c.o
LOAD _build/nrf52832_xxaa_SEGGER_RTT_printf.c.o
LOAD _build/nrf52832_xxaa_gcc_startup_nrf52.S.o
LOAD _build/nrf52832_xxaa_system_nrf52.c.o
LOAD _build/nrf52832_xxaa_lis2de.c.o
LOAD _build/nrf52832_xxaa_vl53l0.c.o
LOAD _build/nrf52832_xxaa_si1153.c.o
LOAD _build/nrf52832_xxaa_lis3mdl.c.o
LOAD _build/nrf52832_xxaa_i2c_driver.c.o
LOAD c:/program files (x86)/gnu tools arm embedded/5.4 2016q3/bin/../lib/gcc/arm-none-eabi/5.4.1/../../../../arm-none-eabi/lib/armv7e-m/fpu\libm.a
START GROUP
LOAD c:/program files (x86)/gnu tools arm embedded/5.4 2016q3/bin/../lib/gcc/arm-none-eabi/5.4.1/armv7e-m/fpu\libgcc.a
LOAD c:/program files (x86)/gnu tools arm embedded/5.4 2016q3/bin/../lib/gcc/arm-none-eabi/5.4.1/../../../../arm-none-eabi/lib/armv7e-m/fpu\libc_nano.a
END GROUP
START GROUP
LOAD c:/program files (x86)/gnu tools arm embedded/5.4 2016q3/bin/../lib/gcc/arm-none-eabi/5.4.1/armv7e-m/fpu\libgcc.a
LOAD c:/program files (x86)/gnu tools arm embedded/5.4 2016q3/bin/../lib/gcc/arm-none-eabi/5.4.1/../../../../arm-none-eabi/lib/armv7e-m/fpu\libc_nano.a
END GROUP
LOAD c:/program files (x86)/gnu tools arm embedded/5.4 2016q3/bin/../lib/gcc/arm-none-eabi/5.4.1/armv7e-m/fpu/crtend.o
LOAD c:/program files (x86)/gnu tools arm embedded/5.4 2016q3/bin/../lib/gcc/arm-none-eabi/5.4.1/armv7e-m/fpu/crtn.o
START GROUP
LOAD c:/program files (x86)/gnu tools arm embedded/5.4 2016q3/bin/../lib/gcc/arm-none-eabi/5.4.1/armv7e-m/fpu\libgcc.a
LOAD c:/program files (x86)/gnu tools arm embedded/5.4 2016q3/bin/../lib/gcc/arm-none-eabi/5.4.1/../../../../arm-none-eabi/lib/armv7e-m/fpu\libc.a
LOAD c:/program files (x86)/gnu tools arm embedded/5.4 2016q3/bin/../lib/gcc/arm-none-eabi/5.4.1/../../../../arm-none-eabi/lib/armv7e-m/fpu\libnosys.a
END GROUP

.igot.plt       0x200001e8        0x0 load address 0x00004b98
 .igot.plt      0x200001e8        0x0 c:/program files (x86)/gnu tools arm embedded/5.4 2016q3/bin/../lib/gcc/arm-none-eabi/5.4.1/armv7e-m/fpu/crtbegin.o

.fs_data        0x200001e8        0x0
                [!provide]                PROVIDE (__start_fs_data, .)
 *(.fs_data)
                [!provide]                PROVIDE (__stop_fs_data, .)

.pwr_mgmt_data  0x200001e8        0x0
                [!provide]                PROVIDE (__start_pwr_mgmt_data, .)
 *(.pwr_mgmt_data)
                [!provide]                PROVIDE (__stop_pwr_mgmt_data, .)

.bss            0x200001e8      0x620 load address 0x00004b98
                0x200001e8                . = ALIGN (0x4)
                0x200001e8                __bss_start__ = .
 *(.bss*)
 .bss           0x200001e8       0x1c c:/program files (x86)/gnu tools arm embedded/5.4 2016q3/bin/../lib/gcc/arm-none-eabi/5.4.1/armv7e-m/fpu/crtbegin.o
 .bss.m_uart_buffer
                0x20000204      0x100 _build/nrf52832_xxaa_nrf_log_backend_serial.c.o
 .bss.m_rx_done
                0x20000304        0x1 _build/nrf52832_xxaa_nrf_log_backend_serial.c.o
 .bss.m_blocking_mode
                0x20000305        0x1 _build/nrf52832_xxaa_nrf_log_backend_serial.c.o
 .bss.m_initialized
                0x20000306        0x1 _build/nrf52832_xxaa_nrf_log_backend_serial.c.o
 *fill*         0x20000307        0x1 
 .bss.m_log_data
                0x20000308      0x418 _build/nrf52832_xxaa_nrf_log_frontend.c.o
 .bss.m_ticks_latest
                0x20000720        0x4 _build/nrf52832_xxaa_app_timer.c.o
 .bss.mp_timer_id_head
                0x20000724        0x4 _build/nrf52832_xxaa_app_timer.c.o
 .bss.m_evt_schedule_func
                0x20000728        0x4 _build/nrf52832_xxaa_app_timer.c.o
 .bss.m_ticks_elapsed_q_read_ind
                0x2000072c        0x1 _build/nrf52832_xxaa_app_timer.c.o
 .bss.m_ticks_elapsed_q_write_ind
                0x2000072d        0x1 _build/nrf52832_xxaa_app_timer.c.o
 .bss.m_rtc1_reset
                0x2000072e        0x1 _build/nrf52832_xxaa_app_timer.c.o
 *fill*         0x2000072f        0x1 
 .bss.m_op_queue
                0x20000730        0x8 _build/nrf52832_xxaa_app_timer.c.o
 .bss.m_ticks_elapsed
                0x20000738        0x8 _build/nrf52832_xxaa_app_timer.c.o
 .bss.m_rtc1_running
                0x20000740        0x1 _build/nrf52832_xxaa_app_timer.c.o
 *fill*         0x20000741        0x3 
 .bss.m_in_critical_region
                0x20000744        0x4 _build/nrf52832_xxaa_app_util_platform.c.o
 .bss.m_cb      0x20000748       0x58 _build/nrf52832_xxaa_nrf_drv_gpiote.c.o
 .bss.m_cb      0x200007a0       0x28 _build/nrf52832_xxaa_nrf_drv_twi.c.o
 .bss.m_sm_semaphore
                0x200007c8        0x1 _build/nrf52832_xxaa_nrf_drv_twis.c.o
 *fill*         0x200007c9        0x3 
 .bss.m_var_inst
                0x200007cc        0xc _build/nrf52832_xxaa_nrf_drv_twis.c.o
 .bss.m_cb      0x200007d8       0x20 _build/nrf52832_xxaa_nrf_drv_uart.c.o
 .bss.__malloc_sbrk_start
                0x200007f8        0x4 c:/program files (x86)/gnu tools arm embedded/5.4 2016q3/bin/../lib/gcc/arm-none-eabi/5.4.1/../../../../arm-none-eabi/lib/armv7e-m/fpu\libc_nano.a(lib_a-nano-mallocr.o)
                0x200007f8                __malloc_sbrk_start
 .bss.__malloc_free_list
                0x200007fc        0x4 c:/program files (x86)/gnu tools arm embedded/5.4 2016q3/bin/../lib/gcc/arm-none-eabi/5.4.1/../../../../arm-none-eabi/lib/armv7e-m/fpu\libc_nano.a(lib_a-nano-mallocr.o)
                0x200007fc                __malloc_free_list
 .bss.heap_end.4169
                0x20000800        0x4 c:/program files (x86)/gnu tools arm embedded/5.4 2016q3/bin/../lib/gcc/arm-none-eabi/5.4.1/../../../../arm-none-eabi/lib/armv7e-m/fpu\libnosys.a(sbrk.o)
 *(COMMON)
 COMMON         0x20000804        0x4 c:/program files (x86)/gnu tools arm embedded/5.4 2016q3/bin/../lib/gcc/arm-none-eabi/5.4.1/../../../../arm-none-eabi/lib/armv7e-m/fpu\libc_nano.a(lib_a-reent.o)
                0x20000804                errno
                0x20000808                . = ALIGN (0x4)
                0x20000808                __bss_end__ = .

.heap           0x20000808     0x2000
                0x20000808                __HeapBase = .
                0x20000808                __end__ = .
                0x20000808                PROVIDE (end, .)
 *(.heap*)
 .heap          0x20000808     0x2000 _build/nrf52832_xxaa_gcc_startup_nrf52.S.o
                0x20002808                __HeapLimit = .

.stack_dummy    0x20000808     0x2000
 *(.stack*)
 .stack         0x20000808     0x2000 _build/nrf52832_xxaa_gcc_startup_nrf52.S.o
                0x20010000                __StackTop = (ORIGIN (RAM) + LENGTH (RAM))
                0x2000e000                __StackLimit = (__StackTop - SIZEOF (.stack_dummy))
                0x20010000                PROVIDE (__stack, __StackTop)
                0x00000001                ASSERT ((__StackLimit >= __HeapLimit), region RAM overflowed with stack)
OUTPUT(_build/nrf52832_xxaa.out elf32-littlearm)

.ARM.attributes
                0x00000000       0x30
 .ARM.attributes
                0x00000000       0x22 c:/program files (x86)/gnu tools arm embedded/5.4 2016q3/bin/../lib/gcc/arm-none-eabi/5.4.1/armv7e-m/fpu/crti.o
 .ARM.attributes
                0x00000022       0x34 c:/program files (x86)/gnu tools arm embedded/5.4 2016q3/bin/../lib/gcc/arm-none-eabi/5.4.1/armv7e-m/fpu/crtbegin.o
 .ARM.attributes
                0x00000056       0x20 c:/program files (x86)/gnu tools arm embedded/5.4 2016q3/bin/../lib/gcc/arm-none-eabi/5.4.1/../../../../arm-none-eabi/lib/armv7e-m/fpu/crt0.o
 .ARM.attributes
                0x00000076       0x34 c:/program files (x86)/gnu tools arm embedded/5.4 2016q3/bin/../lib/gcc/arm-none-eabi/5.4.1/../../../../arm-none-eabi/lib/armv7e-m/fpu\libc_nano.a(lib_a-exit.o)
 .ARM.attributes
                0x000000aa       0x34 c:/program files (x86)/gnu tools arm embedded/5.4 2016q3/bin/../lib/gcc/arm-none-eabi/5.4.1/../../../../arm-none-eabi/lib/armv7e-m/fpu\libc_nano.a(lib_a-impure.o)
 .ARM.attributes
                0x000000de       0x34 c:/program files (x86)/gnu tools arm embedded/5.4 2016q3/bin/../lib/gcc/arm-none-eabi/5.4.1/../../../../arm-none-eabi/lib/armv7e-m/fpu\libc_nano.a(lib_a-init.o)
 .ARM.attributes
                0x00000112       0x34 c:/program files (x86)/gnu tools arm embedded/5.4 2016q3/bin/../lib/gcc/arm-none-eabi/5.4.1/../../../../arm-none-eabi/lib/armv7e-m/fpu\libc_nano.a(lib_a-memset.o)
 .ARM.attributes
                0x00000146       0x34 c:/program files (x86)/gnu tools arm embedded/5.4 2016q3/bin/../lib/gcc/arm-none-eabi/5.4.1/../../../../arm-none-eabi/lib/armv7e-m/fpu\libnosys.a(_exit.o)
 .ARM.attributes
                0x0000017a       0x39 _build/nrf52832_xxaa_nrf_log_backend_serial.c.o
 .ARM.attributes
                0x000001b3       0x39 _build/nrf52832_xxaa_nrf_log_frontend.c.o
 .ARM.attributes
                0x000001ec       0x39 _build/nrf52832_xxaa_app_error.c.o
 .ARM.attributes
                0x00000225       0x39 _build/nrf52832_xxaa_app_error_weak.c.o
 .ARM.attributes
                0x0000025e       0x39 _build/nrf52832_xxaa_app_timer.c.o
 .ARM.attributes
                0x00000297       0x39 _build/nrf52832_xxaa_app_util_platform.c.o
 .ARM.attributes
                0x000002d0       0x39 _build/nrf52832_xxaa_nrf_assert.c.o
 .ARM.attributes
                0x00000309       0x39 _build/nrf52832_xxaa_boards.c.o
 .ARM.attributes
                0x00000342       0x39 _build/nrf52832_xxaa_nrf_drv_common.c.o
 .ARM.attributes
                0x0000037b       0x39 _build/nrf52832_xxaa_nrf_drv_gpiote.c.o
 .ARM.attributes
                0x000003b4       0x39 _build/nrf52832_xxaa_nrf_drv_twi.c.o
 .ARM.attributes
                0x000003ed       0x39 _build/nrf52832_xxaa_nrf_drv_twis.c.o
 .ARM.attributes
                0x00000426       0x39 _build/nrf52832_xxaa_nrf_drv_uart.c.o
 .ARM.attributes
                0x0000045f       0x39 _build/nrf52832_xxaa_main.c.o
 .ARM.attributes
                0x00000498       0x1c _build/nrf52832_xxaa_gcc_startup_nrf52.S.o
 .ARM.attributes
                0x000004b4       0x39 _build/nrf52832_xxaa_system_nrf52.c.o
 .ARM.attributes
                0x000004ed       0x34 c:/program files (x86)/gnu tools arm embedded/5.4 2016q3/bin/../lib/gcc/arm-none-eabi/5.4.1/../../../../arm-none-eabi/lib/armv7e-m/fpu\libc_nano.a(lib_a-locale.o)
 .ARM.attributes
                0x00000521       0x34 c:/program files (x86)/gnu tools arm embedded/5.4 2016q3/bin/../lib/gcc/arm-none-eabi/5.4.1/../../../../arm-none-eabi/lib/armv7e-m/fpu\libc_nano.a(lib_a-mbtowc_r.o)
 .ARM.attributes
                0x00000555       0x34 c:/program files (x86)/gnu tools arm embedded/5.4 2016q3/bin/../lib/gcc/arm-none-eabi/5.4.1/../../../../arm-none-eabi/lib/armv7e-m/fpu\libc_nano.a(lib_a-memcpy-stub.o)
 .ARM.attributes
                0x00000589       0x34 c:/program files (x86)/gnu tools arm embedded/5.4 2016q3/bin/../lib/gcc/arm-none-eabi/5.4.1/../../../../arm-none-eabi/lib/armv7e-m/fpu\libc_nano.a(lib_a-snprintf.o)
 .ARM.attributes
                0x000005bd       0x1b c:/program files (x86)/gnu tools arm embedded/5.4 2016q3/bin/../lib/gcc/arm-none-eabi/5.4.1/../../../../arm-none-eabi/lib/armv7e-m/fpu\libc_nano.a(lib_a-strlen.o)
 .ARM.attributes
                0x000005d8       0x34 c:/program files (x86)/gnu tools arm embedded/5.4 2016q3/bin/../lib/gcc/arm-none-eabi/5.4.1/../../../../arm-none-eabi/lib/armv7e-m/fpu\libc_nano.a(lib_a-wctomb_r.o)
 .ARM.attributes
                0x0000060c       0x34 c:/program files (x86)/gnu tools arm embedded/5.4 2016q3/bin/../lib/gcc/arm-none-eabi/5.4.1/../../../../arm-none-eabi/lib/armv7e-m/fpu\libc_nano.a(lib_a-ctype_.o)
 .ARM.attributes
                0x00000640       0x34 c:/program files (x86)/gnu tools arm embedded/5.4 2016q3/bin/../lib/gcc/arm-none-eabi/5.4.1/../../../../arm-none-eabi/lib/armv7e-m/fpu\libc_nano.a(lib_a-nano-svfprintf.o)
 .ARM.attributes
                0x00000674       0x34 c:/program files (x86)/gnu tools arm embedded/5.4 2016q3/bin/../lib/gcc/arm-none-eabi/5.4.1/../../../../arm-none-eabi/lib/armv7e-m/fpu\libc_nano.a(lib_a-nano-vfprintf_i.o)
 .ARM.attributes
                0x000006a8       0x20 c:/program files (x86)/gnu tools arm embedded/5.4 2016q3/bin/../lib/gcc/arm-none-eabi/5.4.1/../../../../arm-none-eabi/lib/armv7e-m/fpu\libc_nano.a(lib_a-memchr.o)
 .ARM.attributes
                0x000006c8       0x34 c:/program files (x86)/gnu tools arm embedded/5.4 2016q3/bin/../lib/gcc/arm-none-eabi/5.4.1/../../../../arm-none-eabi/lib/armv7e-m/fpu\libc_nano.a(lib_a-memmove.o)
 .ARM.attributes
                0x000006fc       0x34 c:/program files (x86)/gnu tools arm embedded/5.4 2016q3/bin/../lib/gcc/arm-none-eabi/5.4.1/../../../../arm-none-eabi/lib/armv7e-m/fpu\libc_nano.a(lib_a-nano-freer.o)
 .ARM.attributes
                0x00000730       0x34 c:/program files (x86)/gnu tools arm embedded/5.4 2016q3/bin/../lib/gcc/arm-none-eabi/5.4.1/../../../../arm-none-eabi/lib/armv7e-m/fpu\libc_nano.a(lib_a-nano-mallocr.o)
 .ARM.attributes
                0x00000764       0x34 c:/program files (x86)/gnu tools arm embedded/5.4 2016q3/bin/../lib/gcc/arm-none-eabi/5.4.1/../../../../arm-none-eabi/lib/armv7e-m/fpu\libc_nano.a(lib_a-nano-reallocr.o)
 .ARM.attributes
                0x00000798       0x34 c:/program files (x86)/gnu tools arm embedded/5.4 2016q3/bin/../lib/gcc/arm-none-eabi/5.4.1/../../../../arm-none-eabi/lib/armv7e-m/fpu\libc_nano.a(lib_a-sbrkr.o)
 .ARM.attributes
                0x000007cc       0x34 c:/program files (x86)/gnu tools arm embedded/5.4 2016q3/bin/../lib/gcc/arm-none-eabi/5.4.1/../../../../arm-none-eabi/lib/armv7e-m/fpu\libc_nano.a(lib_a-mlock.o)
 .ARM.attributes
                0x00000800       0x34 c:/program files (x86)/gnu tools arm embedded/5.4 2016q3/bin/../lib/gcc/arm-none-eabi/5.4.1/../../../../arm-none-eabi/lib/armv7e-m/fpu\libc_nano.a(lib_a-nano-msizer.o)
 .ARM.attributes
                0x00000834       0x34 c:/program files (x86)/gnu tools arm embedded/5.4 2016q3/bin/../lib/gcc/arm-none-eabi/5.4.1/../../../../arm-none-eabi/lib/armv7e-m/fpu\libc_nano.a(lib_a-reent.o)
 .ARM.attributes
                0x00000868       0x34 c:/program files (x86)/gnu tools arm embedded/5.4 2016q3/bin/../lib/gcc/arm-none-eabi/5.4.1/armv7e-m/fpu/crtend.o
 .ARM.attributes
                0x0000089c       0x22 c:/program files (x86)/gnu tools arm embedded/5.4 2016q3/bin/../lib/gcc/arm-none-eabi/5.4.1/armv7e-m/fpu/crtn.o
 .ARM.attributes
                0x000008be       0x34 c:/program files (x86)/gnu tools arm embedded/5.4 2016q3/bin/../lib/gcc/arm-none-eabi/5.4.1/../../../../arm-none-eabi/lib/armv7e-m/fpu\libnosys.a(sbrk.o)

.comment        0x00000000       0x6e
 .comment       0x00000000       0x6e _build/nrf52832_xxaa_nrf_log_backend_serial.c.o
                                 0x6f (size before relaxing)
 .comment       0x0000006e       0x6f _build/nrf52832_xxaa_nrf_log_frontend.c.o
 .comment       0x0000006e       0x6f _build/nrf52832_xxaa_app_error.c.o
 .comment       0x0000006e       0x6f _build/nrf52832_xxaa_app_error_weak.c.o
 .comment       0x0000006e       0x6f _build/nrf52832_xxaa_app_timer.c.o
 .comment       0x0000006e       0x6f _build/nrf52832_xxaa_app_util_platform.c.o
 .comment       0x0000006e       0x6f _build/nrf52832_xxaa_nrf_assert.c.o
 .comment       0x0000006e       0x6f _build/nrf52832_xxaa_boards.c.o
 .comment       0x0000006e       0x6f _build/nrf52832_xxaa_nrf_drv_common.c.o
 .comment       0x0000006e       0x6f _build/nrf52832_xxaa_nrf_drv_gpiote.c.o
 .comment       0x0000006e       0x6f _build/nrf52832_xxaa_nrf_drv_twi.c.o
 .comment       0x0000006e       0x6f _build/nrf52832_xxaa_nrf_drv_twis.c.o
 .comment       0x0000006e       0x6f _build/nrf52832_xxaa_nrf_drv_uart.c.o
 .comment       0x0000006e       0x6f _build/nrf52832_xxaa_main.c.o
 .comment       0x0000006e       0x6f _build/nrf52832_xxaa_system_nrf52.c.o

.debug_frame    0x00000000     0x1554
 .debug_frame   0x00000000       0x28 c:/program files (x86)/gnu tools arm embedded/5.4 2016q3/bin/../lib/gcc/arm-none-eabi/5.4.1/../../../../arm-none-eabi/lib/armv7e-m/fpu\libc_nano.a(lib_a-exit.o)
 .debug_frame   0x00000028       0x2c c:/program files (x86)/gnu tools arm embedded/5.4 2016q3/bin/../lib/gcc/arm-none-eabi/5.4.1/../../../../arm-none-eabi/lib/armv7e-m/fpu\libc_nano.a(lib_a-init.o)
 .debug_frame   0x00000054       0x20 c:/program files (x86)/gnu tools arm embedded/5.4 2016q3/bin/../lib/gcc/arm-none-eabi/5.4.1/../../../../arm-none-eabi/lib/armv7e-m/fpu\libc_nano.a(lib_a-memset.o)
 .debug_frame   0x00000074       0x20 c:/program files (x86)/gnu tools arm embedded/5.4 2016q3/bin/../lib/gcc/arm-none-eabi/5.4.1/../../../../arm-none-eabi/lib/armv7e-m/fpu\libnosys.a(_exit.o)
 .debug_frame   0x00000094       0xec _build/nrf52832_xxaa_nrf_log_backend_serial.c.o
 .debug_frame   0x00000180      0x2c4 _build/nrf52832_xxaa_nrf_log_frontend.c.o
 .debug_frame   0x00000444       0x70 _build/nrf52832_xxaa_app_error.c.o
 .debug_frame   0x000004b4       0x28 _build/nrf52832_xxaa_app_error_weak.c.o
 .debug_frame   0x000004dc      0x114 _build/nrf52832_xxaa_app_timer.c.o
 .debug_frame   0x000005f0       0x60 _build/nrf52832_xxaa_app_util_platform.c.o
 .debug_frame   0x00000650       0x2c _build/nrf52832_xxaa_nrf_assert.c.o
 .debug_frame   0x0000067c      0x13c _build/nrf52832_xxaa_boards.c.o
 .debug_frame   0x000007b8       0x2c _build/nrf52832_xxaa_nrf_drv_common.c.o
 .debug_frame   0x000007e4      0x2d8 _build/nrf52832_xxaa_nrf_drv_gpiote.c.o
 .debug_frame   0x00000abc      0x1fc _build/nrf52832_xxaa_nrf_drv_twi.c.o
 .debug_frame   0x00000cb8      0x1f8 _build/nrf52832_xxaa_nrf_drv_twis.c.o
 .debug_frame   0x00000eb0      0x1a8 _build/nrf52832_xxaa_nrf_drv_uart.c.o
 .debug_frame   0x00001058       0x60 _build/nrf52832_xxaa_main.c.o
 .debug_frame   0x000010b8       0x48 _build/nrf52832_xxaa_system_nrf52.c.o
 .debug_frame   0x00001100       0x88 c:/program files (x86)/gnu tools arm embedded/5.4 2016q3/bin/../lib/gcc/arm-none-eabi/5.4.1/../../../../arm-none-eabi/lib/armv7e-m/fpu\libc_nano.a(lib_a-locale.o)
 .debug_frame   0x00001188       0x44 c:/program files (x86)/gnu tools arm embedded/5.4 2016q3/bin/../lib/gcc/arm-none-eabi/5.4.1/../../../../arm-none-eabi/lib/armv7e-m/fpu\libc_nano.a(lib_a-mbtowc_r.o)
 .debug_frame   0x000011cc       0x28 c:/program files (x86)/gnu tools arm embedded/5.4 2016q3/bin/../lib/gcc/arm-none-eabi/5.4.1/../../../../arm-none-eabi/lib/armv7e-m/fpu\libc_nano.a(lib_a-memcpy-stub.o)
 .debug_frame   0x000011f4       0x74 c:/program files (x86)/gnu tools arm embedded/5.4 2016q3/bin/../lib/gcc/arm-none-eabi/5.4.1/../../../../arm-none-eabi/lib/armv7e-m/fpu\libc_nano.a(lib_a-snprintf.o)
 .debug_frame   0x00001268       0x3c c:/program files (x86)/gnu tools arm embedded/5.4 2016q3/bin/../lib/gcc/arm-none-eabi/5.4.1/../../../../arm-none-eabi/lib/armv7e-m/fpu\libc_nano.a(lib_a-wctomb_r.o)
 .debug_frame   0x000012a4       0x90 c:/program files (x86)/gnu tools arm embedded/5.4 2016q3/bin/../lib/gcc/arm-none-eabi/5.4.1/../../../../arm-none-eabi/lib/armv7e-m/fpu\libc_nano.a(lib_a-nano-svfprintf.o)
 .debug_frame   0x00001334       0x60 c:/program files (x86)/gnu tools arm embedded/5.4 2016q3/bin/../lib/gcc/arm-none-eabi/5.4.1/../../../../arm-none-eabi/lib/armv7e-m/fpu\libc_nano.a(lib_a-nano-vfprintf_i.o)
 .debug_frame   0x00001394       0x28 c:/program files (x86)/gnu tools arm embedded/5.4 2016q3/bin/../lib/gcc/arm-none-eabi/5.4.1/../../../../arm-none-eabi/lib/armv7e-m/fpu\libc_nano.a(lib_a-memmove.o)
 .debug_frame   0x000013bc       0x38 c:/program files (x86)/gnu tools arm embedded/5.4 2016q3/bin/../lib/gcc/arm-none-eabi/5.4.1/../../../../arm-none-eabi/lib/armv7e-m/fpu\libc_nano.a(lib_a-nano-freer.o)
 .debug_frame   0x000013f4       0x2c c:/program files (x86)/gnu tools arm embedded/5.4 2016q3/bin/../lib/gcc/arm-none-eabi/5.4.1/../../../../arm-none-eabi/lib/armv7e-m/fpu\libc_nano.a(lib_a-nano-mallocr.o)
 .debug_frame   0x00001420       0x3c c:/program files (x86)/gnu tools arm embedded/5.4 2016q3/bin/../lib/gcc/arm-none-eabi/5.4.1/../../../../arm-none-eabi/lib/armv7e-m/fpu\libc_nano.a(lib_a-nano-reallocr.o)
 .debug_frame   0x0000145c       0x2c c:/program files (x86)/gnu tools arm embedded/5.4 2016q3/bin/../lib/gcc/arm-none-eabi/5.4.1/../../../../arm-none-eabi/lib/armv7e-m/fpu\libc_nano.a(lib_a-sbrkr.o)
 .debug_frame   0x00001488       0x30 c:/program files (x86)/gnu tools arm embedded/5.4 2016q3/bin/../lib/gcc/arm-none-eabi/5.4.1/../../../../arm-none-eabi/lib/armv7e-m/fpu\libc_nano.a(lib_a-mlock.o)
 .debug_frame   0x000014b8       0x20 c:/program files (x86)/gnu tools arm embedded/5.4 2016q3/bin/../lib/gcc/arm-none-eabi/5.4.1/../../../../arm-none-eabi/lib/armv7e-m/fpu\libc_nano.a(lib_a-nano-msizer.o)
 .debug_frame   0x000014d8       0x5c c:/program files (x86)/gnu tools arm embedded/5.4 2016q3/bin/../lib/gcc/arm-none-eabi/5.4.1/../../../../arm-none-eabi/lib/armv7e-m/fpu\libc_nano.a(lib_a-reent.o)
 .debug_frame   0x00001534       0x20 c:/program files (x86)/gnu tools arm embedded/5.4 2016q3/bin/../lib/gcc/arm-none-eabi/5.4.1/../../../../arm-none-eabi/lib/armv7e-m/fpu\libnosys.a(sbrk.o)

.debug_info     0x00000000    0x16845
 .debug_info    0x00000000     0x15e5 _build/nrf52832_xxaa_nrf_log_backend_serial.c.o
 .debug_info    0x000015e5     0x14de _build/nrf52832_xxaa_nrf_log_frontend.c.o
 .debug_info    0x00002ac3      0x34f _build/nrf52832_xxaa_app_error.c.o
 .debug_info    0x00002e12      0x386 _build/nrf52832_xxaa_app_error_weak.c.o
 .debug_info    0x00003198     0x1b6b _build/nrf52832_xxaa_app_timer.c.o
 .debug_info    0x00004d03      0x3b1 _build/nrf52832_xxaa_app_util_platform.c.o
 .debug_info    0x000050b4      0x187 _build/nrf52832_xxaa_nrf_assert.c.o
 .debug_info    0x0000523b      0xe5c _build/nrf52832_xxaa_boards.c.o
 .debug_info    0x00006097      0x628 _build/nrf52832_xxaa_nrf_drv_common.c.o
 .debug_info    0x000066bf     0x33ea _build/nrf52832_xxaa_nrf_drv_gpiote.c.o
 .debug_info    0x00009aa9     0x3638 _build/nrf52832_xxaa_nrf_drv_twi.c.o
 .debug_info    0x0000d0e1     0x31e2 _build/nrf52832_xxaa_nrf_drv_twis.c.o
 .debug_info    0x000102c3     0x4636 _build/nrf52832_xxaa_nrf_drv_uart.c.o
 .debug_info    0x000148f9     0x1146 _build/nrf52832_xxaa_main.c.o
 .debug_info    0x00015a3f      0xe06 _build/nrf52832_xxaa_system_nrf52.c.o

.debug_abbrev   0x00000000     0x2a55
 .debug_abbrev  0x00000000      0x3ea _build/nrf52832_xxaa_nrf_log_backend_serial.c.o
 .debug_abbrev  0x000003ea      0x395 _build/nrf52832_xxaa_nrf_log_frontend.c.o
 .debug_abbrev  0x0000077f      0x13a _build/nrf52832_xxaa_app_error.c.o
 .debug_abbrev  0x000008b9      0x162 _build/nrf52832_xxaa_app_error_weak.c.o
 .debug_abbrev  0x00000a1b      0x407 _build/nrf52832_xxaa_app_timer.c.o
 .debug_abbrev  0x00000e22      0x18a _build/nrf52832_xxaa_app_util_platform.c.o
 .debug_abbrev  0x00000fac       0xde _build/nrf52832_xxaa_nrf_assert.c.o
 .debug_abbrev  0x0000108a      0x2b5 _build/nrf52832_xxaa_boards.c.o
 .debug_abbrev  0x0000133f      0x1a3 _build/nrf52832_xxaa_nrf_drv_common.c.o
 .debug_abbrev  0x000014e2      0x453 _build/nrf52832_xxaa_nrf_drv_gpiote.c.o
 .debug_abbrev  0x00001935      0x46b _build/nrf52832_xxaa_nrf_drv_twi.c.o
 .debug_abbrev  0x00001da0      0x40b _build/nrf52832_xxaa_nrf_drv_twis.c.o
 .debug_abbrev  0x000021ab      0x416 _build/nrf52832_xxaa_nrf_drv_uart.c.o
 .debug_abbrev  0x000025c1      0x2ad _build/nrf52832_xxaa_main.c.o
 .debug_abbrev  0x0000286e      0x1e7 _build/nrf52832_xxaa_system_nrf52.c.o

.debug_loc      0x00000000     0xea34
 .debug_loc     0x00000000      0xfe9 _build/nrf52832_xxaa_nrf_log_backend_serial.c.o
 .debug_loc     0x00000fe9     0x1e67 _build/nrf52832_xxaa_nrf_log_frontend.c.o
 .debug_loc     0x00002e50      0x145 _build/nrf52832_xxaa_app_error.c.o
 .debug_loc     0x00002f95       0x63 _build/nrf52832_xxaa_app_error_weak.c.o
 .debug_loc     0x00002ff8      0xdee _build/nrf52832_xxaa_app_timer.c.o
 .debug_loc     0x00003de6       0xa6 _build/nrf52832_xxaa_app_util_platform.c.o
 .debug_loc     0x00003e8c       0x5a _build/nrf52832_xxaa_nrf_assert.c.o
 .debug_loc     0x00003ee6      0x985 _build/nrf52832_xxaa_boards.c.o
 .debug_loc     0x0000486b       0xe0 _build/nrf52832_xxaa_nrf_drv_common.c.o
 .debug_loc     0x0000494b     0x280b _build/nrf52832_xxaa_nrf_drv_gpiote.c.o
 .debug_loc     0x00007156     0x2c54 _build/nrf52832_xxaa_nrf_drv_twi.c.o
 .debug_loc     0x00009daa     0x1f23 _build/nrf52832_xxaa_nrf_drv_twis.c.o
 .debug_loc     0x0000bccd     0x271f _build/nrf52832_xxaa_nrf_drv_uart.c.o
 .debug_loc     0x0000e3ec      0x648 _build/nrf52832_xxaa_main.c.o

.debug_aranges  0x00000000      0x540
 .debug_aranges
                0x00000000       0x50 _build/nrf52832_xxaa_nrf_log_backend_serial.c.o
 .debug_aranges
                0x00000050       0x98 _build/nrf52832_xxaa_nrf_log_frontend.c.o
 .debug_aranges
                0x000000e8       0x30 _build/nrf52832_xxaa_app_error.c.o
 .debug_aranges
                0x00000118       0x20 _build/nrf52832_xxaa_app_error_weak.c.o
 .debug_aranges
                0x00000138       0x60 _build/nrf52832_xxaa_app_timer.c.o
 .debug_aranges
                0x00000198       0x38 _build/nrf52832_xxaa_app_util_platform.c.o
 .debug_aranges
                0x000001d0       0x20 _build/nrf52832_xxaa_nrf_assert.c.o
 .debug_aranges
                0x000001f0       0x80 _build/nrf52832_xxaa_boards.c.o
 .debug_aranges
                0x00000270       0x20 _build/nrf52832_xxaa_nrf_drv_common.c.o
 .debug_aranges
                0x00000290       0xd8 _build/nrf52832_xxaa_nrf_drv_gpiote.c.o
 .debug_aranges
                0x00000368       0x80 _build/nrf52832_xxaa_nrf_drv_twi.c.o
 .debug_aranges
                0x000003e8       0x98 _build/nrf52832_xxaa_nrf_drv_twis.c.o
 .debug_aranges
                0x00000480       0x70 _build/nrf52832_xxaa_nrf_drv_uart.c.o
 .debug_aranges
                0x000004f0       0x28 _build/nrf52832_xxaa_main.c.o
 .debug_aranges
                0x00000518       0x28 _build/nrf52832_xxaa_system_nrf52.c.o

.debug_ranges   0x00000000     0x3630
 .debug_ranges  0x00000000      0x178 _build/nrf52832_xxaa_nrf_log_backend_serial.c.o
 .debug_ranges  0x00000178      0x240 _build/nrf52832_xxaa_nrf_log_frontend.c.o
 .debug_ranges  0x000003b8       0x20 _build/nrf52832_xxaa_app_error.c.o
 .debug_ranges  0x000003d8       0x10 _build/nrf52832_xxaa_app_error_weak.c.o
 .debug_ranges  0x000003e8      0x448 _build/nrf52832_xxaa_app_timer.c.o
 .debug_ranges  0x00000830       0x58 _build/nrf52832_xxaa_app_util_platform.c.o
 .debug_ranges  0x00000888       0x10 _build/nrf52832_xxaa_nrf_assert.c.o
 .debug_ranges  0x00000898      0x100 _build/nrf52832_xxaa_boards.c.o
 .debug_ranges  0x00000998       0x28 _build/nrf52832_xxaa_nrf_drv_common.c.o
 .debug_ranges  0x000009c0      0xd00 _build/nrf52832_xxaa_nrf_drv_gpiote.c.o
 .debug_ranges  0x000016c0      0x820 _build/nrf52832_xxaa_nrf_drv_twi.c.o
 .debug_ranges  0x00001ee0      0xb18 _build/nrf52832_xxaa_nrf_drv_twis.c.o
 .debug_ranges  0x000029f8      0x9d8 _build/nrf52832_xxaa_nrf_drv_uart.c.o
 .debug_ranges  0x000033d0      0x158 _build/nrf52832_xxaa_main.c.o
 .debug_ranges  0x00003528      0x108 _build/nrf52832_xxaa_system_nrf52.c.o

.debug_macro    0x00000000    0x154bf
 .debug_macro   0x00000000      0x321 _build/nrf52832_xxaa_nrf_log_backend_serial.c.o
 .debug_macro   0x00000321      0x8da _build/nrf52832_xxaa_nrf_log_backend_serial.c.o
 .debug_macro   0x00000bfb       0x22 _build/nrf52832_xxaa_nrf_log_backend_serial.c.o
 .debug_macro   0x00000c1d       0x4f _build/nrf52832_xxaa_nrf_log_backend_serial.c.o
 .debug_macro   0x00000c6c       0x44 _build/nrf52832_xxaa_nrf_log_backend_serial.c.o
 .debug_macro   0x00000cb0       0xfd _build/nrf52832_xxaa_nrf_log_backend_serial.c.o
 .debug_macro   0x00000dad       0x5e _build/nrf52832_xxaa_nrf_log_backend_serial.c.o
 .debug_macro   0x00000e0b      0x1df _build/nrf52832_xxaa_nrf_log_backend_serial.c.o
 .debug_macro   0x00000fea       0x22 _build/nrf52832_xxaa_nrf_log_backend_serial.c.o
 .debug_macro   0x0000100c       0x52 _build/nrf52832_xxaa_nrf_log_backend_serial.c.o
 .debug_macro   0x0000105e       0x35 _build/nrf52832_xxaa_nrf_log_backend_serial.c.o
 .debug_macro   0x00001093       0x9c _build/nrf52832_xxaa_nrf_log_backend_serial.c.o
 .debug_macro   0x0000112f      0x16d _build/nrf52832_xxaa_nrf_log_backend_serial.c.o
 .debug_macro   0x0000129c       0x52 _build/nrf52832_xxaa_nrf_log_backend_serial.c.o
 .debug_macro   0x000012ee       0x1f _build/nrf52832_xxaa_nrf_log_backend_serial.c.o
 .debug_macro   0x0000130d       0x43 _build/nrf52832_xxaa_nrf_log_backend_serial.c.o
 .debug_macro   0x00001350       0x20 _build/nrf52832_xxaa_nrf_log_backend_serial.c.o
 .debug_macro   0x00001370      0x187 _build/nrf52832_xxaa_nrf_log_backend_serial.c.o
 .debug_macro   0x000014f7      0x330 _build/nrf52832_xxaa_nrf_log_backend_serial.c.o
 .debug_macro   0x00001827       0x10 _build/nrf52832_xxaa_nrf_log_backend_serial.c.o
 .debug_macro   0x00001837       0x35 _build/nrf52832_xxaa_nrf_log_backend_serial.c.o
 .debug_macro   0x0000186c      0x1c5 _build/nrf52832_xxaa_nrf_log_backend_serial.c.o
 .debug_macro   0x00001a31      0x167 _build/nrf52832_xxaa_nrf_log_backend_serial.c.o
 .debug_macro   0x00001b98       0x2e _build/nrf52832_xxaa_nrf_log_backend_serial.c.o
 .debug_macro   0x00001bc6       0x22 _build/nrf52832_xxaa_nrf_log_backend_serial.c.o
 .debug_macro   0x00001be8       0x8e _build/nrf52832_xxaa_nrf_log_backend_serial.c.o
 .debug_macro   0x00001c76       0x9d _build/nrf52832_xxaa_nrf_log_backend_serial.c.o
 .debug_macro   0x00001d13       0x28 _build/nrf52832_xxaa_nrf_log_backend_serial.c.o
 .debug_macro   0x00001d3b       0x2d _build/nrf52832_xxaa_nrf_log_backend_serial.c.o
 .debug_macro   0x00001d68       0x3b _build/nrf52832_xxaa_nrf_log_backend_serial.c.o
 .debug_macro   0x00001da3       0x50 _build/nrf52832_xxaa_nrf_log_backend_serial.c.o
 .debug_macro   0x00001df3      0xe66 _build/nrf52832_xxaa_nrf_log_backend_serial.c.o
 .debug_macro   0x00002c59      0x392 _build/nrf52832_xxaa_nrf_log_backend_serial.c.o
 .debug_macro   0x00002feb     0xcc76 _build/nrf52832_xxaa_nrf_log_backend_serial.c.o
 .debug_macro   0x0000fc61     0x130f _build/nrf52832_xxaa_nrf_log_backend_serial.c.o
 .debug_macro   0x00010f70       0x82 _build/nrf52832_xxaa_nrf_log_backend_serial.c.o
 .debug_macro   0x00010ff2      0x394 _build/nrf52832_xxaa_nrf_log_backend_serial.c.o
 .debug_macro   0x00011386       0x49 _build/nrf52832_xxaa_nrf_log_backend_serial.c.o
 .debug_macro   0x000113cf       0x1c _build/nrf52832_xxaa_nrf_log_backend_serial.c.o
 .debug_macro   0x000113eb       0x10 _build/nrf52832_xxaa_nrf_log_backend_serial.c.o
 .debug_macro   0x000113fb       0x10 _build/nrf52832_xxaa_nrf_log_backend_serial.c.o
 .debug_macro   0x0001140b       0xb6 _build/nrf52832_xxaa_nrf_log_backend_serial.c.o
 .debug_macro   0x000114c1       0x16 _build/nrf52832_xxaa_nrf_log_backend_serial.c.o
 .debug_macro   0x000114d7      0x145 _build/nrf52832_xxaa_nrf_log_backend_serial.c.o
 .debug_macro   0x0001161c       0x2b _build/nrf52832_xxaa_nrf_log_backend_serial.c.o
 .debug_macro   0x00011647       0x10 _build/nrf52832_xxaa_nrf_log_backend_serial.c.o
 .debug_macro   0x00011657       0x74 _build/nrf52832_xxaa_nrf_log_backend_serial.c.o
 .debug_macro   0x000116cb       0x28 _build/nrf52832_xxaa_nrf_log_backend_serial.c.o
 .debug_macro   0x000116f3       0x22 _build/nrf52832_xxaa_nrf_log_backend_serial.c.o
 .debug_macro   0x00011715       0x52 _build/nrf52832_xxaa_nrf_log_backend_serial.c.o
 .debug_macro   0x00011767       0x9c _build/nrf52832_xxaa_nrf_log_backend_serial.c.o
 .debug_macro   0x00011803      0x296 _build/nrf52832_xxaa_nrf_log_backend_serial.c.o
 .debug_macro   0x00011a99       0x10 _build/nrf52832_xxaa_nrf_log_backend_serial.c.o
 .debug_macro   0x00011aa9       0x42 _build/nrf52832_xxaa_nrf_log_backend_serial.c.o
 .debug_macro   0x00011aeb      0x2f8 _build/nrf52832_xxaa_nrf_log_frontend.c.o
 .debug_macro   0x00011de3       0x22 _build/nrf52832_xxaa_nrf_log_frontend.c.o
 .debug_macro   0x00011e05      0x166 _build/nrf52832_xxaa_nrf_log_frontend.c.o
 .debug_macro   0x00011f6b       0x59 _build/nrf52832_xxaa_nrf_log_frontend.c.o
 .debug_macro   0x00011fc4       0x2e _build/nrf52832_xxaa_nrf_log_frontend.c.o
 .debug_macro   0x00011ff2      0x2b9 _build/nrf52832_xxaa_app_error.c.o
 .debug_macro   0x000122ab       0x35 _build/nrf52832_xxaa_app_error.c.o
 .debug_macro   0x000122e0       0x22 _build/nrf52832_xxaa_app_error.c.o
 .debug_macro   0x00012302       0x16 _build/nrf52832_xxaa_app_error.c.o
 .debug_macro   0x00012318       0x97 _build/nrf52832_xxaa_app_error.c.o
 .debug_macro   0x000123af       0xf6 _build/nrf52832_xxaa_app_error.c.o
 .debug_macro   0x000124a5       0x16 _build/nrf52832_xxaa_app_error.c.o
 .debug_macro   0x000124bb      0x39a _build/nrf52832_xxaa_app_error.c.o
 .debug_macro   0x00012855      0x160 _build/nrf52832_xxaa_app_error.c.o
 .debug_macro   0x000129b5       0x16 _build/nrf52832_xxaa_app_error.c.o
 .debug_macro   0x000129cb      0x2b9 _build/nrf52832_xxaa_app_error_weak.c.o
 .debug_macro   0x00012c84       0x1c _build/nrf52832_xxaa_app_error_weak.c.o
 .debug_macro   0x00012ca0      0x307 _build/nrf52832_xxaa_app_timer.c.o
 .debug_macro   0x00012fa7       0x10 _build/nrf52832_xxaa_app_timer.c.o
 .debug_macro   0x00012fb7      0x23a _build/nrf52832_xxaa_app_util_platform.c.o
 .debug_macro   0x000131f1      0x227 _build/nrf52832_xxaa_nrf_assert.c.o
 .debug_macro   0x00013418      0x292 _build/nrf52832_xxaa_boards.c.o
 .debug_macro   0x000136aa      0x24d _build/nrf52832_xxaa_boards.c.o
 .debug_macro   0x000138f7      0x115 _build/nrf52832_xxaa_boards.c.o
 .debug_macro   0x00013a0c      0x2a4 _build/nrf52832_xxaa_nrf_drv_common.c.o
 .debug_macro   0x00013cb0       0x22 _build/nrf52832_xxaa_nrf_drv_common.c.o
 .debug_macro   0x00013cd2      0x386 _build/nrf52832_xxaa_nrf_drv_gpiote.c.o
 .debug_macro   0x00014058       0x28 _build/nrf52832_xxaa_nrf_drv_gpiote.c.o
 .debug_macro   0x00014080       0x16 _build/nrf52832_xxaa_nrf_drv_gpiote.c.o
 .debug_macro   0x00014096       0x16 _build/nrf52832_xxaa_nrf_drv_gpiote.c.o
 .debug_macro   0x000140ac      0x3bc _build/nrf52832_xxaa_nrf_drv_twi.c.o
 .debug_macro   0x00014468       0x62 _build/nrf52832_xxaa_nrf_drv_twi.c.o
 .debug_macro   0x000144ca      0x37b _build/nrf52832_xxaa_nrf_drv_twis.c.o
 .debug_macro   0x00014845       0x27 _build/nrf52832_xxaa_nrf_drv_twis.c.o
 .debug_macro   0x0001486c      0x373 _build/nrf52832_xxaa_nrf_drv_uart.c.o
 .debug_macro   0x00014bdf      0x3b3 _build/nrf52832_xxaa_main.c.o
 .debug_macro   0x00014f92       0x4c _build/nrf52832_xxaa_main.c.o
 .debug_macro   0x00014fde       0x22 _build/nrf52832_xxaa_main.c.o
 .debug_macro   0x00015000       0x88 _build/nrf52832_xxaa_main.c.o
 .debug_macro   0x00015088       0xe2 _build/nrf52832_xxaa_main.c.o
 .debug_macro   0x0001516a       0x34 _build/nrf52832_xxaa_main.c.o
 .debug_macro   0x0001519e      0x22c _build/nrf52832_xxaa_main.c.o
 .debug_macro   0x000153ca       0xf5 _build/nrf52832_xxaa_system_nrf52.c.o

.debug_line     0x00000000     0x9d27
 .debug_line    0x00000000      0x959 _build/nrf52832_xxaa_nrf_log_backend_serial.c.o
 .debug_line    0x00000959      0xaf9 _build/nrf52832_xxaa_nrf_log_frontend.c.o
 .debug_line    0x00001452      0x6e0 _build/nrf52832_xxaa_app_error.c.o
 .debug_line    0x00001b32      0x6b0 _build/nrf52832_xxaa_app_error_weak.c.o
 .debug_line    0x000021e2      0xafb _build/nrf52832_xxaa_app_timer.c.o
 .debug_line    0x00002cdd      0x5f6 _build/nrf52832_xxaa_app_util_platform.c.o
 .debug_line    0x000032d3      0x552 _build/nrf52832_xxaa_nrf_assert.c.o
 .debug_line    0x00003825      0x7fc _build/nrf52832_xxaa_boards.c.o
 .debug_line    0x00004021      0x6ac _build/nrf52832_xxaa_nrf_drv_common.c.o
 .debug_line    0x000046cd     0x1570 _build/nrf52832_xxaa_nrf_drv_gpiote.c.o
 .debug_line    0x00005c3d     0x1088 _build/nrf52832_xxaa_nrf_drv_twi.c.o
 .debug_line    0x00006cc5      0xeed _build/nrf52832_xxaa_nrf_drv_twis.c.o
 .debug_line    0x00007bb2     0x1275 _build/nrf52832_xxaa_nrf_drv_uart.c.o
 .debug_line    0x00008e27      0xa47 _build/nrf52832_xxaa_main.c.o
 .debug_line    0x0000986e      0x4b9 _build/nrf52832_xxaa_system_nrf52.c.o

.debug_str      0x00000000    0x6ea08
 .debug_str     0x00000000    0x6481e _build/nrf52832_xxaa_nrf_log_backend_serial.c.o
                              0x653d5 (size before relaxing)
 .debug_str     0x0006481e     0x1c93 _build/nrf52832_xxaa_nrf_log_frontend.c.o
                              0x657e4 (size before relaxing)
 .debug_str     0x000664b1      0x132 _build/nrf52832_xxaa_app_error.c.o
                              0x65133 (size before relaxing)
 .debug_str     0x000665e3       0xe3 _build/nrf52832_xxaa_app_error_weak.c.o
                              0x65109 (size before relaxing)
 .debug_str     0x000666c6      0xf77 _build/nrf52832_xxaa_app_timer.c.o
                              0x64891 (size before relaxing)
 .debug_str     0x0006763d      0x127 _build/nrf52832_xxaa_app_util_platform.c.o
                              0x603f0 (size before relaxing)
 .debug_str     0x00067764       0x4e _build/nrf52832_xxaa_nrf_assert.c.o
                              0x600ed (size before relaxing)
 .debug_str     0x000677b2     0x1437 _build/nrf52832_xxaa_boards.c.o
                              0x61b8d (size before relaxing)
 .debug_str     0x00068be9      0x1cc _build/nrf52832_xxaa_nrf_drv_common.c.o
                              0x6422a (size before relaxing)
 .debug_str     0x00068db5     0x1663 _build/nrf52832_xxaa_nrf_drv_gpiote.c.o
                              0x6754c (size before relaxing)
 .debug_str     0x0006a418     0x1441 _build/nrf52832_xxaa_nrf_drv_twi.c.o
                              0x6737b (size before relaxing)
 .debug_str     0x0006b859      0xdbd _build/nrf52832_xxaa_nrf_drv_twis.c.o
                              0x66e9e (size before relaxing)
 .debug_str     0x0006c616      0xdf2 _build/nrf52832_xxaa_nrf_drv_uart.c.o
                              0x6783d (size before relaxing)
 .debug_str     0x0006d408     0x1273 _build/nrf52832_xxaa_main.c.o
                              0x686b8 (size before relaxing)
 .debug_str     0x0006e67b      0x38d _build/nrf52832_xxaa_system_nrf52.c.o
                              0x5ba77 (size before relaxing)
