Archive member included to satisfy reference by file (symbol)

c:/program files (x86)/gnu tools arm embedded/5.4 2016q3/bin/../lib/gcc/arm-none-eabi/5.4.1/../../../../arm-none-eabi/lib/armv7e-m/fpu\libc_nano.a(lib_a-exit.o)
                              c:/program files (x86)/gnu tools arm embedded/5.4 2016q3/bin/../lib/gcc/arm-none-eabi/5.4.1/../../../../arm-none-eabi/lib/armv7e-m/fpu/crt0.o (exit)
c:/program files (x86)/gnu tools arm embedded/5.4 2016q3/bin/../lib/gcc/arm-none-eabi/5.4.1/../../../../arm-none-eabi/lib/armv7e-m/fpu\libc_nano.a(lib_a-impure.o)
                              c:/program files (x86)/gnu tools arm embedded/5.4 2016q3/bin/../lib/gcc/arm-none-eabi/5.4.1/../../../../arm-none-eabi/lib/armv7e-m/fpu\libc_nano.a(lib_a-exit.o) (_global_impure_ptr)
c:/program files (x86)/gnu tools arm embedded/5.4 2016q3/bin/../lib/gcc/arm-none-eabi/5.4.1/../../../../arm-none-eabi/lib/armv7e-m/fpu\libc_nano.a(lib_a-init.o)
                              c:/program files (x86)/gnu tools arm embedded/5.4 2016q3/bin/../lib/gcc/arm-none-eabi/5.4.1/../../../../arm-none-eabi/lib/armv7e-m/fpu/crt0.o (__libc_init_array)
c:/program files (x86)/gnu tools arm embedded/5.4 2016q3/bin/../lib/gcc/arm-none-eabi/5.4.1/../../../../arm-none-eabi/lib/armv7e-m/fpu\libc_nano.a(lib_a-memset.o)
                              c:/program files (x86)/gnu tools arm embedded/5.4 2016q3/bin/../lib/gcc/arm-none-eabi/5.4.1/../../../../arm-none-eabi/lib/armv7e-m/fpu/crt0.o (memset)
c:/program files (x86)/gnu tools arm embedded/5.4 2016q3/bin/../lib/gcc/arm-none-eabi/5.4.1/../../../../arm-none-eabi/lib/armv7e-m/fpu\libnosys.a(_exit.o)
                              c:/program files (x86)/gnu tools arm embedded/5.4 2016q3/bin/../lib/gcc/arm-none-eabi/5.4.1/../../../../arm-none-eabi/lib/armv7e-m/fpu\libc_nano.a(lib_a-exit.o) (_exit)
c:/program files (x86)/gnu tools arm embedded/5.4 2016q3/bin/../lib/gcc/arm-none-eabi/5.4.1/../../../../arm-none-eabi/lib/armv7e-m/fpu\libm.a(lib_a-w_pow.o)
                              _build/nrf52832_xxaa_bme280.c.o (pow)
c:/program files (x86)/gnu tools arm embedded/5.4 2016q3/bin/../lib/gcc/arm-none-eabi/5.4.1/../../../../arm-none-eabi/lib/armv7e-m/fpu\libm.a(lib_a-e_pow.o)
                              c:/program files (x86)/gnu tools arm embedded/5.4 2016q3/bin/../lib/gcc/arm-none-eabi/5.4.1/../../../../arm-none-eabi/lib/armv7e-m/fpu\libm.a(lib_a-w_pow.o) (__ieee754_pow)
c:/program files (x86)/gnu tools arm embedded/5.4 2016q3/bin/../lib/gcc/arm-none-eabi/5.4.1/../../../../arm-none-eabi/lib/armv7e-m/fpu\libm.a(lib_a-e_sqrt.o)
                              c:/program files (x86)/gnu tools arm embedded/5.4 2016q3/bin/../lib/gcc/arm-none-eabi/5.4.1/../../../../arm-none-eabi/lib/armv7e-m/fpu\libm.a(lib_a-e_pow.o) (__ieee754_sqrt)
c:/program files (x86)/gnu tools arm embedded/5.4 2016q3/bin/../lib/gcc/arm-none-eabi/5.4.1/../../../../arm-none-eabi/lib/armv7e-m/fpu\libm.a(lib_a-s_fabs.o)
                              c:/program files (x86)/gnu tools arm embedded/5.4 2016q3/bin/../lib/gcc/arm-none-eabi/5.4.1/../../../../arm-none-eabi/lib/armv7e-m/fpu\libm.a(lib_a-e_pow.o) (fabs)
c:/program files (x86)/gnu tools arm embedded/5.4 2016q3/bin/../lib/gcc/arm-none-eabi/5.4.1/../../../../arm-none-eabi/lib/armv7e-m/fpu\libm.a(lib_a-s_finite.o)
                              c:/program files (x86)/gnu tools arm embedded/5.4 2016q3/bin/../lib/gcc/arm-none-eabi/5.4.1/../../../../arm-none-eabi/lib/armv7e-m/fpu\libm.a(lib_a-w_pow.o) (finite)
c:/program files (x86)/gnu tools arm embedded/5.4 2016q3/bin/../lib/gcc/arm-none-eabi/5.4.1/../../../../arm-none-eabi/lib/armv7e-m/fpu\libm.a(lib_a-s_lib_ver.o)
                              c:/program files (x86)/gnu tools arm embedded/5.4 2016q3/bin/../lib/gcc/arm-none-eabi/5.4.1/../../../../arm-none-eabi/lib/armv7e-m/fpu\libm.a(lib_a-w_pow.o) (__fdlib_version)
c:/program files (x86)/gnu tools arm embedded/5.4 2016q3/bin/../lib/gcc/arm-none-eabi/5.4.1/../../../../arm-none-eabi/lib/armv7e-m/fpu\libm.a(lib_a-s_matherr.o)
                              c:/program files (x86)/gnu tools arm embedded/5.4 2016q3/bin/../lib/gcc/arm-none-eabi/5.4.1/../../../../arm-none-eabi/lib/armv7e-m/fpu\libm.a(lib_a-w_pow.o) (matherr)
c:/program files (x86)/gnu tools arm embedded/5.4 2016q3/bin/../lib/gcc/arm-none-eabi/5.4.1/../../../../arm-none-eabi/lib/armv7e-m/fpu\libm.a(lib_a-s_nan.o)
                              c:/program files (x86)/gnu tools arm embedded/5.4 2016q3/bin/../lib/gcc/arm-none-eabi/5.4.1/../../../../arm-none-eabi/lib/armv7e-m/fpu\libm.a(lib_a-e_pow.o) (nan)
c:/program files (x86)/gnu tools arm embedded/5.4 2016q3/bin/../lib/gcc/arm-none-eabi/5.4.1/../../../../arm-none-eabi/lib/armv7e-m/fpu\libm.a(lib_a-s_rint.o)
                              c:/program files (x86)/gnu tools arm embedded/5.4 2016q3/bin/../lib/gcc/arm-none-eabi/5.4.1/../../../../arm-none-eabi/lib/armv7e-m/fpu\libm.a(lib_a-w_pow.o) (rint)
[...]
Memory Configuration

Name             Origin             Length             Attributes
FLASH            0x00000000         0x00080000         xr
RAM              0x20000000         0x00010000         xrw
*default*        0x00000000         0xffffffff

Linker script and memory map


.text           0x00000000     0x468c
 *(.isr_vector)
 .isr_vector    0x00000000      0x400 _build/nrf52832_xxaa_gcc_startup_nrf52.S.o
                0x00000000                __isr_vector
 *(.text*)
 .text          0x00000400       0x5c c:/program files (x86)/gnu tools arm embedded/5.4 2016q3/bin/../lib/gcc/arm-none-eabi/5.4.1/armv7e-m/fpu/crtbegin.o
 .text          0x0000045c       0x74 c:/program files (x86)/gnu tools arm embedded/5.4 2016q3/bin/../lib/gcc/arm-none-eabi/5.4.1/../../../../arm-none-eabi/lib/armv7e-m/fpu/crt0.o
                0x0000045c                _start
                0x0000045c                _mainCRTStartup
 .text.exit     0x000004d0       0x28 c:/program files (x86)/gnu tools arm embedded/5.4 2016q3/bin/../lib/gcc/arm-none-eabi/5.4.1/../../../../arm-none-eabi/lib/armv7e-m/fpu\libc_nano.a(lib_a-exit.o)
                0x000004d0                exit
 .text.__libc_init_array
                0x000004f8       0x4c c:/program files (x86)/gnu tools arm embedded/5.4 2016q3/bin/../lib/gcc/arm-none-eabi/5.4.1/../../../../arm-none-eabi/lib/armv7e-m/fpu\libc_nano.a(lib_a-init.o)
                0x000004f8                __libc_init_array
 .text.memset   0x00000544       0x10 c:/program files (x86)/gnu tools arm embedded/5.4 2016q3/bin/../lib/gcc/arm-none-eabi/5.4.1/../../../../arm-none-eabi/lib/armv7e-m/fpu\libc_nano.a(lib_a-memset.o)
                0x00000544                memset
 .text._exit    0x00000554        0x4 c:/program files (x86)/gnu tools arm embedded/5.4 2016q3/bin/../lib/gcc/arm-none-eabi/5.4.1/../../../../arm-none-eabi/lib/armv7e-m/fpu\libnosys.a(_exit.o)
                0x00000554                _exit
 .text.nrf_log_backend_serial_std_handler
                0x00000558      0x194 _build/nrf52832_xxaa_nrf_log_backend_serial.c.o
 .text.nrf_log_backend_serial_hexdump_handler
                0x000006ec      0x26c _build/nrf52832_xxaa_nrf_log_backend_serial.c.o
 .text.nrf_log_backend_init
                0x00000958       0x28 _build/nrf52832_xxaa_nrf_log_backend_serial.c.o
                0x00000958                nrf_log_backend_init
 .text.nrf_log_backend_std_handler_get
                0x00000980        0x8 _build/nrf52832_xxaa_nrf_log_backend_serial.c.o
                0x00000980                nrf_log_backend_std_handler_get
 .text.nrf_log_backend_hexdump_handler_get
                0x00000988        0x8 _build/nrf52832_xxaa_nrf_log_backend_serial.c.o
                0x00000988                nrf_log_backend_hexdump_handler_get
 .text.nrf_log_init
                0x00000990       0x30 _build/nrf52832_xxaa_nrf_log_frontend.c.o
                0x00000990                nrf_log_init
 .text.nrf_log_blocking_backend_set
                0x000009c0        0x8 _build/nrf52832_xxaa_nrf_log_frontend.c.o
                0x000009c0                nrf_log_blocking_backend_set
 .text.nrf_log_frontend_std_0
                0x000009c8       0x98 _build/nrf52832_xxaa_nrf_log_frontend.c.o
                0x000009c8                nrf_log_frontend_std_0
 .text.nrf_log_frontend_std_1
                0x00000a60       0xa8 _build/nrf52832_xxaa_nrf_log_frontend.c.o
                0x00000a60                nrf_log_frontend_std_1
 .text.nrf_log_frontend_dequeue
                0x00000b08      0x13c _build/nrf52832_xxaa_nrf_log_frontend.c.o
                0x00000b08                nrf_log_frontend_dequeue
 .text.app_error_handler_bare
                0x00000c44       0x20 _build/nrf52832_xxaa_app_error.c.o
                0x00000c44                app_error_handler_bare
 .text.app_error_fault_handler
                0x00000c64       0x4c _build/nrf52832_xxaa_app_error_weak.c.o
                0x00000c64                app_error_fault_handler
 .text.RTC1_IRQHandler
                0x00000cb0       0xc4 _build/nrf52832_xxaa_app_timer.c.o
                0x00000cb0                RTC1_IRQHandler
 .text.SWI0_EGU0_IRQHandler
                0x00000d74      0x654 _build/nrf52832_xxaa_app_timer.c.o
                0x00000d74                SWI0_EGU0_IRQHandler
 .text.app_util_critical_region_enter
                0x000013c8       0x34 _build/nrf52832_xxaa_app_util_platform.c.o
                0x000013c8                app_util_critical_region_enter
 .text.app_util_critical_region_exit
                0x000013fc       0x34 _build/nrf52832_xxaa_app_util_platform.c.o
                0x000013fc                app_util_critical_region_exit
 .text.assert_nrf_callback
                0x00001430       0x1c _build/nrf52832_xxaa_nrf_assert.c.o
                0x00001430                assert_nrf_callback
 .text.bsp_board_led_invert
                0x0000144c       0x4c _build/nrf52832_xxaa_boards.c.o
                0x0000144c                bsp_board_led_invert
 .text.bsp_board_leds_init
                0x00001498       0x3c _build/nrf52832_xxaa_boards.c.o
                0x00001498                bsp_board_leds_init
 .text.nrf_drv_common_irq_enable
                0x000014d4       0x64 _build/nrf52832_xxaa_nrf_drv_common.c.o
                0x000014d4                nrf_drv_common_irq_enable
 .text.GPIOTE_IRQHandler
                0x00001538      0x5d4 _build/nrf52832_xxaa_nrf_drv_gpiote.c.o
                0x00001538                GPIOTE_IRQHandler
 .text.twi_rx_start_transfer
                0x00001b0c      0x1c0 _build/nrf52832_xxaa_nrf_drv_twi.c.o
 .text.twi_tx_start_transfer
                0x00001ccc      0x200 _build/nrf52832_xxaa_nrf_drv_twi.c.o
 .text.nrf_drv_twi_init
                0x00001ecc      0x448 _build/nrf52832_xxaa_nrf_drv_twi.c.o
                0x00001ecc                nrf_drv_twi_init
 .text.nrf_drv_twi_enable
                0x00002314       0x40 _build/nrf52832_xxaa_nrf_drv_twi.c.o
                0x00002314                nrf_drv_twi_enable
 .text.nrf_drv_twi_tx
                0x00002354       0xa8 _build/nrf52832_xxaa_nrf_drv_twi.c.o
                0x00002354                nrf_drv_twi_tx
 .text.nrf_drv_twi_rx
                0x000023fc       0x98 _build/nrf52832_xxaa_nrf_drv_twi.c.o
                0x000023fc                nrf_drv_twi_rx
 .text.SPIM0_SPIS0_TWIM0_TWIS0_SPI0_TWI0_IRQHandler
                0x00002494      0x1f8 _build/nrf52832_xxaa_nrf_drv_twi.c.o
                0x00002494                SPIM0_SPIS0_TWIM0_TWIS0_SPI0_TWI0_IRQHandler
 .text.SPIM1_SPIS1_TWIM1_TWIS1_SPI1_TWI1_IRQHandler
                0x0000268c      0x288 _build/nrf52832_xxaa_nrf_drv_twis.c.o
                0x0000268c                SPIM1_SPIS1_TWIM1_TWIS1_SPI1_TWI1_IRQHandler
 .text.UARTE0_UART0_IRQHandler
                0x00002914      0x2fc _build/nrf52832_xxaa_nrf_drv_uart.c.o
                0x00002914                UARTE0_UART0_IRQHandler
 .text.SEGGER_RTT_WriteNoLock
                0x00002c10      0x17c _build/nrf52832_xxaa_SEGGER_RTT.c.o
                0x00002c10                SEGGER_RTT_WriteNoLock
 .text.SEGGER_RTT_Init
                0x00002d8c       0x60 _build/nrf52832_xxaa_SEGGER_RTT.c.o
                0x00002d8c                SEGGER_RTT_Init
 .text          0x00002dec       0x3c _build/nrf52832_xxaa_gcc_startup_nrf52.S.o
                0x00002dec                Reset_Handler
                0x00002e14                NMI_Handler
                0x00002e16                HardFault_Handler
                0x00002e18                MemoryManagement_Handler
                0x00002e1a                BusFault_Handler
                0x00002e1c                UsageFault_Handler
                0x00002e1e                SVC_Handler
                0x00002e20                DebugMon_Handler
                0x00002e22                PendSV_Handler
                0x00002e24                SysTick_Handler
                0x00002e26                RADIO_IRQHandler
                0x00002e26                PDM_IRQHandler
                0x00002e26                TEMP_IRQHandler
                0x00002e26                QDEC_IRQHandler
                0x00002e26                RTC0_IRQHandler
                0x00002e26                FPU_IRQHandler
                0x00002e26                PWM1_IRQHandler
                0x00002e26                POWER_CLOCK_IRQHandler
                0x00002e26                I2S_IRQHandler
                0x00002e26                SWI4_EGU4_IRQHandler
                0x00002e26                TIMER3_IRQHandler
                0x00002e26                TIMER2_IRQHandler
                0x00002e26                TIMER1_IRQHandler
                0x00002e26                PWM2_IRQHandler
                0x00002e26                ECB_IRQHandler
                0x00002e26                Default_Handler
                0x00002e26                SAADC_IRQHandler
                0x00002e26                CCM_AAR_IRQHandler
                0x00002e26                WDT_IRQHandler
                0x00002e26                TIMER4_IRQHandler
                0x00002e26                SWI5_EGU5_IRQHandler
                0x00002e26                RNG_IRQHandler
                0x00002e26                RTC2_IRQHandler
                0x00002e26                PWM0_IRQHandler
                0x00002e26                SWI3_EGU3_IRQHandler
                0x00002e26                SWI1_EGU1_IRQHandler
                0x00002e26                SPIM2_SPIS2_SPI2_IRQHandler
                0x00002e26                NFCT_IRQHandler
                0x00002e26                SWI2_EGU2_IRQHandler
                0x00002e26                MWU_IRQHandler
                0x00002e26                TIMER0_IRQHandler
                0x00002e26                COMP_LPCOMP_IRQHandler
 .text.SystemInit
                0x00002e28      0x2f0 _build/nrf52832_xxaa_system_nrf52.c.o
                0x00002e28                SystemInit
 .text.lis2de_stepcounter
                0x00003118      0x188 _build/nrf52832_xxaa_main.c.o
                0x00003118                lis2de_stepcounter
 .text.startup.main
                0x000032a0       0x74 _build/nrf52832_xxaa_main.c.o
                0x000032a0                main
 .text.write_byte
                0x00003314       0x3c _build/nrf52832_xxaa_i2c_driver.c.o
                0x00003314                write_byte
 .text.read_byte
                0x00003350       0x64 _build/nrf52832_xxaa_i2c_driver.c.o
                0x00003350                read_byte
 .text.lis2de_readOUT_X
                0x000033b4       0x24 _build/nrf52832_xxaa_lis2de.c.o
                0x000033b4                lis2de_readOUT_X
 .text.lis2de_readOUT_Y
                0x000033d8       0x24 _build/nrf52832_xxaa_lis2de.c.o
                0x000033d8                lis2de_readOUT_Y
 .text.lis2de_readOUT_Z
                0x000033fc       0x24 _build/nrf52832_xxaa_lis2de.c.o
                0x000033fc                lis2de_readOUT_Z
 .text.Lis2de_begin
                0x00003420      0x1c0 _build/nrf52832_xxaa_lis2de.c.o
                0x00003420                Lis2de_begin
 .text.lis2de_init
                0x000035e0       0xa0 _build/nrf52832_xxaa_lis2de.c.o
                0x000035e0                lis2de_init
 .text.__get_current_locale
                0x00003680       0x18 c:/program files (x86)/gnu tools arm embedded/5.4 2016q3/bin/../lib/gcc/arm-none-eabi/5.4.1/../../../../arm-none-eabi/lib/armv7e-m/fpu\libc_nano.a(lib_a-locale.o)
 .text.__locale_ctype_ptr
                0x00003698       0x14 c:/program files (x86)/gnu tools arm embedded/5.4 2016q3/bin/../lib/gcc/arm-none-eabi/5.4.1/../../../../arm-none-eabi/lib/armv7e-m/fpu\libc_nano.a(lib_a-locale.o)
                0x00003698                __locale_ctype_ptr
 .text.__ascii_mbtowc
                0x000036ac       0x24 c:/program files (x86)/gnu tools arm embedded/5.4 2016q3/bin/../lib/gcc/arm-none-eabi/5.4.1/../../../../arm-none-eabi/lib/armv7e-m/fpu\libc_nano.a(lib_a-mbtowc_r.o)
                0x000036ac                __ascii_mbtowc
 .text.memcpy   0x000036d0       0x16 c:/program files (x86)/gnu tools arm embedded/5.4 2016q3/bin/../lib/gcc/arm-none-eabi/5.4.1/../../../../arm-none-eabi/lib/armv7e-m/fpu\libc_nano.a(lib_a-memcpy-stub.o)
                0x000036d0                memcpy
 *fill*         0x000036e6        0x2 
 .text.snprintf
                0x000036e8       0x64 c:/program files (x86)/gnu tools arm embedded/5.4 2016q3/bin/../lib/gcc/arm-none-eabi/5.4.1/../../../../arm-none-eabi/lib/armv7e-m/fpu\libc_nano.a(lib_a-snprintf.o)
                0x000036e8                sniprintf
                0x000036e8                snprintf
 .text.strcpy   0x0000374c       0x10 c:/program files (x86)/gnu tools arm embedded/5.4 2016q3/bin/../lib/gcc/arm-none-eabi/5.4.1/../../../../arm-none-eabi/lib/armv7e-m/fpu\libc_nano.a(lib_a-strcpy.o)
                0x0000374c                strcpy
 .text          0x0000375c       0x10 c:/program files (x86)/gnu tools arm embedded/5.4 2016q3/bin/../lib/gcc/arm-none-eabi/5.4.1/../../../../arm-none-eabi/lib/armv7e-m/fpu\libc_nano.a(lib_a-strlen.o)
                0x0000375c                strlen
 .text.__ascii_wctomb
                0x0000376c       0x1a c:/program files (x86)/gnu tools arm embedded/5.4 2016q3/bin/../lib/gcc/arm-none-eabi/5.4.1/../../../../arm-none-eabi/lib/armv7e-m/fpu\libc_nano.a(lib_a-wctomb_r.o)
                0x0000376c                __ascii_wctomb
 .text.__ssputs_r
                0x00003786       0xb2 c:/program files (x86)/gnu tools arm embedded/5.4 2016q3/bin/../lib/gcc/arm-none-eabi/5.4.1/../../../../arm-none-eabi/lib/armv7e-m/fpu\libc_nano.a(lib_a-nano-svfprintf.o)
                0x00003786                __ssputs_r
 .text._svfprintf_r
                0x00003838      0x1e8 c:/program files (x86)/gnu tools arm embedded/5.4 2016q3/bin/../lib/gcc/arm-none-eabi/5.4.1/../../../../arm-none-eabi/lib/armv7e-m/fpu\libc_nano.a(lib_a-nano-svfprintf.o)
                0x00003838                _svfiprintf_r
                0x00003838                _svfprintf_r
 .text._printf_common
                0x00003a20       0xec c:/program files (x86)/gnu tools arm embedded/5.4 2016q3/bin/../lib/gcc/arm-none-eabi/5.4.1/../../../../arm-none-eabi/lib/armv7e-m/fpu\libc_nano.a(lib_a-nano-vfprintf_i.o)
                0x00003a20                _printf_common
 .text._printf_i
                0x00003b0c      0x24c c:/program files (x86)/gnu tools arm embedded/5.4 2016q3/bin/../lib/gcc/arm-none-eabi/5.4.1/../../../../arm-none-eabi/lib/armv7e-m/fpu\libc_nano.a(lib_a-nano-vfprintf_i.o)
                0x00003b0c                _printf_i
 *fill*         0x00003d58        0x8 
 .text          0x00003d60       0xa0 c:/program files (x86)/gnu tools arm embedded/5.4 2016q3/bin/../lib/gcc/arm-none-eabi/5.4.1/../../../../arm-none-eabi/lib/armv7e-m/fpu\libc_nano.a(lib_a-memchr.o)
                0x00003d60                memchr
 .text.memmove  0x00003e00       0x36 c:/program files (x86)/gnu tools arm embedded/5.4 2016q3/bin/../lib/gcc/arm-none-eabi/5.4.1/../../../../arm-none-eabi/lib/armv7e-m/fpu\libc_nano.a(lib_a-memmove.o)
                0x00003e00                memmove
 *fill*         0x00003e36        0x2 
 .text._free_r  0x00003e38       0x9c c:/program files (x86)/gnu tools arm embedded/5.4 2016q3/bin/../lib/gcc/arm-none-eabi/5.4.1/../../../../arm-none-eabi/lib/armv7e-m/fpu\libc_nano.a(lib_a-nano-freer.o)
                0x00003e38                _free_r
 .text._malloc_r
                0x00003ed4       0xbc c:/program files (x86)/gnu tools arm embedded/5.4 2016q3/bin/../lib/gcc/arm-none-eabi/5.4.1/../../../../arm-none-eabi/lib/armv7e-m/fpu\libc_nano.a(lib_a-nano-mallocr.o)
                0x00003ed4                _malloc_r
 .text._realloc_r
                0x00003f90       0x4c c:/program files (x86)/gnu tools arm embedded/5.4 2016q3/bin/../lib/gcc/arm-none-eabi/5.4.1/../../../../arm-none-eabi/lib/armv7e-m/fpu\libc_nano.a(lib_a-nano-reallocr.o)
                0x00003f90                _realloc_r
 .text._sbrk_r  0x00003fdc       0x20 c:/program files (x86)/gnu tools arm embedded/5.4 2016q3/bin/../lib/gcc/arm-none-eabi/5.4.1/../../../../arm-none-eabi/lib/armv7e-m/fpu\libc_nano.a(lib_a-sbrkr.o)
                0x00003fdc                _sbrk_r
 .text.__malloc_lock
                0x00003ffc        0x2 c:/program files (x86)/gnu tools arm embedded/5.4 2016q3/bin/../lib/gcc/arm-none-eabi/5.4.1/../../../../arm-none-eabi/lib/armv7e-m/fpu\libc_nano.a(lib_a-mlock.o)
                0x00003ffc                __malloc_lock
 .text.__malloc_unlock
                0x00003ffe        0x2 c:/program files (x86)/gnu tools arm embedded/5.4 2016q3/bin/../lib/gcc/arm-none-eabi/5.4.1/../../../../arm-none-eabi/lib/armv7e-m/fpu\libc_nano.a(lib_a-mlock.o)
                0x00003ffe                __malloc_unlock
 .text._malloc_usable_size_r
                0x00004000       0x14 c:/program files (x86)/gnu tools arm embedded/5.4 2016q3/bin/../lib/gcc/arm-none-eabi/5.4.1/../../../../arm-none-eabi/lib/armv7e-m/fpu\libc_nano.a(lib_a-nano-msizer.o)
                0x00004000                _malloc_usable_size_r
 .text._sbrk    0x00004014       0x1c c:/program files (x86)/gnu tools arm embedded/5.4 2016q3/bin/../lib/gcc/arm-none-eabi/5.4.1/../../../../arm-none-eabi/lib/armv7e-m/fpu\libnosys.a(sbrk.o)
                0x00004014                _sbrk
 *(.init)
 .init          0x00004030        0x4 c:/program files (x86)/gnu tools arm embedded/5.4 2016q3/bin/../lib/gcc/arm-none-eabi/5.4.1/armv7e-m/fpu/crti.o
                0x00004030                _init
 .init          0x00004034        0x8 c:/program files (x86)/gnu tools arm embedded/5.4 2016q3/bin/../lib/gcc/arm-none-eabi/5.4.1/armv7e-m/fpu/crtn.o
 *(.fini)
 .fini          0x0000403c        0x4 c:/program files (x86)/gnu tools arm embedded/5.4 2016q3/bin/../lib/gcc/arm-none-eabi/5.4.1/armv7e-m/fpu/crti.o
                0x0000403c                _fini
 .fini          0x00004040        0x8 c:/program files (x86)/gnu tools arm embedded/5.4 2016q3/bin/../lib/gcc/arm-none-eabi/5.4.1/armv7e-m/fpu/crtn.o
 *crtbegin.o(.ctors)
 *crtbegin?.o(.ctors)
 *(EXCLUDE_FILE(*crtend.o *crtend?.o) .ctors)
 *(SORT(.ctors.*))
 *(.ctors)
 *crtbegin.o(.dtors)
 *crtbegin?.o(.dtors)
 *(EXCLUDE_FILE(*crtend.o *crtend?.o) .dtors)
 *(SORT(.dtors.*))
 *(.dtors)
 *(.rodata*)
 .rodata._global_impure_ptr
                0x00004048        0x4 c:/program files (x86)/gnu tools arm embedded/5.4 2016q3/bin/../lib/gcc/arm-none-eabi/5.4.1/../../../../arm-none-eabi/lib/armv7e-m/fpu\libc_nano.a(lib_a-impure.o)
                0x00004048                _global_impure_ptr
 .rodata.str1.4
                0x0000404c        0x7 _build/nrf52832_xxaa_nrf_log_backend_serial.c.o
 *fill*         0x00004053        0x1 
 .rodata.str1.4
                0x00004054        0xb _build/nrf52832_xxaa_nrf_log_frontend.c.o
 *fill*         0x0000405f        0x1 
 .rodata.str1.4
                0x00004060       0x18 _build/nrf52832_xxaa_app_error_weak.c.o
 .rodata.str1.4
                0x00004078       0x55 _build/nrf52832_xxaa_app_util_platform.c.o
 *fill*         0x000040cd        0x3 
 .rodata.str1.4
                0x000040d0       0x91 _build/nrf52832_xxaa_boards.c.o
 *fill*         0x00004161        0x3 
 .rodata.m_board_led_list
                0x00004164        0x4 _build/nrf52832_xxaa_boards.c.o
 .rodata.str1.4
                0x00004168       0x56 _build/nrf52832_xxaa_nrf_drv_common.c.o
 *fill*         0x000041be        0x2 
 .rodata.str1.4
                0x000041c0       0x56 _build/nrf52832_xxaa_nrf_drv_gpiote.c.o
                                 0xa5 (size before relaxing)
 *fill*         0x00004216        0x2 
 .rodata.str1.4
                0x00004218       0x57 _build/nrf52832_xxaa_nrf_drv_twi.c.o
                                 0xa5 (size before relaxing)
 *fill*         0x0000426f        0x1 
 .rodata.str1.4
                0x00004270       0x17 _build/nrf52832_xxaa_SEGGER_RTT.c.o
 *fill*         0x00004287        0x1 
 .rodata.m_twi_master
                0x00004288        0x8 _build/nrf52832_xxaa_main.c.o
 .rodata.str1.4
                0x00004290       0x31 _build/nrf52832_xxaa_main.c.o
 *fill*         0x000042c1        0x3 
 .rodata.str1.4
                0x000042c4      0x179 _build/nrf52832_xxaa_i2c_driver.c.o
 *fill*         0x0000443d        0x3 
 .rodata.str1.4
                0x00004440      0x108 _build/nrf52832_xxaa_lis2de.c.o
                                0x10c (size before relaxing)
 .rodata.str1.1
                0x00004548        0xa c:/program files (x86)/gnu tools arm embedded/5.4 2016q3/bin/../lib/gcc/arm-none-eabi/5.4.1/../../../../arm-none-eabi/lib/armv7e-m/fpu\libc_nano.a(lib_a-locale.o)
                                  0xb (size before relaxing)
 .rodata._ctype_
                0x00004552      0x101 c:/program files (x86)/gnu tools arm embedded/5.4 2016q3/bin/../lib/gcc/arm-none-eabi/5.4.1/../../../../arm-none-eabi/lib/armv7e-m/fpu\libc_nano.a(lib_a-ctype_.o)
                0x00004552                _ctype_
 .rodata.str1.1
                0x00004653       0x11 c:/program files (x86)/gnu tools arm embedded/5.4 2016q3/bin/../lib/gcc/arm-none-eabi/5.4.1/../../../../arm-none-eabi/lib/armv7e-m/fpu\libc_nano.a(lib_a-nano-svfprintf.o)
 .rodata.str1.1
                0x00004664       0x22 c:/program files (x86)/gnu tools arm embedded/5.4 2016q3/bin/../lib/gcc/arm-none-eabi/5.4.1/../../../../arm-none-eabi/lib/armv7e-m/fpu\libc_nano.a(lib_a-nano-vfprintf_i.o)
 *(.eh_frame*)
 *fill*         0x00004686        0x2 
 .eh_frame      0x00004688        0x0 c:/program files (x86)/gnu tools arm embedded/5.4 2016q3/bin/../lib/gcc/arm-none-eabi/5.4.1/armv7e-m/fpu/crtbegin.o
 .eh_frame      0x00004688        0x4 c:/program files (x86)/gnu tools arm embedded/5.4 2016q3/bin/../lib/gcc/arm-none-eabi/5.4.1/armv7e-m/fpu/crtend.o

.glue_7         0x0000468c        0x0
 .glue_7        0x0000468c        0x0 linker stubs

.glue_7t        0x0000468c        0x0
 .glue_7t       0x0000468c        0x0 linker stubs

.vfp11_veneer   0x0000468c        0x0
 .vfp11_veneer  0x0000468c        0x0 linker stubs

.v4_bx          0x0000468c        0x0
 .v4_bx         0x0000468c        0x0 linker stubs

.iplt           0x0000468c        0x0
 .iplt          0x0000468c        0x0 c:/program files (x86)/gnu tools arm embedded/5.4 2016q3/bin/../lib/gcc/arm-none-eabi/5.4.1/armv7e-m/fpu/crtbegin.o

.ARM.extab
 *(.ARM.extab* .gnu.linkonce.armextab.*)
                0x0000468c                __exidx_start = .

.ARM.exidx      0x0000468c        0x8
 *(.ARM.exidx* .gnu.linkonce.armexidx.*)
 .ARM.exidx     0x0000468c        0x8 c:/program files (x86)/gnu tools arm embedded/5.4 2016q3/bin/../lib/gcc/arm-none-eabi/5.4.1/../../../../arm-none-eabi/lib/armv7e-m/fpu/crt0.o
                0x00004694                __exidx_end = .
                0x00004694                __etext = .

.rel.dyn        0x00004694        0x0
 .rel.iplt      0x00004694        0x0 c:/program files (x86)/gnu tools arm embedded/5.4 2016q3/bin/../lib/gcc/arm-none-eabi/5.4.1/armv7e-m/fpu/crtbegin.o

.data           0x20000000      0x1e4 load address 0x00004694
                0x20000000                __data_start__ = .
 *(vtable)
 *(.data*)
 .data.impure_data
                0x20000000       0x60 c:/program files (x86)/gnu tools arm embedded/5.4 2016q3/bin/../lib/gcc/arm-none-eabi/5.4.1/../../../../arm-none-eabi/lib/armv7e-m/fpu\libc_nano.a(lib_a-impure.o)
 .data._impure_ptr
                0x20000060        0x4 c:/program files (x86)/gnu tools arm embedded/5.4 2016q3/bin/../lib/gcc/arm-none-eabi/5.4.1/../../../../arm-none-eabi/lib/armv7e-m/fpu\libc_nano.a(lib_a-impure.o)
                0x20000060                _impure_ptr
 .data.SystemCoreClock
                0x20000064        0x4 _build/nrf52832_xxaa_system_nrf52.c.o
                0x20000064                SystemCoreClock
 .data.ORIENTATION_Y
                0x20000068        0x1 _build/nrf52832_xxaa_main.c.o
                0x20000068                ORIENTATION_Y
 .data.ORIENTATION_Z
                0x20000069        0x1 _build/nrf52832_xxaa_main.c.o
                0x20000069                ORIENTATION_Z
 .data.defaut_lis2de_address
                0x2000006a        0x1 _build/nrf52832_xxaa_lis2de.c.o
                0x2000006a                defaut_lis2de_address
 *fill*         0x2000006b        0x1 
 .data.__global_locale
                0x2000006c      0x16c c:/program files (x86)/gnu tools arm embedded/5.4 2016q3/bin/../lib/gcc/arm-none-eabi/5.4.1/../../../../arm-none-eabi/lib/armv7e-m/fpu\libc_nano.a(lib_a-locale.o)
                0x2000006c                __global_locale
                0x200001d8                . = ALIGN (0x4)
                0x200001d8                PROVIDE (__preinit_array_start, .)
 *(.preinit_array)
                0x200001d8                PROVIDE (__preinit_array_end, .)
                0x200001d8                . = ALIGN (0x4)
                0x200001d8                PROVIDE (__init_array_start, .)
 *(SORT(.init_array.*))
 *(.init_array)
 .init_array    0x200001d8        0x4 c:/program files (x86)/gnu tools arm embedded/5.4 2016q3/bin/../lib/gcc/arm-none-eabi/5.4.1/armv7e-m/fpu/crtbegin.o
                0x200001dc                PROVIDE (__init_array_end, .)
                0x200001dc                . = ALIGN (0x4)
                [!provide]                PROVIDE (__fini_array_start, .)
 *(SORT(.fini_array.*))
 *(.fini_array)
 .fini_array    0x200001dc        0x4 c:/program files (x86)/gnu tools arm embedded/5.4 2016q3/bin/../lib/gcc/arm-none-eabi/5.4.1/armv7e-m/fpu/crtbegin.o
                [!provide]                PROVIDE (__fini_array_end, .)
 *(.jcr*)
 .jcr           0x200001e0        0x0 c:/program files (x86)/gnu tools arm embedded/5.4 2016q3/bin/../lib/gcc/arm-none-eabi/5.4.1/armv7e-m/fpu/crtbegin.o
 .jcr           0x200001e0        0x4 c:/program files (x86)/gnu tools arm embedded/5.4 2016q3/bin/../lib/gcc/arm-none-eabi/5.4.1/armv7e-m/fpu/crtend.o
                0x200001e4                . = ALIGN (0x4)
                0x200001e4                __data_end__ = .
LOAD c:/program files (x86)/gnu tools arm embedded/5.4 2016q3/bin/../lib/gcc/arm-none-eabi/5.4.1/armv7e-m/fpu/crti.o
LOAD c:/program files (x86)/gnu tools arm embedded/5.4 2016q3/bin/../lib/gcc/arm-none-eabi/5.4.1/armv7e-m/fpu/crtbegin.o
LOAD c:/program files (x86)/gnu tools arm embedded/5.4 2016q3/bin/../lib/gcc/arm-none-eabi/5.4.1/../../../../arm-none-eabi/lib/armv7e-m/fpu/crt0.o
LOAD c:/program files (x86)/gnu tools arm embedded/5.4 2016q3/bin/../lib/gcc/arm-none-eabi/5.4.1/../../../../arm-none-eabi/lib/armv7e-m/fpu\libc_nano.a
LOAD c:/program files (x86)/gnu tools arm embedded/5.4 2016q3/bin/../lib/gcc/arm-none-eabi/5.4.1/../../../../arm-none-eabi/lib/armv7e-m/fpu\libnosys.a
LOAD _build/nrf52832_xxaa_nrf_log_backend_serial.c.o
LOAD _build/nrf52832_xxaa_nrf_log_frontend.c.o
LOAD _build/nrf52832_xxaa_app_button.c.o
LOAD _build/nrf52832_xxaa_app_error.c.o
LOAD _build/nrf52832_xxaa_app_error_weak.c.o
LOAD _build/nrf52832_xxaa_app_fifo.c.o
LOAD _build/nrf52832_xxaa_app_timer.c.o
LOAD _build/nrf52832_xxaa_app_uart_fifo.c.o
LOAD _build/nrf52832_xxaa_app_util_platform.c.o
LOAD _build/nrf52832_xxaa_nrf_assert.c.o
LOAD _build/nrf52832_xxaa_retarget.c.o
LOAD _build/nrf52832_xxaa_sdk_errors.c.o
LOAD _build/nrf52832_xxaa_boards.c.o
LOAD _build/nrf52832_xxaa_nrf_drv_common.c.o
LOAD _build/nrf52832_xxaa_nrf_drv_gpiote.c.o
LOAD _build/nrf52832_xxaa_nrf_drv_twi.c.o
LOAD _build/nrf52832_xxaa_nrf_drv_twis.c.o
LOAD _build/nrf52832_xxaa_nrf_drv_uart.c.o
LOAD _build/nrf52832_xxaa_bsp.c.o
LOAD _build/nrf52832_xxaa_bsp_nfc.c.o
LOAD _build/nrf52832_xxaa_RTT_Syscalls_GCC.c.o
LOAD _build/nrf52832_xxaa_SEGGER_RTT.c.o
LOAD _build/nrf52832_xxaa_SEGGER_RTT_printf.c.o
LOAD _build/nrf52832_xxaa_gcc_startup_nrf52.S.o
LOAD _build/nrf52832_xxaa_system_nrf52.c.o
LOAD _build/nrf52832_xxaa_main.c.o
LOAD _build/nrf52832_xxaa_i2c_driver.c.o
LOAD _build/nrf52832_xxaa_lis2de.c.o
LOAD _build/nrf52832_xxaa_vl53l0.c.o
LOAD _build/nrf52832_xxaa_si1153.c.o
LOAD _build/nrf52832_xxaa_lis3mdl.c.o
LOAD _build/nrf52832_xxaa_veml6075.c.o
LOAD _build/nrf52832_xxaa_bme280.c.o
LOAD _build/nrf52832_xxaa_supersensor.c.o
LOAD c:/program files (x86)/gnu tools arm embedded/5.4 2016q3/bin/../lib/gcc/arm-none-eabi/5.4.1/../../../../arm-none-eabi/lib/armv7e-m/fpu\libm.a
START GROUP
LOAD c:/program files (x86)/gnu tools arm embedded/5.4 2016q3/bin/../lib/gcc/arm-none-eabi/5.4.1/armv7e-m/fpu\libgcc.a
LOAD c:/program files (x86)/gnu tools arm embedded/5.4 2016q3/bin/../lib/gcc/arm-none-eabi/5.4.1/../../../../arm-none-eabi/lib/armv7e-m/fpu\libc_nano.a
END GROUP
START GROUP
LOAD c:/program files (x86)/gnu tools arm embedded/5.4 2016q3/bin/../lib/gcc/arm-none-eabi/5.4.1/armv7e-m/fpu\libgcc.a
LOAD c:/program files (x86)/gnu tools arm embedded/5.4 2016q3/bin/../lib/gcc/arm-none-eabi/5.4.1/../../../../arm-none-eabi/lib/armv7e-m/fpu\libc_nano.a
END GROUP
LOAD c:/program files (x86)/gnu tools arm embedded/5.4 2016q3/bin/../lib/gcc/arm-none-eabi/5.4.1/armv7e-m/fpu/crtend.o
LOAD c:/program files (x86)/gnu tools arm embedded/5.4 2016q3/bin/../lib/gcc/arm-none-eabi/5.4.1/armv7e-m/fpu/crtn.o
START GROUP
LOAD c:/program files (x86)/gnu tools arm embedded/5.4 2016q3/bin/../lib/gcc/arm-none-eabi/5.4.1/armv7e-m/fpu\libgcc.a
LOAD c:/program files (x86)/gnu tools arm embedded/5.4 2016q3/bin/../lib/gcc/arm-none-eabi/5.4.1/../../../../arm-none-eabi/lib/armv7e-m/fpu\libc.a
LOAD c:/program files (x86)/gnu tools arm embedded/5.4 2016q3/bin/../lib/gcc/arm-none-eabi/5.4.1/../../../../arm-none-eabi/lib/armv7e-m/fpu\libnosys.a
END GROUP

.igot.plt       0x200001e4        0x0 load address 0x00004878
 .igot.plt      0x200001e4        0x0 c:/program files (x86)/gnu tools arm embedded/5.4 2016q3/bin/../lib/gcc/arm-none-eabi/5.4.1/armv7e-m/fpu/crtbegin.o

.fs_data        0x200001e4        0x0
                [!provide]                PROVIDE (__start_fs_data, .)
 *(.fs_data)
                [!provide]                PROVIDE (__stop_fs_data, .)

.pwr_mgmt_data  0x200001e4        0x0
                [!provide]                PROVIDE (__start_pwr_mgmt_data, .)
 *(.pwr_mgmt_data)
                [!provide]                PROVIDE (__stop_pwr_mgmt_data, .)

.bss            0x200001e4      0x818 load address 0x00004878
                0x200001e4                . = ALIGN (0x4)
                0x200001e4                __bss_start__ = .
 *(.bss*)
 .bss           0x200001e4       0x1c c:/program files (x86)/gnu tools arm embedded/5.4 2016q3/bin/../lib/gcc/arm-none-eabi/5.4.1/armv7e-m/fpu/crtbegin.o
 .bss.m_blocking_mode
                0x20000200        0x1 _build/nrf52832_xxaa_nrf_log_backend_serial.c.o
 .bss.m_initialized
                0x20000201        0x1 _build/nrf52832_xxaa_nrf_log_backend_serial.c.o
 *fill*         0x20000202        0x2 
 .bss.m_log_data
                0x20000204      0x418 _build/nrf52832_xxaa_nrf_log_frontend.c.o
 .bss.m_ticks_latest
                0x2000061c        0x4 _build/nrf52832_xxaa_app_timer.c.o
 .bss.mp_timer_id_head
                0x20000620        0x4 _build/nrf52832_xxaa_app_timer.c.o
 .bss.m_evt_schedule_func
                0x20000624        0x4 _build/nrf52832_xxaa_app_timer.c.o
 .bss.m_ticks_elapsed_q_read_ind
                0x20000628        0x1 _build/nrf52832_xxaa_app_timer.c.o
 .bss.m_ticks_elapsed_q_write_ind
                0x20000629        0x1 _build/nrf52832_xxaa_app_timer.c.o
 .bss.m_rtc1_reset
                0x2000062a        0x1 _build/nrf52832_xxaa_app_timer.c.o
 *fill*         0x2000062b        0x1 
 .bss.m_op_queue
                0x2000062c        0x8 _build/nrf52832_xxaa_app_timer.c.o
 .bss.m_ticks_elapsed
                0x20000634        0x8 _build/nrf52832_xxaa_app_timer.c.o
 .bss.m_rtc1_running
                0x2000063c        0x1 _build/nrf52832_xxaa_app_timer.c.o
 *fill*         0x2000063d        0x3 
 .bss.m_in_critical_region
                0x20000640        0x4 _build/nrf52832_xxaa_app_util_platform.c.o
 .bss.m_cb      0x20000644       0x58 _build/nrf52832_xxaa_nrf_drv_gpiote.c.o
 .bss.m_cb      0x2000069c       0x28 _build/nrf52832_xxaa_nrf_drv_twi.c.o
 .bss.m_sm_semaphore
                0x200006c4        0x1 _build/nrf52832_xxaa_nrf_drv_twis.c.o
 *fill*         0x200006c5        0x3 
 .bss.m_var_inst
                0x200006c8        0xc _build/nrf52832_xxaa_nrf_drv_twis.c.o
 .bss.m_cb      0x200006d4       0x20 _build/nrf52832_xxaa_nrf_drv_uart.c.o
 .bss._acDownBuffer
                0x200006f4       0x10 _build/nrf52832_xxaa_SEGGER_RTT.c.o
 .bss._acUpBuffer
                0x20000704      0x200 _build/nrf52832_xxaa_SEGGER_RTT.c.o
 .bss.ORIENTATION_X
                0x20000904        0x1 _build/nrf52832_xxaa_main.c.o
                0x20000904                ORIENTATION_X
 *fill*         0x20000905        0x3 
 .bss.__malloc_sbrk_start
                0x20000908        0x4 c:/program files (x86)/gnu tools arm embedded/5.4 2016q3/bin/../lib/gcc/arm-none-eabi/5.4.1/../../../../arm-none-eabi/lib/armv7e-m/fpu\libc_nano.a(lib_a-nano-mallocr.o)
                0x20000908                __malloc_sbrk_start
 .bss.__malloc_free_list
                0x2000090c        0x4 c:/program files (x86)/gnu tools arm embedded/5.4 2016q3/bin/../lib/gcc/arm-none-eabi/5.4.1/../../../../arm-none-eabi/lib/armv7e-m/fpu\libc_nano.a(lib_a-nano-mallocr.o)
                0x2000090c                __malloc_free_list
 .bss.heap_end.4169
                0x20000910        0x4 c:/program files (x86)/gnu tools arm embedded/5.4 2016q3/bin/../lib/gcc/arm-none-eabi/5.4.1/../../../../arm-none-eabi/lib/armv7e-m/fpu\libnosys.a(sbrk.o)
 *(COMMON)
 COMMON         0x20000914       0x78 _build/nrf52832_xxaa_SEGGER_RTT.c.o
                0x20000914                _SEGGER_RTT
 COMMON         0x2000098c       0x6c _build/nrf52832_xxaa_main.c.o
                0x2000098c                Veml6075_settings
                0x20000994                Lis2de_settings
                0x200009b8                Lis3mdl_settings
                0x200009c8                calibration
                0x200009ec                BME280_settings
                0x200009f4                t_fine
 COMMON         0x200009f8        0x4 c:/program files (x86)/gnu tools arm embedded/5.4 2016q3/bin/../lib/gcc/arm-none-eabi/5.4.1/../../../../arm-none-eabi/lib/armv7e-m/fpu\libc_nano.a(lib_a-reent.o)
                0x200009f8                errno
                0x200009fc                . = ALIGN (0x4)
                0x200009fc                __bss_end__ = .

.heap           0x20000a00     0x2000
                0x20000a00                __HeapBase = .
                0x20000a00                __end__ = .
                0x20000a00                PROVIDE (end, .)
 *(.heap*)
 .heap          0x20000a00     0x2000 _build/nrf52832_xxaa_gcc_startup_nrf52.S.o
                0x20002a00                __HeapLimit = .

.stack_dummy    0x20000a00     0x2000
 *(.stack*)
 .stack         0x20000a00     0x2000 _build/nrf52832_xxaa_gcc_startup_nrf52.S.o
                0x20010000                __StackTop = (ORIGIN (RAM) + LENGTH (RAM))
                0x2000e000                __StackLimit = (__StackTop - SIZEOF (.stack_dummy))
                0x20010000                PROVIDE (__stack, __StackTop)
                0x00000001                ASSERT ((__StackLimit >= __HeapLimit), region RAM overflowed with stack)
OUTPUT(_build/nrf52832_xxaa.out elf32-littlearm)

.ARM.attributes
                0x00000000       0x30
 .ARM.attributes
                0x00000000       0x22 c:/program files (x86)/gnu tools arm embedded/5.4 2016q3/bin/../lib/gcc/arm-none-eabi/5.4.1/armv7e-m/fpu/crti.o
 .ARM.attributes
                0x00000022       0x34 c:/program files (x86)/gnu tools arm embedded/5.4 2016q3/bin/../lib/gcc/arm-none-eabi/5.4.1/armv7e-m/fpu/crtbegin.o
 .ARM.attributes
                0x00000056       0x20 c:/program files (x86)/gnu tools arm embedded/5.4 2016q3/bin/../lib/gcc/arm-none-eabi/5.4.1/../../../../arm-none-eabi/lib/armv7e-m/fpu/crt0.o
 .ARM.attributes
                0x00000076       0x34 c:/program files (x86)/gnu tools arm embedded/5.4 2016q3/bin/../lib/gcc/arm-none-eabi/5.4.1/../../../../arm-none-eabi/lib/armv7e-m/fpu\libc_nano.a(lib_a-exit.o)
 .ARM.attributes
                0x000000aa       0x34 c:/program files (x86)/gnu tools arm embedded/5.4 2016q3/bin/../lib/gcc/arm-none-eabi/5.4.1/../../../../arm-none-eabi/lib/armv7e-m/fpu\libc_nano.a(lib_a-impure.o)
 .ARM.attributes
                0x000000de       0x34 c:/program files (x86)/gnu tools arm embedded/5.4 2016q3/bin/../lib/gcc/arm-none-eabi/5.4.1/../../../../arm-none-eabi/lib/armv7e-m/fpu\libc_nano.a(lib_a-init.o)
 .ARM.attributes
                0x00000112       0x34 c:/program files (x86)/gnu tools arm embedded/5.4 2016q3/bin/../lib/gcc/arm-none-eabi/5.4.1/../../../../arm-none-eabi/lib/armv7e-m/fpu\libc_nano.a(lib_a-memset.o)
 .ARM.attributes
                0x00000146       0x34 c:/program files (x86)/gnu tools arm embedded/5.4 2016q3/bin/../lib/gcc/arm-none-eabi/5.4.1/../../../../arm-none-eabi/lib/armv7e-m/fpu\libnosys.a(_exit.o)
 .ARM.attributes
                0x0000017a       0x39 _build/nrf52832_xxaa_nrf_log_backend_serial.c.o
 .ARM.attributes
                0x000001b3       0x39 _build/nrf52832_xxaa_nrf_log_frontend.c.o
 .ARM.attributes
                0x000001ec       0x39 _build/nrf52832_xxaa_app_error.c.o
 .ARM.attributes
                0x00000225       0x39 _build/nrf52832_xxaa_app_error_weak.c.o
 .ARM.attributes
                0x0000025e       0x39 _build/nrf52832_xxaa_app_timer.c.o
 .ARM.attributes
                0x00000297       0x39 _build/nrf52832_xxaa_app_util_platform.c.o
 .ARM.attributes
                0x000002d0       0x39 _build/nrf52832_xxaa_nrf_assert.c.o
 .ARM.attributes
                0x00000309       0x39 _build/nrf52832_xxaa_boards.c.o
 .ARM.attributes
                0x00000342       0x39 _build/nrf52832_xxaa_nrf_drv_common.c.o
 .ARM.attributes
                0x0000037b       0x39 _build/nrf52832_xxaa_nrf_drv_gpiote.c.o
 .ARM.attributes
                0x000003b4       0x39 _build/nrf52832_xxaa_nrf_drv_twi.c.o
 .ARM.attributes
                0x000003ed       0x39 _build/nrf52832_xxaa_nrf_drv_twis.c.o
 .ARM.attributes
                0x00000426       0x39 _build/nrf52832_xxaa_nrf_drv_uart.c.o
 .ARM.attributes
                0x0000045f       0x39 _build/nrf52832_xxaa_SEGGER_RTT.c.o
 .ARM.attributes
                0x00000498       0x1c _build/nrf52832_xxaa_gcc_startup_nrf52.S.o
 .ARM.attributes
                0x000004b4       0x39 _build/nrf52832_xxaa_system_nrf52.c.o
 .ARM.attributes
                0x000004ed       0x39 _build/nrf52832_xxaa_main.c.o
 .ARM.attributes
                0x00000526       0x39 _build/nrf52832_xxaa_i2c_driver.c.o
 .ARM.attributes
                0x0000055f       0x39 _build/nrf52832_xxaa_lis2de.c.o
 .ARM.attributes
                0x00000598       0x34 c:/program files (x86)/gnu tools arm embedded/5.4 2016q3/bin/../lib/gcc/arm-none-eabi/5.4.1/../../../../arm-none-eabi/lib/armv7e-m/fpu\libc_nano.a(lib_a-locale.o)
 .ARM.attributes
                0x000005cc       0x34 c:/program files (x86)/gnu tools arm embedded/5.4 2016q3/bin/../lib/gcc/arm-none-eabi/5.4.1/../../../../arm-none-eabi/lib/armv7e-m/fpu\libc_nano.a(lib_a-mbtowc_r.o)
 .ARM.attributes
                0x00000600       0x34 c:/program files (x86)/gnu tools arm embedded/5.4 2016q3/bin/../lib/gcc/arm-none-eabi/5.4.1/../../../../arm-none-eabi/lib/armv7e-m/fpu\libc_nano.a(lib_a-memcpy-stub.o)
 .ARM.attributes
                0x00000634       0x34 c:/program files (x86)/gnu tools arm embedded/5.4 2016q3/bin/../lib/gcc/arm-none-eabi/5.4.1/../../../../arm-none-eabi/lib/armv7e-m/fpu\libc_nano.a(lib_a-snprintf.o)
 .ARM.attributes
                0x00000668       0x34 c:/program files (x86)/gnu tools arm embedded/5.4 2016q3/bin/../lib/gcc/arm-none-eabi/5.4.1/../../../../arm-none-eabi/lib/armv7e-m/fpu\libc_nano.a(lib_a-strcpy.o)
 .ARM.attributes
                0x0000069c       0x1b c:/program files (x86)/gnu tools arm embedded/5.4 2016q3/bin/../lib/gcc/arm-none-eabi/5.4.1/../../../../arm-none-eabi/lib/armv7e-m/fpu\libc_nano.a(lib_a-strlen.o)
 .ARM.attributes
                0x000006b7       0x34 c:/program files (x86)/gnu tools arm embedded/5.4 2016q3/bin/../lib/gcc/arm-none-eabi/5.4.1/../../../../arm-none-eabi/lib/armv7e-m/fpu\libc_nano.a(lib_a-wctomb_r.o)
 .ARM.attributes
                0x000006eb       0x34 c:/program files (x86)/gnu tools arm embedded/5.4 2016q3/bin/../lib/gcc/arm-none-eabi/5.4.1/../../../../arm-none-eabi/lib/armv7e-m/fpu\libc_nano.a(lib_a-ctype_.o)
 .ARM.attributes
                0x0000071f       0x34 c:/program files (x86)/gnu tools arm embedded/5.4 2016q3/bin/../lib/gcc/arm-none-eabi/5.4.1/../../../../arm-none-eabi/lib/armv7e-m/fpu\libc_nano.a(lib_a-nano-svfprintf.o)
 .ARM.attributes
                0x00000753       0x34 c:/program files (x86)/gnu tools arm embedded/5.4 2016q3/bin/../lib/gcc/arm-none-eabi/5.4.1/../../../../arm-none-eabi/lib/armv7e-m/fpu\libc_nano.a(lib_a-nano-vfprintf_i.o)
 .ARM.attributes
                0x00000787       0x20 c:/program files (x86)/gnu tools arm embedded/5.4 2016q3/bin/../lib/gcc/arm-none-eabi/5.4.1/../../../../arm-none-eabi/lib/armv7e-m/fpu\libc_nano.a(lib_a-memchr.o)
 .ARM.attributes
                0x000007a7       0x34 c:/program files (x86)/gnu tools arm embedded/5.4 2016q3/bin/../lib/gcc/arm-none-eabi/5.4.1/../../../../arm-none-eabi/lib/armv7e-m/fpu\libc_nano.a(lib_a-memmove.o)
 .ARM.attributes
                0x000007db       0x34 c:/program files (x86)/gnu tools arm embedded/5.4 2016q3/bin/../lib/gcc/arm-none-eabi/5.4.1/../../../../arm-none-eabi/lib/armv7e-m/fpu\libc_nano.a(lib_a-nano-freer.o)
 .ARM.attributes
                0x0000080f       0x34 c:/program files (x86)/gnu tools arm embedded/5.4 2016q3/bin/../lib/gcc/arm-none-eabi/5.4.1/../../../../arm-none-eabi/lib/armv7e-m/fpu\libc_nano.a(lib_a-nano-mallocr.o)
 .ARM.attributes
                0x00000843       0x34 c:/program files (x86)/gnu tools arm embedded/5.4 2016q3/bin/../lib/gcc/arm-none-eabi/5.4.1/../../../../arm-none-eabi/lib/armv7e-m/fpu\libc_nano.a(lib_a-nano-reallocr.o)
 .ARM.attributes
                0x00000877       0x34 c:/program files (x86)/gnu tools arm embedded/5.4 2016q3/bin/../lib/gcc/arm-none-eabi/5.4.1/../../../../arm-none-eabi/lib/armv7e-m/fpu\libc_nano.a(lib_a-sbrkr.o)
 .ARM.attributes
                0x000008ab       0x34 c:/program files (x86)/gnu tools arm embedded/5.4 2016q3/bin/../lib/gcc/arm-none-eabi/5.4.1/../../../../arm-none-eabi/lib/armv7e-m/fpu\libc_nano.a(lib_a-mlock.o)
 .ARM.attributes
                0x000008df       0x34 c:/program files (x86)/gnu tools arm embedded/5.4 2016q3/bin/../lib/gcc/arm-none-eabi/5.4.1/../../../../arm-none-eabi/lib/armv7e-m/fpu\libc_nano.a(lib_a-nano-msizer.o)
 .ARM.attributes
                0x00000913       0x34 c:/program files (x86)/gnu tools arm embedded/5.4 2016q3/bin/../lib/gcc/arm-none-eabi/5.4.1/../../../../arm-none-eabi/lib/armv7e-m/fpu\libc_nano.a(lib_a-reent.o)
 .ARM.attributes
                0x00000947       0x34 c:/program files (x86)/gnu tools arm embedded/5.4 2016q3/bin/../lib/gcc/arm-none-eabi/5.4.1/armv7e-m/fpu/crtend.o
 .ARM.attributes
                0x0000097b       0x22 c:/program files (x86)/gnu tools arm embedded/5.4 2016q3/bin/../lib/gcc/arm-none-eabi/5.4.1/armv7e-m/fpu/crtn.o
 .ARM.attributes
                0x0000099d       0x34 c:/program files (x86)/gnu tools arm embedded/5.4 2016q3/bin/../lib/gcc/arm-none-eabi/5.4.1/../../../../arm-none-eabi/lib/armv7e-m/fpu\libnosys.a(sbrk.o)

.comment        0x00000000       0x6e
 .comment       0x00000000       0x6e _build/nrf52832_xxaa_nrf_log_backend_serial.c.o
                                 0x6f (size before relaxing)
 .comment       0x0000006e       0x6f _build/nrf52832_xxaa_nrf_log_frontend.c.o
 .comment       0x0000006e       0x6f _build/nrf52832_xxaa_app_error.c.o
 .comment       0x0000006e       0x6f _build/nrf52832_xxaa_app_error_weak.c.o
 .comment       0x0000006e       0x6f _build/nrf52832_xxaa_app_timer.c.o
 .comment       0x0000006e       0x6f _build/nrf52832_xxaa_app_util_platform.c.o
 .comment       0x0000006e       0x6f _build/nrf52832_xxaa_nrf_assert.c.o
 .comment       0x0000006e       0x6f _build/nrf52832_xxaa_boards.c.o
 .comment       0x0000006e       0x6f _build/nrf52832_xxaa_nrf_drv_common.c.o
 .comment       0x0000006e       0x6f _build/nrf52832_xxaa_nrf_drv_gpiote.c.o
 .comment       0x0000006e       0x6f _build/nrf52832_xxaa_nrf_drv_twi.c.o
 .comment       0x0000006e       0x6f _build/nrf52832_xxaa_nrf_drv_twis.c.o
 .comment       0x0000006e       0x6f _build/nrf52832_xxaa_nrf_drv_uart.c.o
 .comment       0x0000006e       0x6f _build/nrf52832_xxaa_SEGGER_RTT.c.o
 .comment       0x0000006e       0x6f _build/nrf52832_xxaa_system_nrf52.c.o
 .comment       0x0000006e       0x6f _build/nrf52832_xxaa_main.c.o
 .comment       0x0000006e       0x6f _build/nrf52832_xxaa_i2c_driver.c.o
 .comment       0x0000006e       0x6f _build/nrf52832_xxaa_lis2de.c.o

.debug_frame    0x00000000     0x1a88
 .debug_frame   0x00000000       0x28 c:/program files (x86)/gnu tools arm embedded/5.4 2016q3/bin/../lib/gcc/arm-none-eabi/5.4.1/../../../../arm-none-eabi/lib/armv7e-m/fpu\libc_nano.a(lib_a-exit.o)
 .debug_frame   0x00000028       0x2c c:/program files (x86)/gnu tools arm embedded/5.4 2016q3/bin/../lib/gcc/arm-none-eabi/5.4.1/../../../../arm-none-eabi/lib/armv7e-m/fpu\libc_nano.a(lib_a-init.o)
 .debug_frame   0x00000054       0x20 c:/program files (x86)/gnu tools arm embedded/5.4 2016q3/bin/../lib/gcc/arm-none-eabi/5.4.1/../../../../arm-none-eabi/lib/armv7e-m/fpu\libc_nano.a(lib_a-memset.o)
 .debug_frame   0x00000074       0x20 c:/program files (x86)/gnu tools arm embedded/5.4 2016q3/bin/../lib/gcc/arm-none-eabi/5.4.1/../../../../arm-none-eabi/lib/armv7e-m/fpu\libnosys.a(_exit.o)
 .debug_frame   0x00000094       0xc4 _build/nrf52832_xxaa_nrf_log_backend_serial.c.o
 .debug_frame   0x00000158      0x2c4 _build/nrf52832_xxaa_nrf_log_frontend.c.o
 .debug_frame   0x0000041c       0x70 _build/nrf52832_xxaa_app_error.c.o
 .debug_frame   0x0000048c       0x28 _build/nrf52832_xxaa_app_error_weak.c.o
 .debug_frame   0x000004b4      0x114 _build/nrf52832_xxaa_app_timer.c.o
 .debug_frame   0x000005c8       0x60 _build/nrf52832_xxaa_app_util_platform.c.o
 .debug_frame   0x00000628       0x2c _build/nrf52832_xxaa_nrf_assert.c.o
 .debug_frame   0x00000654      0x13c _build/nrf52832_xxaa_boards.c.o
 .debug_frame   0x00000790       0x2c _build/nrf52832_xxaa_nrf_drv_common.c.o
 .debug_frame   0x000007bc      0x2d8 _build/nrf52832_xxaa_nrf_drv_gpiote.c.o
 .debug_frame   0x00000a94      0x1fc _build/nrf52832_xxaa_nrf_drv_twi.c.o
 .debug_frame   0x00000c90      0x1f8 _build/nrf52832_xxaa_nrf_drv_twis.c.o
 .debug_frame   0x00000e88      0x1a8 _build/nrf52832_xxaa_nrf_drv_uart.c.o
 .debug_frame   0x00001030      0x2d8 _build/nrf52832_xxaa_SEGGER_RTT.c.o
 .debug_frame   0x00001308       0x48 _build/nrf52832_xxaa_system_nrf52.c.o
 .debug_frame   0x00001350       0x94 _build/nrf52832_xxaa_main.c.o
 .debug_frame   0x000013e4       0xc4 _build/nrf52832_xxaa_i2c_driver.c.o
 .debug_frame   0x000014a8      0x16c _build/nrf52832_xxaa_lis2de.c.o
 .debug_frame   0x00001614       0x88 c:/program files (x86)/gnu tools arm embedded/5.4 2016q3/bin/../lib/gcc/arm-none-eabi/5.4.1/../../../../arm-none-eabi/lib/armv7e-m/fpu\libc_nano.a(lib_a-locale.o)
 .debug_frame   0x0000169c       0x44 c:/program files (x86)/gnu tools arm embedded/5.4 2016q3/bin/../lib/gcc/arm-none-eabi/5.4.1/../../../../arm-none-eabi/lib/armv7e-m/fpu\libc_nano.a(lib_a-mbtowc_r.o)
 .debug_frame   0x000016e0       0x28 c:/program files (x86)/gnu tools arm embedded/5.4 2016q3/bin/../lib/gcc/arm-none-eabi/5.4.1/../../../../arm-none-eabi/lib/armv7e-m/fpu\libc_nano.a(lib_a-memcpy-stub.o)
 .debug_frame   0x00001708       0x74 c:/program files (x86)/gnu tools arm embedded/5.4 2016q3/bin/../lib/gcc/arm-none-eabi/5.4.1/../../../../arm-none-eabi/lib/armv7e-m/fpu\libc_nano.a(lib_a-snprintf.o)
 .debug_frame   0x0000177c       0x20 c:/program files (x86)/gnu tools arm embedded/5.4 2016q3/bin/../lib/gcc/arm-none-eabi/5.4.1/../../../../arm-none-eabi/lib/armv7e-m/fpu\libc_nano.a(lib_a-strcpy.o)
 .debug_frame   0x0000179c       0x3c c:/program files (x86)/gnu tools arm embedded/5.4 2016q3/bin/../lib/gcc/arm-none-eabi/5.4.1/../../../../arm-none-eabi/lib/armv7e-m/fpu\libc_nano.a(lib_a-wctomb_r.o)
 .debug_frame   0x000017d8       0x90 c:/program files (x86)/gnu tools arm embedded/5.4 2016q3/bin/../lib/gcc/arm-none-eabi/5.4.1/../../../../arm-none-eabi/lib/armv7e-m/fpu\libc_nano.a(lib_a-nano-svfprintf.o)
 .debug_frame   0x00001868       0x60 c:/program files (x86)/gnu tools arm embedded/5.4 2016q3/bin/../lib/gcc/arm-none-eabi/5.4.1/../../../../arm-none-eabi/lib/armv7e-m/fpu\libc_nano.a(lib_a-nano-vfprintf_i.o)
 .debug_frame   0x000018c8       0x28 c:/program files (x86)/gnu tools arm embedded/5.4 2016q3/bin/../lib/gcc/arm-none-eabi/5.4.1/../../../../arm-none-eabi/lib/armv7e-m/fpu\libc_nano.a(lib_a-memmove.o)
 .debug_frame   0x000018f0       0x38 c:/program files (x86)/gnu tools arm embedded/5.4 2016q3/bin/../lib/gcc/arm-none-eabi/5.4.1/../../../../arm-none-eabi/lib/armv7e-m/fpu\libc_nano.a(lib_a-nano-freer.o)
 .debug_frame   0x00001928       0x2c c:/program files (x86)/gnu tools arm embedded/5.4 2016q3/bin/../lib/gcc/arm-none-eabi/5.4.1/../../../../arm-none-eabi/lib/armv7e-m/fpu\libc_nano.a(lib_a-nano-mallocr.o)
 .debug_frame   0x00001954       0x3c c:/program files (x86)/gnu tools arm embedded/5.4 2016q3/bin/../lib/gcc/arm-none-eabi/5.4.1/../../../../arm-none-eabi/lib/armv7e-m/fpu\libc_nano.a(lib_a-nano-reallocr.o)
 .debug_frame   0x00001990       0x2c c:/program files (x86)/gnu tools arm embedded/5.4 2016q3/bin/../lib/gcc/arm-none-eabi/5.4.1/../../../../arm-none-eabi/lib/armv7e-m/fpu\libc_nano.a(lib_a-sbrkr.o)
 .debug_frame   0x000019bc       0x30 c:/program files (x86)/gnu tools arm embedded/5.4 2016q3/bin/../lib/gcc/arm-none-eabi/5.4.1/../../../../arm-none-eabi/lib/armv7e-m/fpu\libc_nano.a(lib_a-mlock.o)
 .debug_frame   0x000019ec       0x20 c:/program files (x86)/gnu tools arm embedded/5.4 2016q3/bin/../lib/gcc/arm-none-eabi/5.4.1/../../../../arm-none-eabi/lib/armv7e-m/fpu\libc_nano.a(lib_a-nano-msizer.o)
 .debug_frame   0x00001a0c       0x5c c:/program files (x86)/gnu tools arm embedded/5.4 2016q3/bin/../lib/gcc/arm-none-eabi/5.4.1/../../../../arm-none-eabi/lib/armv7e-m/fpu\libc_nano.a(lib_a-reent.o)
 .debug_frame   0x00001a68       0x20 c:/program files (x86)/gnu tools arm embedded/5.4 2016q3/bin/../lib/gcc/arm-none-eabi/5.4.1/../../../../arm-none-eabi/lib/armv7e-m/fpu\libnosys.a(sbrk.o)

.debug_info     0x00000000    0x19666
 .debug_info    0x00000000      0xa97 _build/nrf52832_xxaa_nrf_log_backend_serial.c.o
 .debug_info    0x00000a97     0x14de _build/nrf52832_xxaa_nrf_log_frontend.c.o
 .debug_info    0x00001f75      0x34f _build/nrf52832_xxaa_app_error.c.o
 .debug_info    0x000022c4      0x3d0 _build/nrf52832_xxaa_app_error_weak.c.o
 .debug_info    0x00002694     0x1b6b _build/nrf52832_xxaa_app_timer.c.o
 .debug_info    0x000041ff      0x3b1 _build/nrf52832_xxaa_app_util_platform.c.o
 .debug_info    0x000045b0      0x187 _build/nrf52832_xxaa_nrf_assert.c.o
 .debug_info    0x00004737      0xe5c _build/nrf52832_xxaa_boards.c.o
 .debug_info    0x00005593      0x628 _build/nrf52832_xxaa_nrf_drv_common.c.o
 .debug_info    0x00005bbb     0x33ea _build/nrf52832_xxaa_nrf_drv_gpiote.c.o
 .debug_info    0x00008fa5     0x3638 _build/nrf52832_xxaa_nrf_drv_twi.c.o
 .debug_info    0x0000c5dd     0x31e2 _build/nrf52832_xxaa_nrf_drv_twis.c.o
 .debug_info    0x0000f7bf     0x4636 _build/nrf52832_xxaa_nrf_drv_uart.c.o
 .debug_info    0x00013df5     0x2353 _build/nrf52832_xxaa_SEGGER_RTT.c.o
 .debug_info    0x00016148      0xe06 _build/nrf52832_xxaa_system_nrf52.c.o
 .debug_info    0x00016f4e     0x102a _build/nrf52832_xxaa_main.c.o
 .debug_info    0x00017f78      0x8d6 _build/nrf52832_xxaa_i2c_driver.c.o
 .debug_info    0x0001884e      0xe18 _build/nrf52832_xxaa_lis2de.c.o

.debug_abbrev   0x00000000     0x3122
 .debug_abbrev  0x00000000      0x305 _build/nrf52832_xxaa_nrf_log_backend_serial.c.o
 .debug_abbrev  0x00000305      0x395 _build/nrf52832_xxaa_nrf_log_frontend.c.o
 .debug_abbrev  0x0000069a      0x13a _build/nrf52832_xxaa_app_error.c.o
 .debug_abbrev  0x000007d4      0x162 _build/nrf52832_xxaa_app_error_weak.c.o
 .debug_abbrev  0x00000936      0x407 _build/nrf52832_xxaa_app_timer.c.o
 .debug_abbrev  0x00000d3d      0x18a _build/nrf52832_xxaa_app_util_platform.c.o
 .debug_abbrev  0x00000ec7       0xde _build/nrf52832_xxaa_nrf_assert.c.o
 .debug_abbrev  0x00000fa5      0x2b5 _build/nrf52832_xxaa_boards.c.o
 .debug_abbrev  0x0000125a      0x1a3 _build/nrf52832_xxaa_nrf_drv_common.c.o
 .debug_abbrev  0x000013fd      0x453 _build/nrf52832_xxaa_nrf_drv_gpiote.c.o
 .debug_abbrev  0x00001850      0x46b _build/nrf52832_xxaa_nrf_drv_twi.c.o
 .debug_abbrev  0x00001cbb      0x40b _build/nrf52832_xxaa_nrf_drv_twis.c.o
 .debug_abbrev  0x000020c6      0x416 _build/nrf52832_xxaa_nrf_drv_uart.c.o
 .debug_abbrev  0x000024dc      0x2d3 _build/nrf52832_xxaa_SEGGER_RTT.c.o
 .debug_abbrev  0x000027af      0x1e7 _build/nrf52832_xxaa_system_nrf52.c.o
 .debug_abbrev  0x00002996      0x2dc _build/nrf52832_xxaa_main.c.o
 .debug_abbrev  0x00002c72      0x1d8 _build/nrf52832_xxaa_i2c_driver.c.o
 .debug_abbrev  0x00002e4a      0x2d8 _build/nrf52832_xxaa_lis2de.c.o

.debug_loc      0x00000000    0x12d66
 .debug_loc     0x00000000     0x105d _build/nrf52832_xxaa_nrf_log_backend_serial.c.o
 .debug_loc     0x0000105d     0x1e67 _build/nrf52832_xxaa_nrf_log_frontend.c.o
 .debug_loc     0x00002ec4      0x145 _build/nrf52832_xxaa_app_error.c.o
 .debug_loc     0x00003009       0x63 _build/nrf52832_xxaa_app_error_weak.c.o
 .debug_loc     0x0000306c      0xdee _build/nrf52832_xxaa_app_timer.c.o
 .debug_loc     0x00003e5a       0xa6 _build/nrf52832_xxaa_app_util_platform.c.o
 .debug_loc     0x00003f00       0x5a _build/nrf52832_xxaa_nrf_assert.c.o
 .debug_loc     0x00003f5a      0x985 _build/nrf52832_xxaa_boards.c.o
 .debug_loc     0x000048df       0xe0 _build/nrf52832_xxaa_nrf_drv_common.c.o
 .debug_loc     0x000049bf     0x280b _build/nrf52832_xxaa_nrf_drv_gpiote.c.o
 .debug_loc     0x000071ca     0x2c54 _build/nrf52832_xxaa_nrf_drv_twi.c.o
 .debug_loc     0x00009e1e     0x1f23 _build/nrf52832_xxaa_nrf_drv_twis.c.o
 .debug_loc     0x0000bd41     0x271f _build/nrf52832_xxaa_nrf_drv_uart.c.o
 .debug_loc     0x0000e460     0x3a16 _build/nrf52832_xxaa_SEGGER_RTT.c.o
 .debug_loc     0x00011e76      0x4f7 _build/nrf52832_xxaa_main.c.o
 .debug_loc     0x0001236d      0x2e3 _build/nrf52832_xxaa_i2c_driver.c.o
 .debug_loc     0x00012650      0x716 _build/nrf52832_xxaa_lis2de.c.o

.debug_aranges  0x00000000      0x6a8
 .debug_aranges
                0x00000000       0x48 _build/nrf52832_xxaa_nrf_log_backend_serial.c.o
 .debug_aranges
                0x00000048       0x98 _build/nrf52832_xxaa_nrf_log_frontend.c.o
 .debug_aranges
                0x000000e0       0x30 _build/nrf52832_xxaa_app_error.c.o
 .debug_aranges
                0x00000110       0x20 _build/nrf52832_xxaa_app_error_weak.c.o
 .debug_aranges
                0x00000130       0x60 _build/nrf52832_xxaa_app_timer.c.o
 .debug_aranges
                0x00000190       0x38 _build/nrf52832_xxaa_app_util_platform.c.o
 .debug_aranges
                0x000001c8       0x20 _build/nrf52832_xxaa_nrf_assert.c.o
 .debug_aranges
                0x000001e8       0x80 _build/nrf52832_xxaa_boards.c.o
 .debug_aranges
                0x00000268       0x20 _build/nrf52832_xxaa_nrf_drv_common.c.o
 .debug_aranges
                0x00000288       0xd8 _build/nrf52832_xxaa_nrf_drv_gpiote.c.o
 .debug_aranges
                0x00000360       0x80 _build/nrf52832_xxaa_nrf_drv_twi.c.o
 .debug_aranges
                0x000003e0       0x98 _build/nrf52832_xxaa_nrf_drv_twis.c.o
 .debug_aranges
                0x00000478       0x70 _build/nrf52832_xxaa_nrf_drv_uart.c.o
 .debug_aranges
                0x000004e8       0xa0 _build/nrf52832_xxaa_SEGGER_RTT.c.o
 .debug_aranges
                0x00000588       0x28 _build/nrf52832_xxaa_system_nrf52.c.o
 .debug_aranges
                0x000005b0       0x40 _build/nrf52832_xxaa_main.c.o
 .debug_aranges
                0x000005f0       0x38 _build/nrf52832_xxaa_i2c_driver.c.o
 .debug_aranges
                0x00000628       0x80 _build/nrf52832_xxaa_lis2de.c.o

.debug_ranges   0x00000000     0x3ad0
 .debug_ranges  0x00000000      0x108 _build/nrf52832_xxaa_nrf_log_backend_serial.c.o
 .debug_ranges  0x00000108      0x240 _build/nrf52832_xxaa_nrf_log_frontend.c.o
 .debug_ranges  0x00000348       0x20 _build/nrf52832_xxaa_app_error.c.o
 .debug_ranges  0x00000368       0x10 _build/nrf52832_xxaa_app_error_weak.c.o
 .debug_ranges  0x00000378      0x448 _build/nrf52832_xxaa_app_timer.c.o
 .debug_ranges  0x000007c0       0x58 _build/nrf52832_xxaa_app_util_platform.c.o
 .debug_ranges  0x00000818       0x10 _build/nrf52832_xxaa_nrf_assert.c.o
 .debug_ranges  0x00000828      0x100 _build/nrf52832_xxaa_boards.c.o
 .debug_ranges  0x00000928       0x28 _build/nrf52832_xxaa_nrf_drv_common.c.o
 .debug_ranges  0x00000950      0xd00 _build/nrf52832_xxaa_nrf_drv_gpiote.c.o
 .debug_ranges  0x00001650      0x820 _build/nrf52832_xxaa_nrf_drv_twi.c.o
 .debug_ranges  0x00001e70      0xb18 _build/nrf52832_xxaa_nrf_drv_twis.c.o
 .debug_ranges  0x00002988      0x9d8 _build/nrf52832_xxaa_nrf_drv_uart.c.o
 .debug_ranges  0x00003360      0x4c8 _build/nrf52832_xxaa_SEGGER_RTT.c.o
 .debug_ranges  0x00003828      0x108 _build/nrf52832_xxaa_system_nrf52.c.o
 .debug_ranges  0x00003930       0x98 _build/nrf52832_xxaa_main.c.o
 .debug_ranges  0x000039c8       0x28 _build/nrf52832_xxaa_i2c_driver.c.o
 .debug_ranges  0x000039f0       0xe0 _build/nrf52832_xxaa_lis2de.c.o

.debug_macro    0x00000000    0x15f10
 .debug_macro   0x00000000      0x2f4 _build/nrf52832_xxaa_nrf_log_backend_serial.c.o
 .debug_macro   0x000002f4      0x8da _build/nrf52832_xxaa_nrf_log_backend_serial.c.o
 .debug_macro   0x00000bce       0x22 _build/nrf52832_xxaa_nrf_log_backend_serial.c.o
 .debug_macro   0x00000bf0       0x4f _build/nrf52832_xxaa_nrf_log_backend_serial.c.o
 .debug_macro   0x00000c3f       0x44 _build/nrf52832_xxaa_nrf_log_backend_serial.c.o
 .debug_macro   0x00000c83       0xfd _build/nrf52832_xxaa_nrf_log_backend_serial.c.o
 .debug_macro   0x00000d80       0x5e _build/nrf52832_xxaa_nrf_log_backend_serial.c.o
 .debug_macro   0x00000dde      0x1df _build/nrf52832_xxaa_nrf_log_backend_serial.c.o
 .debug_macro   0x00000fbd       0x22 _build/nrf52832_xxaa_nrf_log_backend_serial.c.o
 .debug_macro   0x00000fdf       0x52 _build/nrf52832_xxaa_nrf_log_backend_serial.c.o
 .debug_macro   0x00001031       0x35 _build/nrf52832_xxaa_nrf_log_backend_serial.c.o
 .debug_macro   0x00001066       0x9c _build/nrf52832_xxaa_nrf_log_backend_serial.c.o
 .debug_macro   0x00001102      0x16d _build/nrf52832_xxaa_nrf_log_backend_serial.c.o
 .debug_macro   0x0000126f       0x52 _build/nrf52832_xxaa_nrf_log_backend_serial.c.o
 .debug_macro   0x000012c1       0x1f _build/nrf52832_xxaa_nrf_log_backend_serial.c.o
 .debug_macro   0x000012e0       0x43 _build/nrf52832_xxaa_nrf_log_backend_serial.c.o
 .debug_macro   0x00001323       0x20 _build/nrf52832_xxaa_nrf_log_backend_serial.c.o
 .debug_macro   0x00001343      0x187 _build/nrf52832_xxaa_nrf_log_backend_serial.c.o
 .debug_macro   0x000014ca      0x330 _build/nrf52832_xxaa_nrf_log_backend_serial.c.o
 .debug_macro   0x000017fa       0x10 _build/nrf52832_xxaa_nrf_log_backend_serial.c.o
 .debug_macro   0x0000180a       0x35 _build/nrf52832_xxaa_nrf_log_backend_serial.c.o
 .debug_macro   0x0000183f      0x19b _build/nrf52832_xxaa_nrf_log_backend_serial.c.o
 .debug_macro   0x000019da      0x167 _build/nrf52832_xxaa_nrf_log_backend_serial.c.o
 .debug_macro   0x00001b41       0x2e _build/nrf52832_xxaa_nrf_log_backend_serial.c.o
 .debug_macro   0x00001b6f       0x22 _build/nrf52832_xxaa_nrf_log_backend_serial.c.o
 .debug_macro   0x00001b91       0x8e _build/nrf52832_xxaa_nrf_log_backend_serial.c.o
 .debug_macro   0x00001c1f       0x9d _build/nrf52832_xxaa_nrf_log_backend_serial.c.o
 .debug_macro   0x00001cbc       0x28 _build/nrf52832_xxaa_nrf_log_backend_serial.c.o
 .debug_macro   0x00001ce4       0x2d _build/nrf52832_xxaa_nrf_log_backend_serial.c.o
 .debug_macro   0x00001d11       0x3b _build/nrf52832_xxaa_nrf_log_backend_serial.c.o
 .debug_macro   0x00001d4c       0x50 _build/nrf52832_xxaa_nrf_log_backend_serial.c.o
 .debug_macro   0x00001d9c      0xe66 _build/nrf52832_xxaa_nrf_log_backend_serial.c.o
 .debug_macro   0x00002c02      0x392 _build/nrf52832_xxaa_nrf_log_backend_serial.c.o
 .debug_macro   0x00002f94     0xcc76 _build/nrf52832_xxaa_nrf_log_backend_serial.c.o
 .debug_macro   0x0000fc0a     0x130f _build/nrf52832_xxaa_nrf_log_backend_serial.c.o
 .debug_macro   0x00010f19       0x82 _build/nrf52832_xxaa_nrf_log_backend_serial.c.o
 .debug_macro   0x00010f9b      0x394 _build/nrf52832_xxaa_nrf_log_backend_serial.c.o
 .debug_macro   0x0001132f       0x49 _build/nrf52832_xxaa_nrf_log_backend_serial.c.o
 .debug_macro   0x00011378       0x1c _build/nrf52832_xxaa_nrf_log_backend_serial.c.o
 .debug_macro   0x00011394       0x10 _build/nrf52832_xxaa_nrf_log_backend_serial.c.o
 .debug_macro   0x000113a4       0x10 _build/nrf52832_xxaa_nrf_log_backend_serial.c.o
 .debug_macro   0x000113b4       0xb6 _build/nrf52832_xxaa_nrf_log_backend_serial.c.o
 .debug_macro   0x0001146a       0x16 _build/nrf52832_xxaa_nrf_log_backend_serial.c.o
 .debug_macro   0x00011480      0x145 _build/nrf52832_xxaa_nrf_log_backend_serial.c.o
 .debug_macro   0x000115c5       0x2b _build/nrf52832_xxaa_nrf_log_backend_serial.c.o
 .debug_macro   0x000115f0       0x10 _build/nrf52832_xxaa_nrf_log_backend_serial.c.o
 .debug_macro   0x00011600       0x74 _build/nrf52832_xxaa_nrf_log_backend_serial.c.o
 .debug_macro   0x00011674       0x28 _build/nrf52832_xxaa_nrf_log_backend_serial.c.o
 .debug_macro   0x0001169c       0x22 _build/nrf52832_xxaa_nrf_log_backend_serial.c.o
 .debug_macro   0x000116be       0x52 _build/nrf52832_xxaa_nrf_log_backend_serial.c.o
 .debug_macro   0x00011710       0x9c _build/nrf52832_xxaa_nrf_log_backend_serial.c.o
 .debug_macro   0x000117ac       0x3a _build/nrf52832_xxaa_nrf_log_backend_serial.c.o
 .debug_macro   0x000117e6      0x114 _build/nrf52832_xxaa_nrf_log_backend_serial.c.o
 .debug_macro   0x000118fa      0x2f8 _build/nrf52832_xxaa_nrf_log_frontend.c.o
 .debug_macro   0x00011bf2       0x22 _build/nrf52832_xxaa_nrf_log_frontend.c.o
 .debug_macro   0x00011c14      0x166 _build/nrf52832_xxaa_nrf_log_frontend.c.o
 .debug_macro   0x00011d7a       0x59 _build/nrf52832_xxaa_nrf_log_frontend.c.o
 .debug_macro   0x00011dd3       0x2e _build/nrf52832_xxaa_nrf_log_frontend.c.o
 .debug_macro   0x00011e01      0x2b9 _build/nrf52832_xxaa_app_error.c.o
 .debug_macro   0x000120ba       0x35 _build/nrf52832_xxaa_app_error.c.o
 .debug_macro   0x000120ef       0x22 _build/nrf52832_xxaa_app_error.c.o
 .debug_macro   0x00012111       0x16 _build/nrf52832_xxaa_app_error.c.o
 .debug_macro   0x00012127       0x97 _build/nrf52832_xxaa_app_error.c.o
 .debug_macro   0x000121be       0xf6 _build/nrf52832_xxaa_app_error.c.o
 .debug_macro   0x000122b4       0x16 _build/nrf52832_xxaa_app_error.c.o
 .debug_macro   0x000122ca      0x39a _build/nrf52832_xxaa_app_error.c.o
 .debug_macro   0x00012664      0x160 _build/nrf52832_xxaa_app_error.c.o
 .debug_macro   0x000127c4       0x16 _build/nrf52832_xxaa_app_error.c.o
 .debug_macro   0x000127da      0x2b9 _build/nrf52832_xxaa_app_error_weak.c.o
 .debug_macro   0x00012a93       0x1c _build/nrf52832_xxaa_app_error_weak.c.o
 .debug_macro   0x00012aaf      0x307 _build/nrf52832_xxaa_app_timer.c.o
 .debug_macro   0x00012db6       0x10 _build/nrf52832_xxaa_app_timer.c.o
 .debug_macro   0x00012dc6      0x23a _build/nrf52832_xxaa_app_util_platform.c.o
 .debug_macro   0x00013000      0x227 _build/nrf52832_xxaa_nrf_assert.c.o
 .debug_macro   0x00013227      0x292 _build/nrf52832_xxaa_boards.c.o
 .debug_macro   0x000134b9      0x24d _build/nrf52832_xxaa_boards.c.o
 .debug_macro   0x00013706      0x115 _build/nrf52832_xxaa_boards.c.o
 .debug_macro   0x0001381b      0x2a4 _build/nrf52832_xxaa_nrf_drv_common.c.o
 .debug_macro   0x00013abf       0x22 _build/nrf52832_xxaa_nrf_drv_common.c.o
 .debug_macro   0x00013ae1      0x386 _build/nrf52832_xxaa_nrf_drv_gpiote.c.o
 .debug_macro   0x00013e67       0x28 _build/nrf52832_xxaa_nrf_drv_gpiote.c.o
 .debug_macro   0x00013e8f       0x16 _build/nrf52832_xxaa_nrf_drv_gpiote.c.o
 .debug_macro   0x00013ea5       0x16 _build/nrf52832_xxaa_nrf_drv_gpiote.c.o
 .debug_macro   0x00013ebb      0x3bc _build/nrf52832_xxaa_nrf_drv_twi.c.o
 .debug_macro   0x00014277       0x62 _build/nrf52832_xxaa_nrf_drv_twi.c.o
 .debug_macro   0x000142d9      0x37b _build/nrf52832_xxaa_nrf_drv_twis.c.o
 .debug_macro   0x00014654       0x27 _build/nrf52832_xxaa_nrf_drv_twis.c.o
 .debug_macro   0x0001467b      0x373 _build/nrf52832_xxaa_nrf_drv_uart.c.o
 .debug_macro   0x000149ee      0x282 _build/nrf52832_xxaa_SEGGER_RTT.c.o
 .debug_macro   0x00014c70       0x34 _build/nrf52832_xxaa_SEGGER_RTT.c.o
 .debug_macro   0x00014ca4       0xf5 _build/nrf52832_xxaa_system_nrf52.c.o
 .debug_macro   0x00014d99      0x3ce _build/nrf52832_xxaa_main.c.o
 .debug_macro   0x00015167       0x4c _build/nrf52832_xxaa_main.c.o
 .debug_macro   0x000151b3       0x22 _build/nrf52832_xxaa_main.c.o
 .debug_macro   0x000151d5       0x88 _build/nrf52832_xxaa_main.c.o
 .debug_macro   0x0001525d       0xe8 _build/nrf52832_xxaa_main.c.o
 .debug_macro   0x00015345       0x34 _build/nrf52832_xxaa_main.c.o
 .debug_macro   0x00015379      0x22c _build/nrf52832_xxaa_main.c.o
 .debug_macro   0x000155a5       0x3a _build/nrf52832_xxaa_main.c.o
 .debug_macro   0x000155df      0x12a _build/nrf52832_xxaa_main.c.o
 .debug_macro   0x00015709       0x10 _build/nrf52832_xxaa_main.c.o
 .debug_macro   0x00015719      0x386 _build/nrf52832_xxaa_i2c_driver.c.o
 .debug_macro   0x00015a9f      0x395 _build/nrf52832_xxaa_lis2de.c.o
 .debug_macro   0x00015e34       0xdc _build/nrf52832_xxaa_lis2de.c.o

.debug_line     0x00000000     0xc032
 .debug_line    0x00000000      0x881 _build/nrf52832_xxaa_nrf_log_backend_serial.c.o
 .debug_line    0x00000881      0xaf9 _build/nrf52832_xxaa_nrf_log_frontend.c.o
 .debug_line    0x0000137a      0x6e0 _build/nrf52832_xxaa_app_error.c.o
 .debug_line    0x00001a5a      0x6ba _build/nrf52832_xxaa_app_error_weak.c.o
 .debug_line    0x00002114      0xafb _build/nrf52832_xxaa_app_timer.c.o
 .debug_line    0x00002c0f      0x5f6 _build/nrf52832_xxaa_app_util_platform.c.o
 .debug_line    0x00003205      0x552 _build/nrf52832_xxaa_nrf_assert.c.o
 .debug_line    0x00003757      0x7fc _build/nrf52832_xxaa_boards.c.o
 .debug_line    0x00003f53      0x6ac _build/nrf52832_xxaa_nrf_drv_common.c.o
 .debug_line    0x000045ff     0x1570 _build/nrf52832_xxaa_nrf_drv_gpiote.c.o
 .debug_line    0x00005b6f     0x1088 _build/nrf52832_xxaa_nrf_drv_twi.c.o
 .debug_line    0x00006bf7      0xeed _build/nrf52832_xxaa_nrf_drv_twis.c.o
 .debug_line    0x00007ae4     0x1275 _build/nrf52832_xxaa_nrf_drv_uart.c.o
 .debug_line    0x00008d59      0xf91 _build/nrf52832_xxaa_SEGGER_RTT.c.o
 .debug_line    0x00009cea      0x4b9 _build/nrf52832_xxaa_system_nrf52.c.o
 .debug_line    0x0000a1a3      0xa7a _build/nrf52832_xxaa_main.c.o
 .debug_line    0x0000ac1d      0x9c0 _build/nrf52832_xxaa_i2c_driver.c.o
 .debug_line    0x0000b5dd      0xa55 _build/nrf52832_xxaa_lis2de.c.o

.debug_str      0x00000000    0x6ff3c
 .debug_str     0x00000000    0x63e43 _build/nrf52832_xxaa_nrf_log_backend_serial.c.o
                              0x649bf (size before relaxing)
 .debug_str     0x00063e43     0x1c9a _build/nrf52832_xxaa_nrf_log_frontend.c.o
                              0x65710 (size before relaxing)
 .debug_str     0x00065add      0x132 _build/nrf52832_xxaa_app_error.c.o
                              0x6505f (size before relaxing)
 .debug_str     0x00065c0f      0x114 _build/nrf52832_xxaa_app_error_weak.c.o
                              0x6505c (size before relaxing)
 .debug_str     0x00065d23      0xfbf _build/nrf52832_xxaa_app_timer.c.o
                              0x647aa (size before relaxing)
 .debug_str     0x00066ce2      0x127 _build/nrf52832_xxaa_app_util_platform.c.o
                              0x60309 (size before relaxing)
 .debug_str     0x00066e09       0x4e _build/nrf52832_xxaa_nrf_assert.c.o
                              0x60006 (size before relaxing)
 .debug_str     0x00066e57     0x1a2e _build/nrf52832_xxaa_boards.c.o
                              0x61aa6 (size before relaxing)
 .debug_str     0x00068885      0x1cc _build/nrf52832_xxaa_nrf_drv_common.c.o
                              0x64143 (size before relaxing)
 .debug_str     0x00068a51     0x1663 _build/nrf52832_xxaa_nrf_drv_gpiote.c.o
                              0x67478 (size before relaxing)
 .debug_str     0x0006a0b4     0x1520 _build/nrf52832_xxaa_nrf_drv_twi.c.o
                              0x672a7 (size before relaxing)
 .debug_str     0x0006b5d4      0xdea _build/nrf52832_xxaa_nrf_drv_twis.c.o
                              0x66dca (size before relaxing)
 .debug_str     0x0006c3be     0x16c5 _build/nrf52832_xxaa_nrf_drv_uart.c.o
                              0x67769 (size before relaxing)
 .debug_str     0x0006da83      0x3bd _build/nrf52832_xxaa_SEGGER_RTT.c.o
                              0x60ce5 (size before relaxing)
 .debug_str     0x0006de40      0x366 _build/nrf52832_xxaa_system_nrf52.c.o
                              0x5ba74 (size before relaxing)
 .debug_str     0x0006e1a6     0x1bdf _build/nrf52832_xxaa_main.c.o
                              0x68f1d (size before relaxing)
 .debug_str     0x0006fd85       0x83 _build/nrf52832_xxaa_i2c_driver.c.o
                              0x6768f (size before relaxing)
 .debug_str     0x0006fe08      0x134 _build/nrf52832_xxaa_lis2de.c.o
                              0x676d6 (size before relaxing)
